
 Start                 Length     Name                   Class
 0001:0000000140001000 00B84A28H .text                   CODE
 0002:0000000140B86000 000FFF30H .data                   DATA
 0003:0000000140C86000 0004D114H .bss                    BSS
 0004:0000000140000000 00000420H .tls                    TLS
 0005:0000000140D5D000 0009A41CH .pdata                  PDATA


Detailed map of segments

 0001:00000000 0001BE8C C=CODE     S=.text    G=(none)   M=System   ALIGN=4
 0001:0001BE8C 00001854 C=CODE     S=.text    G=(none)   M=SysInit  ALIGN=4
 0001:0001D6E0 000041B0 C=CODE     S=.text    G=(none)   M=System.Types ALIGN=4
 0001:00021890 00000C90 C=CODE     S=.text    G=(none)   M=System.UITypes ALIGN=4
 0001:00022520 00000060 C=CODE     S=.text    G=(none)   M=Winapi.Windows.PkgHelper ALIGN=4
 0001:00022580 00004360 C=CODE     S=.text    G=(none)   M=Winapi.Windows ALIGN=4
 0001:000268E0 00000810 C=CODE     S=.text    G=(none)   M=System.SysConst ALIGN=4
 0001:000270F0 00000020 C=CODE     S=.text    G=(none)   M=Winapi.ImageHlp ALIGN=4
 0001:00027110 00000030 C=CODE     S=.text    G=(none)   M=Winapi.SHFolder ALIGN=4
 0001:00027140 000002C0 C=CODE     S=.text    G=(none)   M=Winapi.PsAPI ALIGN=4
 0001:00027400 00000A10 C=CODE     S=.text    G=(none)   M=System.RTLConsts ALIGN=4
 0001:00027E10 00006BB0 C=CODE     S=.text    G=(none)   M=System.Character ALIGN=4
 0001:0002E9C0 000004F4 C=CODE     S=.text    G=(none)   M=System.Internal.ExcUtils ALIGN=4
 0001:0002EEB4 0002B0DC C=CODE     S=.text    G=(none)   M=System.SysUtils ALIGN=4
 0001:00059F90 00000B20 C=CODE     S=.text    G=(none)   M=System.VarUtils ALIGN=4
 0001:0005AAB0 00010BCC C=CODE     S=.text    G=(none)   M=System.Variants ALIGN=4
 0001:0006B67C 0000B0F0 C=CODE     S=.text    G=(none)   M=System.TypInfo ALIGN=4
 0001:0007676C 00000594 C=CODE     S=.text    G=(none)   M=Winapi.Messages ALIGN=4
 0001:00076D00 00000B00 C=CODE     S=.text    G=(none)   M=Winapi.ActiveX ALIGN=4
 0001:00077800 00001330 C=CODE     S=.text    G=(none)   M=System.Math ALIGN=4
 0001:00078B30 000023F0 C=CODE     S=.text    G=(none)   M=System.TimeSpan ALIGN=4
 0001:0007AF20 00000380 C=CODE     S=.text    G=(none)   M=System.Diagnostics ALIGN=4
 0001:0007B2A0 00003EE0 C=CODE     S=.text    G=(none)   M=System.SyncObjs ALIGN=4
 0001:0007F180 0005FE9C C=CODE     S=.text    G=(none)   M=System.Rtti ALIGN=4
 0001:000DF01C 0009BCF0 C=CODE     S=.text    G=(none)   M=System.Classes ALIGN=4
 0001:0017AD0C 00000054 C=CODE     S=.text    G=(none)   M=System.Hash ALIGN=4
 0001:0017AD60 00003140 C=CODE     S=.text    G=(none)   M=System.Generics.Defaults ALIGN=4
 0001:0017DEA0 00005C10 C=CODE     S=.text    G=(none)   M=System.Generics.Collections ALIGN=4
 0001:00183AB0 0001B48C C=CODE     S=.text    G=(none)   M=System.Messaging ALIGN=4
 0001:0019EF3C 000090B0 C=CODE     S=.text    G=(none)   M=System.Actions ALIGN=4
 0001:001A7FEC 00000194 C=CODE     S=.text    G=(none)   M=Winapi.Wincodec ALIGN=4
 0001:001A8180 000009A0 C=CODE     S=.text    G=(none)   M=Winapi.CommCtrl ALIGN=4
 0001:001A8B20 00000020 C=CODE     S=.text    G=(none)   M=Winapi.Qos ALIGN=4
 0001:001A8B40 00000020 C=CODE     S=.text    G=(none)   M=Winapi.Winsock2 ALIGN=4
 0001:001A8B60 00000020 C=CODE     S=.text    G=(none)   M=Winapi.IpExport ALIGN=4
 0001:001A8B80 00000340 C=CODE     S=.text    G=(none)   M=Winapi.ShellAPI ALIGN=4
 0001:001A8EC0 00000020 C=CODE     S=.text    G=(none)   M=Winapi.RegStr ALIGN=4
 0001:001A8EE0 00000020 C=CODE     S=.text    G=(none)   M=Winapi.WinInet ALIGN=4
 0001:001A8F00 00000020 C=CODE     S=.text    G=(none)   M=Winapi.UrlMon ALIGN=4
 0001:001A8F20 00000020 C=CODE     S=.text    G=(none)   M=Winapi.ObjectArray ALIGN=4
 0001:001A8F40 00000020 C=CODE     S=.text    G=(none)   M=Winapi.StructuredQueryCondition ALIGN=4
 0001:001A8F60 00000020 C=CODE     S=.text    G=(none)   M=Winapi.PropSys ALIGN=4
 0001:001A8F80 00000420 C=CODE     S=.text    G=(none)   M=Winapi.MSXMLIntf ALIGN=4
 0001:001A93A0 000004A0 C=CODE     S=.text    G=(none)   M=Winapi.ShlObj ALIGN=4
 0001:001A9840 00000020 C=CODE     S=.text    G=(none)   M=Winapi.KnownFolders ALIGN=4
 0001:001A9860 00001210 C=CODE     S=.text    G=(none)   M=System.Masks ALIGN=4
 0001:001AAA70 00000750 C=CODE     S=.text    G=(none)   M=System.StrUtils ALIGN=4
 0001:001AB1C0 0000959C C=CODE     S=.text    G=(none)   M=System.DateUtils ALIGN=4
 0001:001B475C 00003844 C=CODE     S=.text    G=(none)   M=System.IOUtils ALIGN=4
 0001:001B7FA0 0000AC84 C=CODE     S=.text    G=(none)   M=System.IniFiles ALIGN=4
 0001:001C2C24 0000837C C=CODE     S=.text    G=(none)   M=System.Win.Registry ALIGN=4
 0001:001CAFA0 00003DD4 C=CODE     S=.text    G=(none)   M=System.UIConsts ALIGN=4
 0001:001CED74 00000ABC C=CODE     S=.text    G=(none)   M=Vcl.Consts ALIGN=4
 0001:001CF830 0002354C C=CODE     S=.text    G=(none)   M=Vcl.Graphics ALIGN=4
 0001:001F2D7C 00001094 C=CODE     S=.text    G=(none)   M=System.Contnrs ALIGN=4
 0001:001F3E10 00004EAC C=CODE     S=.text    G=(none)   M=System.ImageList ALIGN=4
 0001:001F8CBC 00001264 C=CODE     S=.text    G=(none)   M=Winapi.UxTheme ALIGN=4
 0001:001F9F20 00000070 C=CODE     S=.text    G=(none)   M=Winapi.MultiMon ALIGN=4
 0001:001F9F90 00000090 C=CODE     S=.text    G=(none)   M=Winapi.UIAutomation ALIGN=4
 0001:001FA020 000001D0 C=CODE     S=.text    G=(none)   M=Winapi.Imm ALIGN=4
 0001:001FA1F0 00002018 C=CODE     S=.text    G=(none)   M=Vcl.ActnList ALIGN=4
 0001:001FC208 00000028 C=CODE     S=.text    G=(none)   M=Winapi.TpcShrd ALIGN=4
 0001:001FC230 00000120 C=CODE     S=.text    G=(none)   M=Winapi.MsCTF.PkgHelper ALIGN=4
 0001:001FC350 000020C8 C=CODE     S=.text    G=(none)   M=System.AnsiStrings ALIGN=4
 0001:001FE418 00000068 C=CODE     S=.text    G=(none)   M=System.Win.ComConst ALIGN=4
 0001:001FE480 00001F00 C=CODE     S=.text    G=(none)   M=System.Win.ComObj ALIGN=4
 0001:00200380 000000C0 C=CODE     S=.text    G=(none)   M=Winapi.MsCTF ALIGN=4
 0001:00200440 00000170 C=CODE     S=.text    G=(none)   M=Winapi.Dwmapi ALIGN=4
 0001:002005B0 000001A0 C=CODE     S=.text    G=(none)   M=System.Win.Crtl ALIGN=4
 0001:00200750 0000ED50 C=CODE     S=.text    G=(none)   M=System.ZLib ALIGN=4
 0001:0020F4A0 00001714 C=CODE     S=.text    G=(none)   M=Vcl.GraphUtil ALIGN=4
 0001:00210BB4 0000002C C=CODE     S=.text    G=(none)   M=Winapi.MsInkAut ALIGN=4
 0001:00210BE0 00000020 C=CODE     S=.text    G=(none)   M=Winapi.PenInputPanel ALIGN=4
 0001:00210C00 0003AE3C C=CODE     S=.text    G=(none)   M=Vcl.Controls ALIGN=4
 0001:0024BA3C 00034374 C=CODE     S=.text    G=(none)   M=Vcl.StdCtrls ALIGN=4
 0001:0027FDB0 00001700 C=CODE     S=.text    G=(none)   M=System.MaskUtils ALIGN=4
 0001:002814B0 00001898 C=CODE     S=.text    G=(none)   M=Vcl.Clipbrd ALIGN=4
 0001:00282D48 00003C98 C=CODE     S=.text    G=(none)   M=Vcl.Mask ALIGN=4
 0001:002869E0 00000500 C=CODE     S=.text    G=(none)   M=Winapi.CommDlg ALIGN=4
 0001:00286EE0 00000070 C=CODE     S=.text    G=(none)   M=Winapi.WinSpool ALIGN=4
 0001:00286F50 00003280 C=CODE     S=.text    G=(none)   M=Vcl.Printers ALIGN=4
 0001:0028A1D0 00000070 C=CODE     S=.text    G=(none)   M=Winapi.RichEdit ALIGN=4
 0001:0028A240 00000020 C=CODE     S=.text    G=(none)   M=Vcl.ToolWin ALIGN=4
 0001:0028A260 00004100 C=CODE     S=.text    G=(none)   M=Vcl.ListActns ALIGN=4
 0001:0028E360 000000C0 C=CODE     S=.text    G=(none)   M=Vcl.ComStrs ALIGN=4
 0001:0028E420 00005240 C=CODE     S=.text    G=(none)   M=Vcl.StdActns ALIGN=4
 0001:00293660 0003F364 C=CODE     S=.text    G=(none)   M=Vcl.ComCtrls ALIGN=4
 0001:002D29C4 0000008C C=CODE     S=.text    G=(none)   M=System.WideStrUtils ALIGN=4
 0001:002D2A50 00000020 C=CODE     S=.text    G=(none)   M=Winapi.Dlgs ALIGN=4
 0001:002D2A70 0000768C C=CODE     S=.text    G=(none)   M=System.HelpIntfs ALIGN=4
 0001:002DA0FC 00015BFC C=CODE     S=.text    G=(none)   M=Vcl.Dialogs ALIGN=4
 0001:002EFCF8 00016D74 C=CODE     S=.text    G=(none)   M=Vcl.ExtCtrls ALIGN=4
 0001:00306A6C 00059DF8 C=CODE     S=.text    G=(none)   M=Vcl.Themes ALIGN=4
 0001:00360864 0000623C C=CODE     S=.text    G=(none)   M=Vcl.ImgList ALIGN=4
 0001:00366AA0 00010EC4 C=CODE     S=.text    G=(none)   M=Vcl.Menus ALIGN=4
 0001:00377964 0000002C C=CODE     S=.text    G=(none)   M=System.Win.Taskbar ALIGN=4
 0001:00377990 000004D0 C=CODE     S=.text    G=(none)   M=System.Win.TaskbarCore ALIGN=4
 0001:00377E60 000000E0 C=CODE     S=.text    G=(none)   M=Winapi.ShellScaling ALIGN=4
 0001:00377F40 00000040 C=CODE     S=.text    G=(none)   M=Winapi.Wtsapi32 ALIGN=4
 0001:00377F80 00000400 C=CODE     S=.text    G=(none)   M=Winapi.FlatSB ALIGN=4
 0001:00378380 000437D0 C=CODE     S=.text    G=(none)   M=Vcl.Forms ALIGN=4
 0001:003BBB50 00012000 C=CODE     S=.text    G=(none)   M=Vcl.Grids ALIGN=4
 0001:003CDB50 000000B4 C=CODE     S=.text    G=(none)   M=Vcl.CategoryButtons ALIGN=4
 0001:003CDC04 0000002C C=CODE     S=.text    G=(none)   M=Vcl.ButtonGroup ALIGN=4
 0001:003CDC30 0001E800 C=CODE     S=.text    G=(none)   M=Vcl.SysStyles ALIGN=4
 0001:003EC430 00000020 C=CODE     S=.text    G=(none)   M=Winapi.DxgiFormat ALIGN=4
 0001:003EC450 00000020 C=CODE     S=.text    G=(none)   M=Winapi.DXTypes ALIGN=4
 0001:003EC470 00000020 C=CODE     S=.text    G=(none)   M=Winapi.DxgiType ALIGN=4
 0001:003EC490 00000020 C=CODE     S=.text    G=(none)   M=Winapi.DXGI ALIGN=4
 0001:003EC4B0 00000020 C=CODE     S=.text    G=(none)   M=Winapi.D3DCommon ALIGN=4
 0001:003EC4D0 00001480 C=CODE     S=.text    G=(none)   M=Winapi.D2D1 ALIGN=4
 0001:003ED950 0000F72C C=CODE     S=.text    G=(none)   M=Vcl.Direct2D ALIGN=4
 0001:003FD07C 00005124 C=CODE     S=.text    G=(none)   M=Vcl.StyleBitmap ALIGN=4
 0001:004021A0 00036B74 C=CODE     S=.text    G=(none)   M=Vcl.StyleAPI ALIGN=4
 0001:00438D14 00020868 C=CODE     S=.text    G=(none)   M=Vcl.Styles ALIGN=4
 0001:0045957C 00000344 C=CODE     S=.text    G=(none)   M=Data.DBConsts ALIGN=4
 0001:004598C0 000053A4 C=CODE     S=.text    G=(none)   M=Data.SqlTimSt ALIGN=4
 0001:0045EC64 000064FC C=CODE     S=.text    G=(none)   M=Data.FmtBcd ALIGN=4
 0001:00465160 000000E0 C=CODE     S=.text    G=(none)   M=Data.DBCommonTypes ALIGN=4
 0001:00465240 00062B4C C=CODE     S=.text    G=(none)   M=Data.DB  ALIGN=4
 0001:004C7D8C 0000AA74 C=CODE     S=.text    G=(none)   M=Vcl.Buttons ALIGN=4
 0001:004D2800 000001B0 C=CODE     S=.text    G=(none)   M=Vcl.Imaging.pnglang ALIGN=4
 0001:004D29B0 00010E68 C=CODE     S=.text    G=(none)   M=Vcl.Imaging.pngimage ALIGN=4
 0001:004E3818 00001AB8 C=CODE     S=.text    G=(none)   M=RzGrafx  ALIGN=4
 0001:004E52D0 0000ECA0 C=CODE     S=.text    G=(none)   M=RzCommon ALIGN=4
 0001:004F3F70 00000BC0 C=CODE     S=.text    G=(none)   M=Vcl.BaseImageCollection ALIGN=4
 0001:004F4B30 00003974 C=CODE     S=.text    G=(none)   M=Vcl.ImageCollection ALIGN=4
 0001:004F84A4 000055DC C=CODE     S=.text    G=(none)   M=Vcl.VirtualImageList ALIGN=4
 0001:004FDA80 00009550 C=CODE     S=.text    G=(none)   M=RzRadChk ALIGN=4
 0001:00506FD0 00000B68 C=CODE     S=.text    G=(none)   M=RzBorder ALIGN=4
 0001:00507B38 00007DA8 C=CODE     S=.text    G=(none)   M=RzEdit   ALIGN=4
 0001:0050F8E0 00000020 C=CODE     S=.text    G=(none)   M=RzSpnEdt ALIGN=4
 0001:0050F900 00002C20 C=CODE     S=.text    G=(none)   M=RzPopups ALIGN=4
 0001:00512520 00000108 C=CODE     S=.text    G=(none)   M=Vcl.ExtDlgs ALIGN=4
 0001:00512628 00004638 C=CODE     S=.text    G=(none)   M=RzLabel  ALIGN=4
 0001:00516C60 00001890 C=CODE     S=.text    G=(none)   M=RzIntLst ALIGN=4
 0001:005184F0 00000020 C=CODE     S=.text    G=(none)   M=RzRadGrp ALIGN=4
 0001:00518510 00009CA0 C=CODE     S=.text    G=(none)   M=RzCmboBx ALIGN=4
 0001:005221B0 00009D80 C=CODE     S=.text    G=(none)   M=RzLstBox ALIGN=4
 0001:0052BF30 000096F0 C=CODE     S=.text    G=(none)   M=RzChkLst ALIGN=4
 0001:00535620 000023F0 C=CODE     S=.text    G=(none)   M=RzToolbarForm ALIGN=4
 0001:00537A10 00011D90 C=CODE     S=.text    G=(none)   M=RzPanel  ALIGN=4
 0001:005497A0 0000ECF8 C=CODE     S=.text    G=(none)   M=RzButton ALIGN=4
 0001:00558498 00002984 C=CODE     S=.text    G=(none)   M=RzShellIntf ALIGN=4
 0001:0055AE1C 000043E4 C=CODE     S=.text    G=(none)   M=RzShellUtils ALIGN=4
 0001:0055F200 00003F50 C=CODE     S=.text    G=(none)   M=RzTreeVw ALIGN=4
 0001:00563150 00007E70 C=CODE     S=.text    G=(none)   M=RzListVw ALIGN=4
 0001:0056AFC0 000003B0 C=CODE     S=.text    G=(none)   M=RzShellConsts ALIGN=4
 0001:0056B370 00022B8C C=CODE     S=.text    G=(none)   M=RzShellCtrls ALIGN=4
 0001:0058DEFC 00002294 C=CODE     S=.text    G=(none)   M=RzShellFolderForm ALIGN=4
 0001:00590190 00009200 C=CODE     S=.text    G=(none)   M=RzSplit  ALIGN=4
 0001:00599390 00008EB0 C=CODE     S=.text    G=(none)   M=RzShellOpenForm ALIGN=4
 0001:005A2240 00005360 C=CODE     S=.text    G=(none)   M=RzShellDialogs ALIGN=4
 0001:005A75A0 0001CF10 C=CODE     S=.text    G=(none)   M=RzTabs   ALIGN=4
 0001:005C44B0 00000140 C=CODE     S=.text    G=(none)   M=Vcl.VDBConsts ALIGN=4
 0001:005C45F0 00000E2C C=CODE     S=.text    G=(none)   M=Vcl.DBLogDlg ALIGN=4
 0001:005C541C 00000C78 C=CODE     S=.text    G=(none)   M=Vcl.DBPWDlg ALIGN=4
 0001:005C6094 00006B30 C=CODE     S=.text    G=(none)   M=Vcl.DBCtrls ALIGN=4
 0001:005CCBC4 0001226C C=CODE     S=.text    G=(none)   M=Vcl.DBGrids ALIGN=4
 0001:005DEE30 00005170 C=CODE     S=.text    G=(none)   M=RzDBGrid ALIGN=4
 0001:005E3FA0 00000140 C=CODE     S=.text    G=(none)   M=Spring.Hash ALIGN=4
 0001:005E40E0 00000190 C=CODE     S=.text    G=(none)   M=Spring.ResourceStrings ALIGN=4
 0001:005E4270 00001020 C=CODE     S=.text    G=(none)   M=Spring.HashTable ALIGN=4
 0001:005E5290 00001FB8 C=CODE     S=.text    G=(none)   M=Spring.Comparers ALIGN=4
 0001:005E7248 000008EC C=CODE     S=.text    G=(none)   M=Spring.HazardEra ALIGN=4
 0001:005E7B34 000012E8 C=CODE     S=.text    G=(none)   M=Spring.Events.Base ALIGN=4
 0001:005E8E1C 00000034 C=CODE     S=.text    G=(none)   M=Spring.Events ALIGN=4
 0001:005E8E50 00000030 C=CODE     S=.text    G=(none)   M=Spring.VirtualClass ALIGN=4
 0001:005E8E80 0001A4CC C=CODE     S=.text    G=(none)   M=Spring   ALIGN=4
 0001:0060334C 00000034 C=CODE     S=.text    G=(none)   M=Spring.Collections.Events ALIGN=4
 0001:00603380 00000030 C=CODE     S=.text    G=(none)   M=Spring.Collections.Trees ALIGN=4
 0001:006033B0 0001A968 C=CODE     S=.text    G=(none)   M=Spring.Collections.Extensions ALIGN=4
 0001:0061DD18 00006390 C=CODE     S=.text    G=(none)   M=Spring.Collections.Lists ALIGN=4
 0001:006240A8 00008A08 C=CODE     S=.text    G=(none)   M=Spring.Collections.Base ALIGN=4
 0001:0062CAB0 000000A0 C=CODE     S=.text    G=(none)   M=Spring.Collections.Dictionaries ALIGN=4
 0001:0062CB50 00000030 C=CODE     S=.text    G=(none)   M=Spring.Collections.LinkedLists ALIGN=4
 0001:0062CB80 00000030 C=CODE     S=.text    G=(none)   M=Spring.Collections.Sets ALIGN=4
 0001:0062CBB0 000013F4 C=CODE     S=.text    G=(none)   M=Spring.Collections.MultiMaps ALIGN=4
 0001:0062DFA4 0000003C C=CODE     S=.text    G=(none)   M=Spring.Collections.MultiSets ALIGN=4
 0001:0062DFE0 00000030 C=CODE     S=.text    G=(none)   M=Spring.Collections.Queues ALIGN=4
 0001:0062E010 00000030 C=CODE     S=.text    G=(none)   M=Spring.Collections.Stacks ALIGN=4
 0001:0062E040 00086A30 C=CODE     S=.text    G=(none)   M=Spring.Collections ALIGN=4
 0001:006B4A70 00002010 C=CODE     S=.text    G=(none)   M=Spring.Container.Common ALIGN=4
 0001:006B6A80 00001FA0 C=CODE     S=.text    G=(none)   M=Spring.Logging ALIGN=4
 0001:006B8A20 00000030 C=CODE     S=.text    G=(none)   M=Spring.Patterns.Specification ALIGN=4
 0001:006B8A50 000001D0 C=CODE     S=.text    G=(none)   M=Spring.Container.ResourceStrings ALIGN=4
 0001:006B8C20 0001B5A0 C=CODE     S=.text    G=(none)   M=Spring.Reflection ALIGN=4
 0001:006D41C0 00001984 C=CODE     S=.text    G=(none)   M=Spring.Container.ComponentActivator ALIGN=4
 0001:006D5B44 00003DE0 C=CODE     S=.text    G=(none)   M=Spring.Container.Injection ALIGN=4
 0001:006D9924 00007584 C=CODE     S=.text    G=(none)   M=Spring.Container.Pool ALIGN=4
 0001:006E0EA8 00002220 C=CODE     S=.text    G=(none)   M=Spring.Container.LifetimeManager ALIGN=4
 0001:006E30C8 0000B878 C=CODE     S=.text    G=(none)   M=Spring.Container.Builder ALIGN=4
 0001:006EE940 00000040 C=CODE     S=.text    G=(none)   M=Spring.Interception.ResourceStrings ALIGN=4
 0001:006EE980 00000910 C=CODE     S=.text    G=(none)   M=Spring.Interception.AbstractInvocation ALIGN=4
 0001:006EF290 00000030 C=CODE     S=.text    G=(none)   M=Spring.MethodIntercept ALIGN=4
 0001:006EF2C0 000002F4 C=CODE     S=.text    G=(none)   M=Spring.Patches.RSP13163 ALIGN=4
 0001:006EF5B4 0000003C C=CODE     S=.text    G=(none)   M=Spring.VirtualInterface ALIGN=4
 0001:006EF5F0 00002528 C=CODE     S=.text    G=(none)   M=Spring.Interception.InterfaceProxy ALIGN=4
 0001:006F1B18 00000038 C=CODE     S=.text    G=(none)   M=Spring.Interception.ClassProxy ALIGN=4
 0001:006F1B50 00000030 C=CODE     S=.text    G=(none)   M=Spring.Interception.CustomProxy ALIGN=4
 0001:006F1B80 00000C80 C=CODE     S=.text    G=(none)   M=Spring.Interception ALIGN=4
 0001:006F2800 00000E48 C=CODE     S=.text    G=(none)   M=Spring.Container.ProxyFactory ALIGN=4
 0001:006F3648 0002F38C C=CODE     S=.text    G=(none)   M=Spring.Container.CreationContext ALIGN=4
 0001:007229D4 0002583C C=CODE     S=.text    G=(none)   M=Spring.Container.Resolvers ALIGN=4
 0001:00748210 00004378 C=CODE     S=.text    G=(none)   M=Spring.Container.Registration ALIGN=4
 0001:0074C588 000021D8 C=CODE     S=.text    G=(none)   M=Spring.Logging.NullLogger ALIGN=4
 0001:0074E760 0000F5A4 C=CODE     S=.text    G=(none)   M=Spring.Container.Core ALIGN=4
 0001:0075DD04 00000BFC C=CODE     S=.text    G=(none)   M=Spring.Services ALIGN=4
 0001:0075E900 00001C4C C=CODE     S=.text    G=(none)   M=Spring.Container ALIGN=4
 0001:0076054C 00001074 C=CODE     S=.text    G=(none)   M=SynEditTypes ALIGN=4
 0001:007615C0 00009F38 C=CODE     S=.text    G=(none)   M=SynDWrite ALIGN=4
 0001:0076B4F8 00000038 C=CODE     S=.text    G=(none)   M=SynEditKeyConst ALIGN=4
 0001:0076B530 0000F1F4 C=CODE     S=.text    G=(none)   M=SynEditCodeFolding ALIGN=4
 0001:0077A724 00019074 C=CODE     S=.text    G=(none)   M=SynEditMiscClasses ALIGN=4
 0001:00793798 000001E8 C=CODE     S=.text    G=(none)   M=SynEditStrConst ALIGN=4
 0001:00793980 00005824 C=CODE     S=.text    G=(none)   M=SynEditHighlighter ALIGN=4
 0001:007991A4 0006A8BC C=CODE     S=.text    G=(none)   M=System.RegularExpressionsAPI ALIGN=4
 0001:00803A60 00000080 C=CODE     S=.text    G=(none)   M=System.RegularExpressionsConsts ALIGN=4
 0001:00803AE0 00003B10 C=CODE     S=.text    G=(none)   M=System.RegularExpressionsCore ALIGN=4
 0001:008075F0 00004430 C=CODE     S=.text    G=(none)   M=System.RegularExpressions ALIGN=4
 0001:0080BA20 00004D70 C=CODE     S=.text    G=(none)   M=SynHighlighterMulti ALIGN=4
 0001:00810790 000013F0 C=CODE     S=.text    G=(none)   M=SynEditMiscProcs ALIGN=4
 0001:00811B80 0002EDBC C=CODE     S=.text    G=(none)   M=System.Threading ALIGN=4
 0001:0084093C 00004034 C=CODE     S=.text    G=(none)   M=SynEditTextBuffer ALIGN=4
 0001:00844970 000008CC C=CODE     S=.text    G=(none)   M=SynUnicode ALIGN=4
 0001:0084523C 00003DDC C=CODE     S=.text    G=(none)   M=SynEditKeyCmds ALIGN=4
 0001:00849018 00001BE8 C=CODE     S=.text    G=(none)   M=SynEditKbdHandler ALIGN=4
 0001:0084AC00 00001E40 C=CODE     S=.text    G=(none)   M=SynEditScrollBars ALIGN=4
 0001:0084CA40 00007658 C=CODE     S=.text    G=(none)   M=SynEditUndo ALIGN=4
 0001:00854098 00003818 C=CODE     S=.text    G=(none)   M=SynEditWordWrap ALIGN=4
 0001:008578B0 00002A70 C=CODE     S=.text    G=(none)   M=SynEditExport ALIGN=4
 0001:0085A320 00008544 C=CODE     S=.text    G=(none)   M=SynExportHTML ALIGN=4
 0001:00862864 00005EB8 C=CODE     S=.text    G=(none)   M=SynEditDataObject ALIGN=4
 0001:0086871C 00000EA4 C=CODE     S=.text    G=(none)   M=SynEditDragDrop ALIGN=4
 0001:008695C0 0002CBB8 C=CODE     S=.text    G=(none)   M=SynEdit  ALIGN=4
 0001:00896178 00002BD4 C=CODE     S=.text    G=(none)   M=SynHighlighterJSON ALIGN=4
 0001:00898D4C 00008150 C=CODE     S=.text    G=(none)   M=SynHighlighterPas ALIGN=4
 0001:008A0E9C 00000084 C=CODE     S=.text    G=(none)   M=Winapi.oleacc ALIGN=4
 0001:008A0F20 00002120 C=CODE     S=.text    G=(none)   M=VirtualTrees.Utils ALIGN=4
 0001:008A3040 000011A0 C=CODE     S=.text    G=(none)   M=VirtualTrees.Colors ALIGN=4
 0001:008A41E0 00000030 C=CODE     S=.text    G=(none)   M=Winapi.MMSystem ALIGN=4
 0001:008A4210 00000020 C=CODE     S=.text    G=(none)   M=System.Win.StdVCL ALIGN=4
 0001:008A4230 000015B8 C=CODE     S=.text    G=(none)   M=Vcl.AxCtrls ALIGN=4
 0001:008A57E8 00001128 C=CODE     S=.text    G=(none)   M=VirtualTrees.WorkerThread ALIGN=4
 0001:008A6910 000013A8 C=CODE     S=.text    G=(none)   M=VirtualTrees.ClipBoard ALIGN=4
 0001:008A7CB8 0004FF34 C=CODE     S=.text    G=(none)   M=VirtualTrees.BaseTree ALIGN=4
 0001:008F7BEC 00001EE4 C=CODE     S=.text    G=(none)   M=VirtualTrees.DataObject ALIGN=4
 0001:008F9AD0 00001980 C=CODE     S=.text    G=(none)   M=VirtualTrees.DragnDrop ALIGN=4
 0001:008FB450 00000910 C=CODE     S=.text    G=(none)   M=VirtualTrees.DragImage ALIGN=4
 0001:008FBD60 00001220 C=CODE     S=.text    G=(none)   M=VirtualTrees.HeaderPopup ALIGN=4
 0001:008FCF80 0001A07C C=CODE     S=.text    G=(none)   M=VirtualTrees.Header ALIGN=4
 0001:00916FFC 00000D34 C=CODE     S=.text    G=(none)   M=VirtualTrees.StyleHooks ALIGN=4
 0001:00917D30 000052F0 C=CODE     S=.text    G=(none)   M=VirtualTrees.Types ALIGN=4
 0001:0091D020 00000868 C=CODE     S=.text    G=(none)   M=VirtualTrees.AccessibilityFactory ALIGN=4
 0001:0091D888 00001EE8 C=CODE     S=.text    G=(none)   M=VirtualTrees.BaseAncestorVCL ALIGN=4
 0001:0091F770 00002A60 C=CODE     S=.text    G=(none)   M=VirtualTrees.AncestorVCL ALIGN=4
 0001:009221D0 00000B70 C=CODE     S=.text    G=(none)   M=VirtualTrees.Classes ALIGN=4
 0001:00922D40 0000AB78 C=CODE     S=.text    G=(none)   M=VirtualTrees.Export ALIGN=4
 0001:0092D8B8 00003A58 C=CODE     S=.text    G=(none)   M=VirtualTrees.EditLink ALIGN=4
 0001:00931310 0000B8C8 C=CODE     S=.text    G=(none)   M=VirtualTrees ALIGN=4
 0001:0093CBD8 00000028 C=CODE     S=.text    G=(none)   M=FireDAC.Stan.Consts ALIGN=4
 0001:0093CC00 000013E0 C=CODE     S=.text    G=(none)   M=FireDAC.Stan.ResStrs ALIGN=4
 0001:0093DFE0 00005DF0 C=CODE     S=.text    G=(none)   M=FireDAC.Stan.Error ALIGN=4
 0001:00943DD0 00006450 C=CODE     S=.text    G=(none)   M=FireDAC.Stan.Util ALIGN=4
 0001:0094A220 00004E70 C=CODE     S=.text    G=(none)   M=FireDAC.Stan.Intf ALIGN=4
 0001:0094F090 000035B0 C=CODE     S=.text    G=(none)   M=FireDAC.Stan.SQLTimeInt ALIGN=4
 0001:00952640 0000F6E0 C=CODE     S=.text    G=(none)   M=FireDAC.Stan.Param ALIGN=4
 0001:00961D20 00045138 C=CODE     S=.text    G=(none)   M=FireDAC.DatS ALIGN=4
 0001:009A6E58 000003E0 C=CODE     S=.text    G=(none)   M=FireDAC.UI.Intf ALIGN=4
 0001:009A7238 00001338 C=CODE     S=.text    G=(none)   M=FireDAC.Phys.Intf ALIGN=4
 0001:009A8570 000010A0 C=CODE     S=.text    G=(none)   M=FireDAC.DApt.Column ALIGN=4
 0001:009A9610 00000620 C=CODE     S=.text    G=(none)   M=FireDAC.DApt.Intf ALIGN=4
 0001:009A9C30 00002718 C=CODE     S=.text    G=(none)   M=FireDAC.Stan.Factory ALIGN=4
 0001:009AC348 00015944 C=CODE     S=.text    G=(none)   M=FireDAC.Stan.Option ALIGN=4
 0001:009C1C8C 00024DE4 C=CODE     S=.text    G=(none)   M=FireDAC.Comp.DataSet ALIGN=4
 0001:009E6A70 00002460 C=CODE     S=.text    G=(none)   M=FireDAC.Comp.UI ALIGN=4
 0001:009E8ED0 0000BDC0 C=CODE     S=.text    G=(none)   M=FireDAC.Stan.Expr ALIGN=4
 0001:009F4C90 000077B0 C=CODE     S=.text    G=(none)   M=FireDAC.Phys.SQLPreprocessor ALIGN=4
 0001:009FC440 00035DA8 C=CODE     S=.text    G=(none)   M=FireDAC.Comp.Client ALIGN=4
 0001:00A321E8 00000378 C=CODE     S=.text    G=(none)   M=i_MetadataViewer ALIGN=4
 0001:00A32560 000000E0 C=CODE     S=.text    G=(none)   M=i_PackageDataset ALIGN=4
 0001:00A32640 00000210 C=CODE     S=.text    G=(none)   M=u_SBOMEnums ALIGN=4
 0001:00A32850 00000160 C=CODE     S=.text    G=(none)   M=i_SBOMComponent ALIGN=4
 0001:00A329B0 00000110 C=CODE     S=.text    G=(none)   M=System.JSONConsts ALIGN=4
 0001:00A32AC0 0001BA3C C=CODE     S=.text    G=(none)   M=System.JSON ALIGN=4
 0001:00A4E4FC 00000564 C=CODE     S=.text    G=(none)   M=u_Logger ALIGN=4
 0001:00A4EA60 00004358 C=CODE     S=.text    G=(none)   M=u_SBOMClasses ALIGN=4
 0001:00A52DB8 00006290 C=CODE     S=.text    G=(none)   M=u_PackageMetadataRepository ALIGN=4
 0001:00A59048 00001D48 C=CODE     S=.text    G=(none)   M=u_SPDXLicenses ALIGN=4
 0001:00A5AD90 000002C0 C=CODE     S=.text    G=(none)   M=u_DataSetUtils ALIGN=4
 0001:00A5B050 00000140 C=CODE     S=.text    G=(none)   M=u_FileFinders ALIGN=4
 0001:00A5B190 000024F0 C=CODE     S=.text    G=(none)   M=d_Metadata ALIGN=4
 0001:00A5D680 00002088 C=CODE     S=.text    G=(none)   M=u_SBOMValidation ALIGN=4
 0001:00A5F708 00000EB8 C=CODE     S=.text    G=(none)   M=f_ValidationResults ALIGN=4
 0001:00A605C0 000010D0 C=CODE     S=.text    G=(none)   M=f_PrefixEditor ALIGN=4
 0001:00A61690 00000080 C=CODE     S=.text    G=(none)   M=i_AmbiguousUnit ALIGN=4
 0001:00A61710 000066E8 C=CODE     S=.text    G=(none)   M=u_DelphiVersionDetector_2 ALIGN=4
 0001:00A67DF8 000003C8 C=CODE     S=.text    G=(none)   M=i_SBOMComponentDetection ALIGN=4
 0001:00A681C0 00000690 C=CODE     S=.text    G=(none)   M=u_CLIRunner ALIGN=4
 0001:00A68850 000005B0 C=CODE     S=.text    G=(none)   M=u_CycloneDXValidator ALIGN=4
 0001:00A68E00 00000170 C=CODE     S=.text    G=(none)   M=Xml.XMLConst ALIGN=4
 0001:00A68F70 00000020 C=CODE     S=.text    G=(none)   M=Winapi.msxml ALIGN=4
 0001:00A68F90 0000DD2C C=CODE     S=.text    G=(none)   M=Xml.Win.msxmldom ALIGN=4
 0001:00A76CBC 00002010 C=CODE     S=.text    G=(none)   M=Xml.xmldom ALIGN=4
 0001:00A78CCC 00000584 C=CODE     S=.text    G=(none)   M=Xml.XMLIntf ALIGN=4
 0001:00A79250 00000020 C=CODE     S=.text    G=(none)   M=Xml.XMLSchemaTags ALIGN=4
 0001:00A79270 000000B0 C=CODE     S=.text    G=(none)   M=Xml.XMLSchema ALIGN=4
 0001:00A79320 00000190 C=CODE     S=.text    G=(none)   M=Xml.xmlutil ALIGN=4
 0001:00A794B0 000105B0 C=CODE     S=.text    G=(none)   M=Xml.XMLDoc ALIGN=4
 0001:00A89A60 00006F28 C=CODE     S=.text    G=(none)   M=u_DelphiEnvironment ALIGN=4
 0001:00A90988 00000CD4 C=CODE     S=.text    G=(none)   M=u_MapModules ALIGN=4
 0001:00A9165C 00002FDC C=CODE     S=.text    G=(none)   M=u_PackageEditor ALIGN=4
 0001:00A94638 00001BE0 C=CODE     S=.text    G=(none)   M=u_RegistryHelper ALIGN=4
 0001:00A96218 00003158 C=CODE     S=.text    G=(none)   M=u_PackageResolver ALIGN=4
 0001:00A99370 000007E0 C=CODE     S=.text    G=(none)   M=u_SBOMGenerationService ALIGN=4
 0001:00A99B50 000031C4 C=CODE     S=.text    G=(none)   M=u_SBOMProject ALIGN=4
 0001:00A9CD14 00001ADC C=CODE     S=.text    G=(none)   M=u_UserProfile ALIGN=4
 0001:00A9E7F0 00000020 C=CODE     S=.text    G=(none)   M=Vcl.FileCtrl ALIGN=4
 0001:00A9E810 00004790 C=CODE     S=.text    G=(none)   M=Vcl.CheckLst ALIGN=4
 0001:00AA2FA0 00001010 C=CODE     S=.text    G=(none)   M=f_DeleteProject ALIGN=4
 0001:00AA3FB0 00000870 C=CODE     S=.text    G=(none)   M=f_DisambiguatePackages ALIGN=4
 0001:00AA4820 00000030 C=CODE     S=.text    G=(none)   M=f_HelpViewer ALIGN=4
 0001:00AA4850 00000020 C=CODE     S=.text    G=(none)   M=Winapi.DirectDraw ALIGN=4
 0001:00AA4870 00000020 C=CODE     S=.text    G=(none)   M=Winapi.GDIPAPI ALIGN=4
 0001:00AA4890 00002CA4 C=CODE     S=.text    G=(none)   M=Img32.Resamplers ALIGN=4
 0001:00AA7534 00002600 C=CODE     S=.text    G=(none)   M=Img32.Transform ALIGN=4
 0001:00AA9B34 0000D6AC C=CODE     S=.text    G=(none)   M=Img32.Vector ALIGN=4
 0001:00AB71E0 00002E80 C=CODE     S=.text    G=(none)   M=Img32.Fmt.BMP ALIGN=4
 0001:00ABA060 00016D3C C=CODE     S=.text    G=(none)   M=Img32    ALIGN=4
 0001:00AD0D9C 00007DD4 C=CODE     S=.text    G=(none)   M=Img32.Draw ALIGN=4
 0001:00AD8B70 0000A49C C=CODE     S=.text    G=(none)   M=Img32.TextChunks ALIGN=4
 0001:00AE300C 00019AB0 C=CODE     S=.text    G=(none)   M=Img32.Text ALIGN=4
 0001:00AFCABC 00016610 C=CODE     S=.text    G=(none)   M=Img32.SVG.Core ALIGN=4
 0001:00B130CC 0000A6F4 C=CODE     S=.text    G=(none)   M=Img32.SVG.Path ALIGN=4
 0001:00B1D7C0 00001B00 C=CODE     S=.text    G=(none)   M=Img32.Extra ALIGN=4
 0001:00B1F2C0 00000030 C=CODE     S=.text    G=(none)   M=Clipper.Core ALIGN=4
 0001:00B1F2F0 00000030 C=CODE     S=.text    G=(none)   M=Clipper.Engine ALIGN=4
 0001:00B1F320 00000030 C=CODE     S=.text    G=(none)   M=Clipper.Offset ALIGN=4
 0001:00B1F350 00000030 C=CODE     S=.text    G=(none)   M=Clipper.RectClip ALIGN=4
 0001:00B1F380 00000030 C=CODE     S=.text    G=(none)   M=Clipper.Minkowski ALIGN=4
 0001:00B1F3B0 00000030 C=CODE     S=.text    G=(none)   M=Clipper  ALIGN=4
 0001:00B1F3E0 00000030 C=CODE     S=.text    G=(none)   M=Img32.Clipper2 ALIGN=4
 0001:00B1F410 0002124C C=CODE     S=.text    G=(none)   M=Img32.SVG.Reader ALIGN=4
 0001:00B4065C 000014A4 C=CODE     S=.text    G=(none)   M=Image32SVGFactory ALIGN=4
 0001:00B41B00 00000290 C=CODE     S=.text    G=(none)   M=SVGInterfaces ALIGN=4
 0001:00B41D90 000025DC C=CODE     S=.text    G=(none)   M=SVGIconImageCollection ALIGN=4
 0001:00B4436C 00000034 C=CODE     S=.text    G=(none)   M=SVGIconVirtualImageList ALIGN=4
 0001:00B443A0 00001EB0 C=CODE     S=.text    G=(none)   M=SVGIconImageList ALIGN=4
 0001:00B46250 00000030 C=CODE     S=.text    G=(none)   M=SVGIconUtils ALIGN=4
 0001:00B46280 000020F0 C=CODE     S=.text    G=(none)   M=SVGIconItems ALIGN=4
 0001:00B48370 00001FD0 C=CODE     S=.text    G=(none)   M=SVGIconImageListBase ALIGN=4
 0001:00B4A340 000011A0 C=CODE     S=.text    G=(none)   M=f_SelectPaths ALIGN=4
 0001:00B4B4E0 00001B58 C=CODE     S=.text    G=(none)   M=u_MetadataEditController ALIGN=4
 0001:00B4D038 00001D18 C=CODE     S=.text    G=(none)   M=u_MetadataEditor ALIGN=4
 0001:00B4ED50 00002470 C=CODE     S=.text    G=(none)   M=u_MetadataViewer ALIGN=4
 0001:00B511C0 00001600 C=CODE     S=.text    G=(none)   M=u_ModuleAdapter ALIGN=4
 0001:00B527C0 00001BA0 C=CODE     S=.text    G=(none)   M=u_PackagesGridAdapter ALIGN=4
 0001:00B54360 00000670 C=CODE     S=.text    G=(none)   M=u_EnvironmentHelper ALIGN=4
 0001:00B549D0 00000030 C=CODE     S=.text    G=(none)   M=flcStdTypes ALIGN=4
 0001:00B54A00 00000030 C=CODE     S=.text    G=(none)   M=flcSysUtils ALIGN=4
 0001:00B54A30 00000B20 C=CODE     S=.text    G=(none)   M=flcHash  ALIGN=4
 0001:00B55550 00000560 C=CODE     S=.text    G=(none)   M=u_AmbiguousUnit ALIGN=4
 0001:00B55AB0 000044B8 C=CODE     S=.text    G=(none)   M=u_SBOMComponentDetectionImpl ALIGN=4
 0001:00B59F68 000003E8 C=CODE     S=.text    G=(none)   M=u_ServiceRegistration ALIGN=4
 0001:00B5A350 0000C2D0 C=CODE     S=.text    G=(none)   M=f_Main   ALIGN=4
 0001:00B66620 00000030 C=CODE     S=.text    G=(none)   M=u_EnumUtils ALIGN=4
 0001:00B66650 00000030 C=CODE     S=.text    G=(none)   M=u_TextTools ALIGN=4
 0001:00B66680 0001E3A8 C=CODE     S=.text    G=(none)   M=SBOMgen  ALIGN=4
 0002:00000000 0000455C C=DATA     S=.data    G=DGROUP   M=System   ALIGN=4
 0002:0000455C 0000013C C=DATA     S=.data    G=DGROUP   M=SysInit  ALIGN=4
 0002:00004698 00000580 C=DATA     S=.data    G=DGROUP   M=System.Types ALIGN=4
 0002:00004C18 00000018 C=DATA     S=.data    G=DGROUP   M=System.UITypes ALIGN=4
 0002:00004C30 00000014 C=DATA     S=.data    G=DGROUP   M=Winapi.Windows.PkgHelper ALIGN=4
 0002:00004C44 00000070 C=DATA     S=.data    G=DGROUP   M=Winapi.Windows ALIGN=4
 0002:00004CB4 00000008 C=DATA     S=.data    G=DGROUP   M=System.SysConst ALIGN=4
 0002:00004CBC 00000008 C=DATA     S=.data    G=DGROUP   M=Winapi.ImageHlp ALIGN=4
 0002:00004CC4 00000008 C=DATA     S=.data    G=DGROUP   M=Winapi.SHFolder ALIGN=4
 0002:00004CCC 00000060 C=DATA     S=.data    G=DGROUP   M=Winapi.PsAPI ALIGN=4
 0002:00004D2C 00000008 C=DATA     S=.data    G=DGROUP   M=System.RTLConsts ALIGN=4
 0002:00004D34 000000D4 C=DATA     S=.data    G=DGROUP   M=System.Character ALIGN=4
 0002:00004E08 0000027C C=DATA     S=.data    G=DGROUP   M=System.Internal.ExcUtils ALIGN=4
 0002:00005084 00005630 C=DATA     S=.data    G=DGROUP   M=System.SysUtils ALIGN=4
 0002:0000A6B4 000002F8 C=DATA     S=.data    G=DGROUP   M=System.VarUtils ALIGN=4
 0002:0000A9AC 00002038 C=DATA     S=.data    G=DGROUP   M=System.Variants ALIGN=4
 0002:0000C9E4 00000A80 C=DATA     S=.data    G=DGROUP   M=System.TypInfo ALIGN=4
 0002:0000D464 00000050 C=DATA     S=.data    G=DGROUP   M=Winapi.Messages ALIGN=4
 0002:0000D4B4 00000018 C=DATA     S=.data    G=DGROUP   M=Winapi.ActiveX ALIGN=4
 0002:0000D4CC 000009E4 C=DATA     S=.data    G=DGROUP   M=System.Math ALIGN=4
 0002:0000DEB0 00000348 C=DATA     S=.data    G=DGROUP   M=System.TimeSpan ALIGN=4
 0002:0000E1F8 00000058 C=DATA     S=.data    G=DGROUP   M=System.Diagnostics ALIGN=4
 0002:0000E250 00000698 C=DATA     S=.data    G=DGROUP   M=System.SyncObjs ALIGN=4
 0002:0000E8E8 00009684 C=DATA     S=.data    G=DGROUP   M=System.Rtti ALIGN=4
 0002:00017F6C 0000E960 C=DATA     S=.data    G=DGROUP   M=System.Classes ALIGN=4
 0002:000268CC 0000000C C=DATA     S=.data    G=DGROUP   M=System.Hash ALIGN=4
 0002:000268D8 00001120 C=DATA     S=.data    G=DGROUP   M=System.Generics.Defaults ALIGN=4
 0002:000279F8 00000904 C=DATA     S=.data    G=DGROUP   M=System.Generics.Collections ALIGN=4
 0002:000282FC 0000277C C=DATA     S=.data    G=DGROUP   M=System.Messaging ALIGN=4
 0002:0002AA78 00000BD8 C=DATA     S=.data    G=DGROUP   M=System.Actions ALIGN=4
 0002:0002B650 000000A8 C=DATA     S=.data    G=DGROUP   M=Winapi.Wincodec ALIGN=4
 0002:0002B6F8 000000FC C=DATA     S=.data    G=DGROUP   M=Winapi.CommCtrl ALIGN=4
 0002:0002B7F4 00000008 C=DATA     S=.data    G=DGROUP   M=Winapi.Qos ALIGN=4
 0002:0002B7FC 00000008 C=DATA     S=.data    G=DGROUP   M=Winapi.Winsock2 ALIGN=4
 0002:0002B804 00000008 C=DATA     S=.data    G=DGROUP   M=Winapi.IpExport ALIGN=4
 0002:0002B80C 0000001C C=DATA     S=.data    G=DGROUP   M=Winapi.ShellAPI ALIGN=4
 0002:0002B828 00000008 C=DATA     S=.data    G=DGROUP   M=Winapi.RegStr ALIGN=4
 0002:0002B830 00000008 C=DATA     S=.data    G=DGROUP   M=Winapi.WinInet ALIGN=4
 0002:0002B838 00000008 C=DATA     S=.data    G=DGROUP   M=Winapi.UrlMon ALIGN=4
 0002:0002B840 00000008 C=DATA     S=.data    G=DGROUP   M=Winapi.ObjectArray ALIGN=4
 0002:0002B848 00000008 C=DATA     S=.data    G=DGROUP   M=Winapi.StructuredQueryCondition ALIGN=4
 0002:0002B850 00000008 C=DATA     S=.data    G=DGROUP   M=Winapi.PropSys ALIGN=4
 0002:0002B858 00000008 C=DATA     S=.data    G=DGROUP   M=Winapi.MSXMLIntf ALIGN=4
 0002:0002B860 00000058 C=DATA     S=.data    G=DGROUP   M=Winapi.ShlObj ALIGN=4
 0002:0002B8B8 00000008 C=DATA     S=.data    G=DGROUP   M=Winapi.KnownFolders ALIGN=4
 0002:0002B8C0 0000012C C=DATA     S=.data    G=DGROUP   M=System.Masks ALIGN=4
 0002:0002B9EC 000000D8 C=DATA     S=.data    G=DGROUP   M=System.StrUtils ALIGN=4
 0002:0002BAC4 00000EA0 C=DATA     S=.data    G=DGROUP   M=System.DateUtils ALIGN=4
 0002:0002C964 00000788 C=DATA     S=.data    G=DGROUP   M=System.IOUtils ALIGN=4
 0002:0002D0EC 000013C8 C=DATA     S=.data    G=DGROUP   M=System.IniFiles ALIGN=4
 0002:0002E4B4 00001170 C=DATA     S=.data    G=DGROUP   M=System.Win.Registry ALIGN=4
 0002:0002F624 000017A0 C=DATA     S=.data    G=DGROUP   M=System.UIConsts ALIGN=4
 0002:00030DC4 00000008 C=DATA     S=.data    G=DGROUP   M=Vcl.Consts ALIGN=4
 0002:00030DCC 000033F0 C=DATA     S=.data    G=DGROUP   M=Vcl.Graphics ALIGN=4
 0002:000341BC 00000184 C=DATA     S=.data    G=DGROUP   M=System.Contnrs ALIGN=4
 0002:00034340 00000608 C=DATA     S=.data    G=DGROUP   M=System.ImageList ALIGN=4
 0002:00034948 00000080 C=DATA     S=.data    G=DGROUP   M=Winapi.UxTheme ALIGN=4
 0002:000349C8 00000008 C=DATA     S=.data    G=DGROUP   M=Winapi.MultiMon ALIGN=4
 0002:000349D0 00000008 C=DATA     S=.data    G=DGROUP   M=Winapi.UIAutomation ALIGN=4
 0002:000349D8 00000008 C=DATA     S=.data    G=DGROUP   M=Winapi.Imm ALIGN=4
 0002:000349E0 00000238 C=DATA     S=.data    G=DGROUP   M=Vcl.ActnList ALIGN=4
 0002:00034C18 00000008 C=DATA     S=.data    G=DGROUP   M=Winapi.TpcShrd ALIGN=4
 0002:00034C20 00000040 C=DATA     S=.data    G=DGROUP   M=Winapi.MsCTF.PkgHelper ALIGN=4
 0002:00034C60 00000260 C=DATA     S=.data    G=DGROUP   M=System.AnsiStrings ALIGN=4
 0002:00034EC0 00000008 C=DATA     S=.data    G=DGROUP   M=System.Win.ComConst ALIGN=4
 0002:00034EC8 000002BC C=DATA     S=.data    G=DGROUP   M=System.Win.ComObj ALIGN=4
 0002:00035184 00000028 C=DATA     S=.data    G=DGROUP   M=Winapi.MsCTF ALIGN=4
 0002:000351AC 00000010 C=DATA     S=.data    G=DGROUP   M=Winapi.Dwmapi ALIGN=4
 0002:000351BC 00000028 C=DATA     S=.data    G=DGROUP   M=System.Win.Crtl ALIGN=4
 0002:000351E4 0000452C C=DATA     S=.data    G=DGROUP   M=System.ZLib ALIGN=4
 0002:00039710 0000020C C=DATA     S=.data    G=DGROUP   M=Vcl.GraphUtil ALIGN=4
 0002:0003991C 00000008 C=DATA     S=.data    G=DGROUP   M=Winapi.MsInkAut ALIGN=4
 0002:00039924 00000018 C=DATA     S=.data    G=DGROUP   M=Winapi.PenInputPanel ALIGN=4
 0002:0003993C 00004534 C=DATA     S=.data    G=DGROUP   M=Vcl.Controls ALIGN=4
 0002:0003DE70 00003224 C=DATA     S=.data    G=DGROUP   M=Vcl.StdCtrls ALIGN=4
 0002:00041094 00000210 C=DATA     S=.data    G=DGROUP   M=System.MaskUtils ALIGN=4
 0002:000412A4 00000480 C=DATA     S=.data    G=DGROUP   M=Vcl.Clipbrd ALIGN=4
 0002:00041724 00000544 C=DATA     S=.data    G=DGROUP   M=Vcl.Mask ALIGN=4
 0002:00041C68 00000008 C=DATA     S=.data    G=DGROUP   M=Winapi.CommDlg ALIGN=4
 0002:00041C70 00000008 C=DATA     S=.data    G=DGROUP   M=Winapi.WinSpool ALIGN=4
 0002:00041C78 00000508 C=DATA     S=.data    G=DGROUP   M=Vcl.Printers ALIGN=4
 0002:00042180 00000014 C=DATA     S=.data    G=DGROUP   M=Winapi.RichEdit ALIGN=4
 0002:00042194 00000008 C=DATA     S=.data    G=DGROUP   M=Vcl.ToolWin ALIGN=4
 0002:0004219C 00000390 C=DATA     S=.data    G=DGROUP   M=Vcl.ListActns ALIGN=4
 0002:0004252C 00000008 C=DATA     S=.data    G=DGROUP   M=Vcl.ComStrs ALIGN=4
 0002:00042534 000003F8 C=DATA     S=.data    G=DGROUP   M=Vcl.StdActns ALIGN=4
 0002:0004292C 00004C34 C=DATA     S=.data    G=DGROUP   M=Vcl.ComCtrls ALIGN=4
 0002:00047560 00000018 C=DATA     S=.data    G=DGROUP   M=System.WideStrUtils ALIGN=4
 0002:00047578 00000008 C=DATA     S=.data    G=DGROUP   M=Winapi.Dlgs ALIGN=4
 0002:00047580 000009D4 C=DATA     S=.data    G=DGROUP   M=System.HelpIntfs ALIGN=4
 0002:00047F54 00001AC4 C=DATA     S=.data    G=DGROUP   M=Vcl.Dialogs ALIGN=4
 0002:00049A18 00001078 C=DATA     S=.data    G=DGROUP   M=Vcl.ExtCtrls ALIGN=4
 0002:0004AA90 0000697C C=DATA     S=.data    G=DGROUP   M=Vcl.Themes ALIGN=4
 0002:0005140C 000009D4 C=DATA     S=.data    G=DGROUP   M=Vcl.ImgList ALIGN=4
 0002:00051DE0 00001188 C=DATA     S=.data    G=DGROUP   M=Vcl.Menus ALIGN=4
 0002:00052F68 00000008 C=DATA     S=.data    G=DGROUP   M=System.Win.Taskbar ALIGN=4
 0002:00052F70 00000008 C=DATA     S=.data    G=DGROUP   M=System.Win.TaskbarCore ALIGN=4
 0002:00052F78 00000008 C=DATA     S=.data    G=DGROUP   M=Winapi.ShellScaling ALIGN=4
 0002:00052F80 00000008 C=DATA     S=.data    G=DGROUP   M=Winapi.Wtsapi32 ALIGN=4
 0002:00052F88 00000014 C=DATA     S=.data    G=DGROUP   M=Winapi.FlatSB ALIGN=4
 0002:00052F9C 00003F4C C=DATA     S=.data    G=DGROUP   M=Vcl.Forms ALIGN=4
 0002:00056EE8 00001460 C=DATA     S=.data    G=DGROUP   M=Vcl.Grids ALIGN=4
 0002:00058348 00000010 C=DATA     S=.data    G=DGROUP   M=Vcl.CategoryButtons ALIGN=4
 0002:00058358 00000008 C=DATA     S=.data    G=DGROUP   M=Vcl.ButtonGroup ALIGN=4
 0002:00058360 00001D08 C=DATA     S=.data    G=DGROUP   M=Vcl.SysStyles ALIGN=4
 0002:0005A068 00000008 C=DATA     S=.data    G=DGROUP   M=Winapi.DxgiFormat ALIGN=4
 0002:0005A070 00000008 C=DATA     S=.data    G=DGROUP   M=Winapi.DXTypes ALIGN=4
 0002:0005A078 00000008 C=DATA     S=.data    G=DGROUP   M=Winapi.DxgiType ALIGN=4
 0002:0005A080 00000008 C=DATA     S=.data    G=DGROUP   M=Winapi.DXGI ALIGN=4
 0002:0005A088 00000008 C=DATA     S=.data    G=DGROUP   M=Winapi.D3DCommon ALIGN=4
 0002:0005A090 00000140 C=DATA     S=.data    G=DGROUP   M=Winapi.D2D1 ALIGN=4
 0002:0005A1D0 00001830 C=DATA     S=.data    G=DGROUP   M=Vcl.Direct2D ALIGN=4
 0002:0005BA00 00000634 C=DATA     S=.data    G=DGROUP   M=Vcl.StyleBitmap ALIGN=4
 0002:0005C034 00003218 C=DATA     S=.data    G=DGROUP   M=Vcl.StyleAPI ALIGN=4
 0002:0005F24C 000016E8 C=DATA     S=.data    G=DGROUP   M=Vcl.Styles ALIGN=4
 0002:00060934 00000008 C=DATA     S=.data    G=DGROUP   M=Data.DBConsts ALIGN=4
 0002:0006093C 00000B3C C=DATA     S=.data    G=DGROUP   M=Data.SqlTimSt ALIGN=4
 0002:00061478 00000A38 C=DATA     S=.data    G=DGROUP   M=Data.FmtBcd ALIGN=4
 0002:00061EB0 00000008 C=DATA     S=.data    G=DGROUP   M=Data.DBCommonTypes ALIGN=4
 0002:00061EB8 0000A678 C=DATA     S=.data    G=DGROUP   M=Data.DB  ALIGN=4
 0002:0006C530 00000B80 C=DATA     S=.data    G=DGROUP   M=Vcl.Buttons ALIGN=4
 0002:0006D0B0 00000008 C=DATA     S=.data    G=DGROUP   M=Vcl.Imaging.pnglang ALIGN=4
 0002:0006D0B8 000010B0 C=DATA     S=.data    G=DGROUP   M=Vcl.Imaging.pngimage ALIGN=4
 0002:0006E168 00000150 C=DATA     S=.data    G=DGROUP   M=RzGrafx  ALIGN=4
 0002:0006E2B8 00001074 C=DATA     S=.data    G=DGROUP   M=RzCommon ALIGN=4
 0002:0006F32C 00000090 C=DATA     S=.data    G=DGROUP   M=Vcl.BaseImageCollection ALIGN=4
 0002:0006F3BC 00000474 C=DATA     S=.data    G=DGROUP   M=Vcl.ImageCollection ALIGN=4
 0002:0006F830 00000820 C=DATA     S=.data    G=DGROUP   M=Vcl.VirtualImageList ALIGN=4
 0002:00070050 0000059C C=DATA     S=.data    G=DGROUP   M=RzRadChk ALIGN=4
 0002:000705EC 00000498 C=DATA     S=.data    G=DGROUP   M=RzBorder ALIGN=4
 0002:00070A84 00000778 C=DATA     S=.data    G=DGROUP   M=RzEdit   ALIGN=4
 0002:000711FC 00000008 C=DATA     S=.data    G=DGROUP   M=RzSpnEdt ALIGN=4
 0002:00071204 000001EC C=DATA     S=.data    G=DGROUP   M=RzPopups ALIGN=4
 0002:000713F0 00000064 C=DATA     S=.data    G=DGROUP   M=Vcl.ExtDlgs ALIGN=4
 0002:00071454 00000350 C=DATA     S=.data    G=DGROUP   M=RzLabel  ALIGN=4
 0002:000717A4 00000210 C=DATA     S=.data    G=DGROUP   M=RzIntLst ALIGN=4
 0002:000719B4 00000008 C=DATA     S=.data    G=DGROUP   M=RzRadGrp ALIGN=4
 0002:000719BC 00000A14 C=DATA     S=.data    G=DGROUP   M=RzCmboBx ALIGN=4
 0002:000723D0 00000A14 C=DATA     S=.data    G=DGROUP   M=RzLstBox ALIGN=4
 0002:00072DE4 00000984 C=DATA     S=.data    G=DGROUP   M=RzChkLst ALIGN=4
 0002:00073768 000001D0 C=DATA     S=.data    G=DGROUP   M=RzToolbarForm ALIGN=4
 0002:00073938 00000C8C C=DATA     S=.data    G=DGROUP   M=RzPanel  ALIGN=4
 0002:000745C4 00000E70 C=DATA     S=.data    G=DGROUP   M=RzButton ALIGN=4
 0002:00075434 00000070 C=DATA     S=.data    G=DGROUP   M=RzShellIntf ALIGN=4
 0002:000754A4 00000794 C=DATA     S=.data    G=DGROUP   M=RzShellUtils ALIGN=4
 0002:00075C38 00000680 C=DATA     S=.data    G=DGROUP   M=RzTreeVw ALIGN=4
 0002:000762B8 000006A0 C=DATA     S=.data    G=DGROUP   M=RzListVw ALIGN=4
 0002:00076958 00000008 C=DATA     S=.data    G=DGROUP   M=RzShellConsts ALIGN=4
 0002:00076960 00002D0C C=DATA     S=.data    G=DGROUP   M=RzShellCtrls ALIGN=4
 0002:0007966C 00000218 C=DATA     S=.data    G=DGROUP   M=RzShellFolderForm ALIGN=4
 0002:00079884 000006D4 C=DATA     S=.data    G=DGROUP   M=RzSplit  ALIGN=4
 0002:00079F58 00000B94 C=DATA     S=.data    G=DGROUP   M=RzShellOpenForm ALIGN=4
 0002:0007AAEC 000004B0 C=DATA     S=.data    G=DGROUP   M=RzShellDialogs ALIGN=4
 0002:0007AF9C 00001840 C=DATA     S=.data    G=DGROUP   M=RzTabs   ALIGN=4
 0002:0007C7DC 00000008 C=DATA     S=.data    G=DGROUP   M=Vcl.VDBConsts ALIGN=4
 0002:0007C7E4 00000100 C=DATA     S=.data    G=DGROUP   M=Vcl.DBLogDlg ALIGN=4
 0002:0007C8E4 00000108 C=DATA     S=.data    G=DGROUP   M=Vcl.DBPWDlg ALIGN=4
 0002:0007C9EC 00000930 C=DATA     S=.data    G=DGROUP   M=Vcl.DBCtrls ALIGN=4
 0002:0007D31C 00001718 C=DATA     S=.data    G=DGROUP   M=Vcl.DBGrids ALIGN=4
 0002:0007EA34 0000042C C=DATA     S=.data    G=DGROUP   M=RzDBGrid ALIGN=4
 0002:0007EE60 00000010 C=DATA     S=.data    G=DGROUP   M=Spring.Hash ALIGN=4
 0002:0007EE70 0000000C C=DATA     S=.data    G=DGROUP   M=Spring.ResourceStrings ALIGN=4
 0002:0007EE7C 000000A4 C=DATA     S=.data    G=DGROUP   M=Spring.HashTable ALIGN=4
 0002:0007EF20 00000ED4 C=DATA     S=.data    G=DGROUP   M=Spring.Comparers ALIGN=4
 0002:0007FDF4 000000C4 C=DATA     S=.data    G=DGROUP   M=Spring.HazardEra ALIGN=4
 0002:0007FEB8 000001CC C=DATA     S=.data    G=DGROUP   M=Spring.Events.Base ALIGN=4
 0002:00080084 0000000C C=DATA     S=.data    G=DGROUP   M=Spring.Events ALIGN=4
 0002:00080090 0000000C C=DATA     S=.data    G=DGROUP   M=Spring.VirtualClass ALIGN=4
 0002:0008009C 000033C4 C=DATA     S=.data    G=DGROUP   M=Spring   ALIGN=4
 0002:00083460 0000000C C=DATA     S=.data    G=DGROUP   M=Spring.Collections.Events ALIGN=4
 0002:0008346C 0000000C C=DATA     S=.data    G=DGROUP   M=Spring.Collections.Trees ALIGN=4
 0002:00083478 00002BE0 C=DATA     S=.data    G=DGROUP   M=Spring.Collections.Extensions ALIGN=4
 0002:00086058 000009D4 C=DATA     S=.data    G=DGROUP   M=Spring.Collections.Lists ALIGN=4
 0002:00086A2C 00001060 C=DATA     S=.data    G=DGROUP   M=Spring.Collections.Base ALIGN=4
 0002:00087A8C 00000018 C=DATA     S=.data    G=DGROUP   M=Spring.Collections.Dictionaries ALIGN=4
 0002:00087AA4 0000000C C=DATA     S=.data    G=DGROUP   M=Spring.Collections.LinkedLists ALIGN=4
 0002:00087AB0 0000000C C=DATA     S=.data    G=DGROUP   M=Spring.Collections.Sets ALIGN=4
 0002:00087ABC 00000168 C=DATA     S=.data    G=DGROUP   M=Spring.Collections.MultiMaps ALIGN=4
 0002:00087C24 0000000C C=DATA     S=.data    G=DGROUP   M=Spring.Collections.MultiSets ALIGN=4
 0002:00087C30 0000000C C=DATA     S=.data    G=DGROUP   M=Spring.Collections.Queues ALIGN=4
 0002:00087C3C 0000000C C=DATA     S=.data    G=DGROUP   M=Spring.Collections.Stacks ALIGN=4
 0002:00087C48 0000C1BC C=DATA     S=.data    G=DGROUP   M=Spring.Collections ALIGN=4
 0002:00093E04 00000470 C=DATA     S=.data    G=DGROUP   M=Spring.Container.Common ALIGN=4
 0002:00094274 0000011C C=DATA     S=.data    G=DGROUP   M=Spring.Logging ALIGN=4
 0002:00094390 0000000C C=DATA     S=.data    G=DGROUP   M=Spring.Patterns.Specification ALIGN=4
 0002:0009439C 0000000C C=DATA     S=.data    G=DGROUP   M=Spring.Container.ResourceStrings ALIGN=4
 0002:000943A8 00002630 C=DATA     S=.data    G=DGROUP   M=Spring.Reflection ALIGN=4
 0002:000969D8 000001DC C=DATA     S=.data    G=DGROUP   M=Spring.Container.ComponentActivator ALIGN=4
 0002:00096BB4 000004BC C=DATA     S=.data    G=DGROUP   M=Spring.Container.Injection ALIGN=4
 0002:00097070 00000AC8 C=DATA     S=.data    G=DGROUP   M=Spring.Container.Pool ALIGN=4
 0002:00097B38 000002DC C=DATA     S=.data    G=DGROUP   M=Spring.Container.LifetimeManager ALIGN=4
 0002:00097E14 00000BD4 C=DATA     S=.data    G=DGROUP   M=Spring.Container.Builder ALIGN=4
 0002:000989E8 0000000C C=DATA     S=.data    G=DGROUP   M=Spring.Interception.ResourceStrings ALIGN=4
 0002:000989F4 000000B4 C=DATA     S=.data    G=DGROUP   M=Spring.Interception.AbstractInvocation ALIGN=4
 0002:00098AA8 0000000C C=DATA     S=.data    G=DGROUP   M=Spring.MethodIntercept ALIGN=4
 0002:00098AB4 0000005C C=DATA     S=.data    G=DGROUP   M=Spring.Patches.RSP13163 ALIGN=4
 0002:00098B10 0000000C C=DATA     S=.data    G=DGROUP   M=Spring.VirtualInterface ALIGN=4
 0002:00098B1C 0000024C C=DATA     S=.data    G=DGROUP   M=Spring.Interception.InterfaceProxy ALIGN=4
 0002:00098D68 0000000C C=DATA     S=.data    G=DGROUP   M=Spring.Interception.ClassProxy ALIGN=4
 0002:00098D74 0000000C C=DATA     S=.data    G=DGROUP   M=Spring.Interception.CustomProxy ALIGN=4
 0002:00098D80 000000E0 C=DATA     S=.data    G=DGROUP   M=Spring.Interception ALIGN=4
 0002:00098E60 0000014C C=DATA     S=.data    G=DGROUP   M=Spring.Container.ProxyFactory ALIGN=4
 0002:00098FAC 00004C40 C=DATA     S=.data    G=DGROUP   M=Spring.Container.CreationContext ALIGN=4
 0002:0009DBEC 00003414 C=DATA     S=.data    G=DGROUP   M=Spring.Container.Resolvers ALIGN=4
 0002:000A1000 00000548 C=DATA     S=.data    G=DGROUP   M=Spring.Container.Registration ALIGN=4
 0002:000A1548 00000244 C=DATA     S=.data    G=DGROUP   M=Spring.Logging.NullLogger ALIGN=4
 0002:000A178C 00001554 C=DATA     S=.data    G=DGROUP   M=Spring.Container.Core ALIGN=4
 0002:000A2CE0 000001BC C=DATA     S=.data    G=DGROUP   M=Spring.Services ALIGN=4
 0002:000A2E9C 000002EC C=DATA     S=.data    G=DGROUP   M=Spring.Container ALIGN=4
 0002:000A3188 000000F8 C=DATA     S=.data    G=DGROUP   M=SynEditTypes ALIGN=4
 0002:000A3280 00001004 C=DATA     S=.data    G=DGROUP   M=SynDWrite ALIGN=4
 0002:000A4284 0000000C C=DATA     S=.data    G=DGROUP   M=SynEditKeyConst ALIGN=4
 0002:000A4290 00001150 C=DATA     S=.data    G=DGROUP   M=SynEditCodeFolding ALIGN=4
 0002:000A53E0 00002014 C=DATA     S=.data    G=DGROUP   M=SynEditMiscClasses ALIGN=4
 0002:000A73F4 0000000C C=DATA     S=.data    G=DGROUP   M=SynEditStrConst ALIGN=4
 0002:000A7400 000008B8 C=DATA     S=.data    G=DGROUP   M=SynEditHighlighter ALIGN=4
 0002:000A7CB8 00015090 C=DATA     S=.data    G=DGROUP   M=System.RegularExpressionsAPI ALIGN=4
 0002:000BCD48 00000008 C=DATA     S=.data    G=DGROUP   M=System.RegularExpressionsConsts ALIGN=4
 0002:000BCD50 00000468 C=DATA     S=.data    G=DGROUP   M=System.RegularExpressionsCore ALIGN=4
 0002:000BD1B8 000007CC C=DATA     S=.data    G=DGROUP   M=System.RegularExpressions ALIGN=4
 0002:000BD984 00000504 C=DATA     S=.data    G=DGROUP   M=SynHighlighterMulti ALIGN=4
 0002:000BDE88 000001C8 C=DATA     S=.data    G=DGROUP   M=SynEditMiscProcs ALIGN=4
 0002:000BE050 00004530 C=DATA     S=.data    G=DGROUP   M=System.Threading ALIGN=4
 0002:000C2580 00000478 C=DATA     S=.data    G=DGROUP   M=SynEditTextBuffer ALIGN=4
 0002:000C29F8 00000064 C=DATA     S=.data    G=DGROUP   M=SynUnicode ALIGN=4
 0002:000C2A5C 00000958 C=DATA     S=.data    G=DGROUP   M=SynEditKeyCmds ALIGN=4
 0002:000C33B4 0000029C C=DATA     S=.data    G=DGROUP   M=SynEditKbdHandler ALIGN=4
 0002:000C3650 00000158 C=DATA     S=.data    G=DGROUP   M=SynEditScrollBars ALIGN=4
 0002:000C37A8 00000980 C=DATA     S=.data    G=DGROUP   M=SynEditUndo ALIGN=4
 0002:000C4128 00000224 C=DATA     S=.data    G=DGROUP   M=SynEditWordWrap ALIGN=4
 0002:000C434C 000003CC C=DATA     S=.data    G=DGROUP   M=SynEditExport ALIGN=4
 0002:000C4718 00000BFC C=DATA     S=.data    G=DGROUP   M=SynExportHTML ALIGN=4
 0002:000C5314 000008AC C=DATA     S=.data    G=DGROUP   M=SynEditDataObject ALIGN=4
 0002:000C5BC0 000001F0 C=DATA     S=.data    G=DGROUP   M=SynEditDragDrop ALIGN=4
 0002:000C5DB0 000027DC C=DATA     S=.data    G=DGROUP   M=SynEdit  ALIGN=4
 0002:000C858C 00000250 C=DATA     S=.data    G=DGROUP   M=SynHighlighterJSON ALIGN=4
 0002:000C87DC 000015A8 C=DATA     S=.data    G=DGROUP   M=SynHighlighterPas ALIGN=4
 0002:000C9D84 00000018 C=DATA     S=.data    G=DGROUP   M=Winapi.oleacc ALIGN=4
 0002:000C9D9C 00000180 C=DATA     S=.data    G=DGROUP   M=VirtualTrees.Utils ALIGN=4
 0002:000C9F1C 00000108 C=DATA     S=.data    G=DGROUP   M=VirtualTrees.Colors ALIGN=4
 0002:000CA024 00000008 C=DATA     S=.data    G=DGROUP   M=Winapi.MMSystem ALIGN=4
 0002:000CA02C 00000008 C=DATA     S=.data    G=DGROUP   M=System.Win.StdVCL ALIGN=4
 0002:000CA034 000002A8 C=DATA     S=.data    G=DGROUP   M=Vcl.AxCtrls ALIGN=4
 0002:000CA2DC 00000198 C=DATA     S=.data    G=DGROUP   M=VirtualTrees.WorkerThread ALIGN=4
 0002:000CA474 0000020C C=DATA     S=.data    G=DGROUP   M=VirtualTrees.ClipBoard ALIGN=4
 0002:000CA680 00002E6C C=DATA     S=.data    G=DGROUP   M=VirtualTrees.BaseTree ALIGN=4
 0002:000CD4EC 0000023C C=DATA     S=.data    G=DGROUP   M=VirtualTrees.DataObject ALIGN=4
 0002:000CD728 000001A8 C=DATA     S=.data    G=DGROUP   M=VirtualTrees.DragnDrop ALIGN=4
 0002:000CD8D0 00000090 C=DATA     S=.data    G=DGROUP   M=VirtualTrees.DragImage ALIGN=4
 0002:000CD960 000000FC C=DATA     S=.data    G=DGROUP   M=VirtualTrees.HeaderPopup ALIGN=4
 0002:000CDA5C 00001400 C=DATA     S=.data    G=DGROUP   M=VirtualTrees.Header ALIGN=4
 0002:000CEE5C 0000011C C=DATA     S=.data    G=DGROUP   M=VirtualTrees.StyleHooks ALIGN=4
 0002:000CEF78 00000268 C=DATA     S=.data    G=DGROUP   M=VirtualTrees.Types ALIGN=4
 0002:000CF1E0 000000BC C=DATA     S=.data    G=DGROUP   M=VirtualTrees.AccessibilityFactory ALIGN=4
 0002:000CF29C 0000026C C=DATA     S=.data    G=DGROUP   M=VirtualTrees.BaseAncestorVCL ALIGN=4
 0002:000CF508 00000104 C=DATA     S=.data    G=DGROUP   M=VirtualTrees.AncestorVCL ALIGN=4
 0002:000CF60C 0000006C C=DATA     S=.data    G=DGROUP   M=VirtualTrees.Classes ALIGN=4
 0002:000CF678 000008C0 C=DATA     S=.data    G=DGROUP   M=VirtualTrees.Export ALIGN=4
 0002:000CFF38 00000370 C=DATA     S=.data    G=DGROUP   M=VirtualTrees.EditLink ALIGN=4
 0002:000D02A8 0000076C C=DATA     S=.data    G=DGROUP   M=VirtualTrees ALIGN=4
 0002:000D0A14 00000008 C=DATA     S=.data    G=DGROUP   M=FireDAC.Stan.Consts ALIGN=4
 0002:000D0A1C 00000008 C=DATA     S=.data    G=DGROUP   M=FireDAC.Stan.ResStrs ALIGN=4
 0002:000D0A24 00000518 C=DATA     S=.data    G=DGROUP   M=FireDAC.Stan.Error ALIGN=4
 0002:000D0F3C 000007F4 C=DATA     S=.data    G=DGROUP   M=FireDAC.Stan.Util ALIGN=4
 0002:000D1730 000006E4 C=DATA     S=.data    G=DGROUP   M=FireDAC.Stan.Intf ALIGN=4
 0002:000D1E14 00000448 C=DATA     S=.data    G=DGROUP   M=FireDAC.Stan.SQLTimeInt ALIGN=4
 0002:000D225C 00001CFC C=DATA     S=.data    G=DGROUP   M=FireDAC.Stan.Param ALIGN=4
 0002:000D3F58 00005384 C=DATA     S=.data    G=DGROUP   M=FireDAC.DatS ALIGN=4
 0002:000D92DC 00000060 C=DATA     S=.data    G=DGROUP   M=FireDAC.UI.Intf ALIGN=4
 0002:000D933C 00000038 C=DATA     S=.data    G=DGROUP   M=FireDAC.Phys.Intf ALIGN=4
 0002:000D9374 00000190 C=DATA     S=.data    G=DGROUP   M=FireDAC.DApt.Column ALIGN=4
 0002:000D9504 00000044 C=DATA     S=.data    G=DGROUP   M=FireDAC.DApt.Intf ALIGN=4
 0002:000D9548 000002FC C=DATA     S=.data    G=DGROUP   M=FireDAC.Stan.Factory ALIGN=4
 0002:000D9844 00002420 C=DATA     S=.data    G=DGROUP   M=FireDAC.Stan.Option ALIGN=4
 0002:000DBC64 000037BC C=DATA     S=.data    G=DGROUP   M=FireDAC.Comp.DataSet ALIGN=4
 0002:000DF420 000005AC C=DATA     S=.data    G=DGROUP   M=FireDAC.Comp.UI ALIGN=4
 0002:000DF9CC 00000ABC C=DATA     S=.data    G=DGROUP   M=FireDAC.Stan.Expr ALIGN=4
 0002:000E0488 000003E4 C=DATA     S=.data    G=DGROUP   M=FireDAC.Phys.SQLPreprocessor ALIGN=4
 0002:000E086C 00004CEC C=DATA     S=.data    G=DGROUP   M=FireDAC.Comp.Client ALIGN=4
 0002:000E5558 0000000C C=DATA     S=.data    G=DGROUP   M=i_MetadataViewer ALIGN=4
 0002:000E5564 0000000C C=DATA     S=.data    G=DGROUP   M=i_PackageDataset ALIGN=4
 0002:000E5570 0000000C C=DATA     S=.data    G=DGROUP   M=u_SBOMEnums ALIGN=4
 0002:000E557C 0000000C C=DATA     S=.data    G=DGROUP   M=i_SBOMComponent ALIGN=4
 0002:000E5588 00000008 C=DATA     S=.data    G=DGROUP   M=System.JSONConsts ALIGN=4
 0002:000E5590 000029E0 C=DATA     S=.data    G=DGROUP   M=System.JSON ALIGN=4
 0002:000E7F70 000000A4 C=DATA     S=.data    G=DGROUP   M=u_Logger ALIGN=4
 0002:000E8014 000004D4 C=DATA     S=.data    G=DGROUP   M=u_SBOMClasses ALIGN=4
 0002:000E84E8 00000848 C=DATA     S=.data    G=DGROUP   M=u_PackageMetadataRepository ALIGN=4
 0002:000E8D30 00000214 C=DATA     S=.data    G=DGROUP   M=u_SPDXLicenses ALIGN=4
 0002:000E8F44 00000060 C=DATA     S=.data    G=DGROUP   M=u_DataSetUtils ALIGN=4
 0002:000E8FA4 0000003C C=DATA     S=.data    G=DGROUP   M=u_FileFinders ALIGN=4
 0002:000E8FE0 00000260 C=DATA     S=.data    G=DGROUP   M=d_Metadata ALIGN=4
 0002:000E9240 000001F0 C=DATA     S=.data    G=DGROUP   M=u_SBOMValidation ALIGN=4
 0002:000E9430 000000E8 C=DATA     S=.data    G=DGROUP   M=f_ValidationResults ALIGN=4
 0002:000E9518 00000174 C=DATA     S=.data    G=DGROUP   M=f_PrefixEditor ALIGN=4
 0002:000E968C 0000000C C=DATA     S=.data    G=DGROUP   M=i_AmbiguousUnit ALIGN=4
 0002:000E9698 000005BC C=DATA     S=.data    G=DGROUP   M=u_DelphiVersionDetector_2 ALIGN=4
 0002:000E9C54 0000000C C=DATA     S=.data    G=DGROUP   M=i_SBOMComponentDetection ALIGN=4
 0002:000E9C60 00000078 C=DATA     S=.data    G=DGROUP   M=u_CLIRunner ALIGN=4
 0002:000E9CD8 00000094 C=DATA     S=.data    G=DGROUP   M=u_CycloneDXValidator ALIGN=4
 0002:000E9D6C 00000008 C=DATA     S=.data    G=DGROUP   M=Xml.XMLConst ALIGN=4
 0002:000E9D74 00000058 C=DATA     S=.data    G=DGROUP   M=Winapi.msxml ALIGN=4
 0002:000E9DCC 00001E0C C=DATA     S=.data    G=DGROUP   M=Xml.Win.msxmldom ALIGN=4
 0002:000EBBD8 0000037C C=DATA     S=.data    G=DGROUP   M=Xml.xmldom ALIGN=4
 0002:000EBF54 00000008 C=DATA     S=.data    G=DGROUP   M=Xml.XMLIntf ALIGN=4
 0002:000EBF5C 00000008 C=DATA     S=.data    G=DGROUP   M=Xml.XMLSchemaTags ALIGN=4
 0002:000EBF64 0000003C C=DATA     S=.data    G=DGROUP   M=Xml.XMLSchema ALIGN=4
 0002:000EBFA0 00000088 C=DATA     S=.data    G=DGROUP   M=Xml.xmlutil ALIGN=4
 0002:000EC028 00001EB8 C=DATA     S=.data    G=DGROUP   M=Xml.XMLDoc ALIGN=4
 0002:000EDEE0 00000744 C=DATA     S=.data    G=DGROUP   M=u_DelphiEnvironment ALIGN=4
 0002:000EE624 00000134 C=DATA     S=.data    G=DGROUP   M=u_MapModules ALIGN=4
 0002:000EE758 00000354 C=DATA     S=.data    G=DGROUP   M=u_PackageEditor ALIGN=4
 0002:000EEAAC 00000260 C=DATA     S=.data    G=DGROUP   M=u_RegistryHelper ALIGN=4
 0002:000EED0C 00000294 C=DATA     S=.data    G=DGROUP   M=u_PackageResolver ALIGN=4
 0002:000EEFA0 000000A0 C=DATA     S=.data    G=DGROUP   M=u_SBOMGenerationService ALIGN=4
 0002:000EF040 00000420 C=DATA     S=.data    G=DGROUP   M=u_SBOMProject ALIGN=4
 0002:000EF460 00000224 C=DATA     S=.data    G=DGROUP   M=u_UserProfile ALIGN=4
 0002:000EF684 00000008 C=DATA     S=.data    G=DGROUP   M=Vcl.FileCtrl ALIGN=4
 0002:000EF68C 000003E4 C=DATA     S=.data    G=DGROUP   M=Vcl.CheckLst ALIGN=4
 0002:000EFA70 000000CC C=DATA     S=.data    G=DGROUP   M=f_DeleteProject ALIGN=4
 0002:000EFB3C 00000038 C=DATA     S=.data    G=DGROUP   M=f_DisambiguatePackages ALIGN=4
 0002:000EFB74 0000000C C=DATA     S=.data    G=DGROUP   M=f_HelpViewer ALIGN=4
 0002:000EFB80 00000008 C=DATA     S=.data    G=DGROUP   M=Winapi.DirectDraw ALIGN=4
 0002:000EFB88 00000008 C=DATA     S=.data    G=DGROUP   M=Winapi.GDIPAPI ALIGN=4
 0002:000EFB90 00000164 C=DATA     S=.data    G=DGROUP   M=Img32.Resamplers ALIGN=4
 0002:000EFCF4 00000300 C=DATA     S=.data    G=DGROUP   M=Img32.Transform ALIGN=4
 0002:000EFFF4 000009D4 C=DATA     S=.data    G=DGROUP   M=Img32.Vector ALIGN=4
 0002:000F09C8 000003EC C=DATA     S=.data    G=DGROUP   M=Img32.Fmt.BMP ALIGN=4
 0002:000F0DB4 00001B14 C=DATA     S=.data    G=DGROUP   M=Img32    ALIGN=4
 0002:000F28C8 0000056C C=DATA     S=.data    G=DGROUP   M=Img32.Draw ALIGN=4
 0002:000F2E34 00000AB8 C=DATA     S=.data    G=DGROUP   M=Img32.TextChunks ALIGN=4
 0002:000F38EC 00001C24 C=DATA     S=.data    G=DGROUP   M=Img32.Text ALIGN=4
 0002:000F5510 00002060 C=DATA     S=.data    G=DGROUP   M=Img32.SVG.Core ALIGN=4
 0002:000F7570 00000C60 C=DATA     S=.data    G=DGROUP   M=Img32.SVG.Path ALIGN=4
 0002:000F81D0 000000E8 C=DATA     S=.data    G=DGROUP   M=Img32.Extra ALIGN=4
 0002:000F82B8 0000000C C=DATA     S=.data    G=DGROUP   M=Clipper.Core ALIGN=4
 0002:000F82C4 0000000C C=DATA     S=.data    G=DGROUP   M=Clipper.Engine ALIGN=4
 0002:000F82D0 0000000C C=DATA     S=.data    G=DGROUP   M=Clipper.Offset ALIGN=4
 0002:000F82DC 0000000C C=DATA     S=.data    G=DGROUP   M=Clipper.RectClip ALIGN=4
 0002:000F82E8 0000000C C=DATA     S=.data    G=DGROUP   M=Clipper.Minkowski ALIGN=4
 0002:000F82F4 0000000C C=DATA     S=.data    G=DGROUP   M=Clipper  ALIGN=4
 0002:000F8300 0000000C C=DATA     S=.data    G=DGROUP   M=Img32.Clipper2 ALIGN=4
 0002:000F830C 000020A8 C=DATA     S=.data    G=DGROUP   M=Img32.SVG.Reader ALIGN=4
 0002:000FA3B4 00000274 C=DATA     S=.data    G=DGROUP   M=Image32SVGFactory ALIGN=4
 0002:000FA628 00000060 C=DATA     S=.data    G=DGROUP   M=SVGInterfaces ALIGN=4
 0002:000FA688 00000474 C=DATA     S=.data    G=DGROUP   M=SVGIconImageCollection ALIGN=4
 0002:000FAAFC 0000000C C=DATA     S=.data    G=DGROUP   M=SVGIconVirtualImageList ALIGN=4
 0002:000FAB08 00000248 C=DATA     S=.data    G=DGROUP   M=SVGIconImageList ALIGN=4
 0002:000FAD50 0000000C C=DATA     S=.data    G=DGROUP   M=SVGIconUtils ALIGN=4
 0002:000FAD5C 00000354 C=DATA     S=.data    G=DGROUP   M=SVGIconItems ALIGN=4
 0002:000FB0B0 00000320 C=DATA     S=.data    G=DGROUP   M=SVGIconImageListBase ALIGN=4
 0002:000FB3D0 0000010C C=DATA     S=.data    G=DGROUP   M=f_SelectPaths ALIGN=4
 0002:000FB4DC 00000290 C=DATA     S=.data    G=DGROUP   M=u_MetadataEditController ALIGN=4
 0002:000FB76C 00000308 C=DATA     S=.data    G=DGROUP   M=u_MetadataEditor ALIGN=4
 0002:000FBA74 0000031C C=DATA     S=.data    G=DGROUP   M=u_MetadataViewer ALIGN=4
 0002:000FBD90 00000210 C=DATA     S=.data    G=DGROUP   M=u_ModuleAdapter ALIGN=4
 0002:000FBFA0 000002C4 C=DATA     S=.data    G=DGROUP   M=u_PackagesGridAdapter ALIGN=4
 0002:000FC264 00000070 C=DATA     S=.data    G=DGROUP   M=u_EnvironmentHelper ALIGN=4
 0002:000FC2D4 0000000C C=DATA     S=.data    G=DGROUP   M=flcStdTypes ALIGN=4
 0002:000FC2E0 0000000C C=DATA     S=.data    G=DGROUP   M=flcSysUtils ALIGN=4
 0002:000FC2EC 000001C8 C=DATA     S=.data    G=DGROUP   M=flcHash  ALIGN=4
 0002:000FC4B4 00000088 C=DATA     S=.data    G=DGROUP   M=u_AmbiguousUnit ALIGN=4
 0002:000FC53C 000004A0 C=DATA     S=.data    G=DGROUP   M=u_SBOMComponentDetectionImpl ALIGN=4
 0002:000FC9DC 00000018 C=DATA     S=.data    G=DGROUP   M=u_ServiceRegistration ALIGN=4
 0002:000FC9F4 00000CB4 C=DATA     S=.data    G=DGROUP   M=f_Main   ALIGN=4
 0002:000FD6A8 0000000C C=DATA     S=.data    G=DGROUP   M=u_EnumUtils ALIGN=4
 0002:000FD6B4 0000000C C=DATA     S=.data    G=DGROUP   M=u_TextTools ALIGN=4
 0002:000FD6C0 00000044 C=DATA     S=.data    G=DGROUP   M=SBOMgen  ALIGN=4
 0003:00000000 00006290 C=BSS      S=.bss     G=DGROUP   M=System   ALIGN=4
 0003:00006290 00000058 C=BSS      S=.bss     G=DGROUP   M=SysInit  ALIGN=4
 0003:000062E8 0000000C C=BSS      S=.bss     G=DGROUP   M=System.Types ALIGN=4
 0003:000062F4 00000018 C=BSS      S=.bss     G=DGROUP   M=System.UITypes ALIGN=4
 0003:0000630C 00000004 C=BSS      S=.bss     G=DGROUP   M=Winapi.Windows.PkgHelper ALIGN=4
 0003:00006310 00000004 C=BSS      S=.bss     G=DGROUP   M=Winapi.Windows ALIGN=4
 0003:00006314 00000004 C=BSS      S=.bss     G=DGROUP   M=System.SysConst ALIGN=4
 0003:00006318 00000004 C=BSS      S=.bss     G=DGROUP   M=Winapi.ImageHlp ALIGN=4
 0003:0000631C 00000004 C=BSS      S=.bss     G=DGROUP   M=Winapi.SHFolder ALIGN=4
 0003:00006320 00000014 C=BSS      S=.bss     G=DGROUP   M=Winapi.PsAPI ALIGN=4
 0003:00006334 00000004 C=BSS      S=.bss     G=DGROUP   M=System.RTLConsts ALIGN=4
 0003:00006338 00000048 C=BSS      S=.bss     G=DGROUP   M=System.Character ALIGN=4
 0003:00006380 00000004 C=BSS      S=.bss     G=DGROUP   M=System.Internal.ExcUtils ALIGN=4
 0003:00006384 00004CAC C=BSS      S=.bss     G=DGROUP   M=System.SysUtils ALIGN=4
 0003:0000B030 000000B4 C=BSS      S=.bss     G=DGROUP   M=System.VarUtils ALIGN=4
 0003:0000B0E4 00000C6C C=BSS      S=.bss     G=DGROUP   M=System.Variants ALIGN=4
 0003:0000BD50 00000808 C=BSS      S=.bss     G=DGROUP   M=System.TypInfo ALIGN=4
 0003:0000C558 00000004 C=BSS      S=.bss     G=DGROUP   M=Winapi.Messages ALIGN=4
 0003:0000C55C 00000004 C=BSS      S=.bss     G=DGROUP   M=Winapi.ActiveX ALIGN=4
 0003:0000C560 00000004 C=BSS      S=.bss     G=DGROUP   M=System.Math ALIGN=4
 0003:0000C564 00000020 C=BSS      S=.bss     G=DGROUP   M=System.TimeSpan ALIGN=4
 0003:0000C584 00000020 C=BSS      S=.bss     G=DGROUP   M=System.Diagnostics ALIGN=4
 0003:0000C5A4 0000002C C=BSS      S=.bss     G=DGROUP   M=System.SyncObjs ALIGN=4
 0003:0000C5D0 00000060 C=BSS      S=.bss     G=DGROUP   M=System.Rtti ALIGN=4
 0003:0000C630 000000C0 C=BSS      S=.bss     G=DGROUP   M=System.Classes ALIGN=4
 0003:0000C6F0 00000004 C=BSS      S=.bss     G=DGROUP   M=System.Hash ALIGN=4
 0003:0000C6F4 00000020 C=BSS      S=.bss     G=DGROUP   M=System.Generics.Defaults ALIGN=4
 0003:0000C714 00000004 C=BSS      S=.bss     G=DGROUP   M=System.Generics.Collections ALIGN=4
 0003:0000C718 00000018 C=BSS      S=.bss     G=DGROUP   M=System.Messaging ALIGN=4
 0003:0000C730 00000010 C=BSS      S=.bss     G=DGROUP   M=System.Actions ALIGN=4
 0003:0000C740 00000004 C=BSS      S=.bss     G=DGROUP   M=Winapi.Wincodec ALIGN=4
 0003:0000C744 0000001C C=BSS      S=.bss     G=DGROUP   M=Winapi.CommCtrl ALIGN=4
 0003:0000C760 00000004 C=BSS      S=.bss     G=DGROUP   M=Winapi.Qos ALIGN=4
 0003:0000C764 00000004 C=BSS      S=.bss     G=DGROUP   M=Winapi.Winsock2 ALIGN=4
 0003:0000C768 00000004 C=BSS      S=.bss     G=DGROUP   M=Winapi.IpExport ALIGN=4
 0003:0000C76C 00000004 C=BSS      S=.bss     G=DGROUP   M=Winapi.ShellAPI ALIGN=4
 0003:0000C770 00000004 C=BSS      S=.bss     G=DGROUP   M=Winapi.RegStr ALIGN=4
 0003:0000C774 00000004 C=BSS      S=.bss     G=DGROUP   M=Winapi.WinInet ALIGN=4
 0003:0000C778 00000004 C=BSS      S=.bss     G=DGROUP   M=Winapi.UrlMon ALIGN=4
 0003:0000C77C 00000004 C=BSS      S=.bss     G=DGROUP   M=Winapi.ObjectArray ALIGN=4
 0003:0000C780 00000004 C=BSS      S=.bss     G=DGROUP   M=Winapi.StructuredQueryCondition ALIGN=4
 0003:0000C784 00000004 C=BSS      S=.bss     G=DGROUP   M=Winapi.PropSys ALIGN=4
 0003:0000C788 00000004 C=BSS      S=.bss     G=DGROUP   M=Winapi.MSXMLIntf ALIGN=4
 0003:0000C78C 00000004 C=BSS      S=.bss     G=DGROUP   M=Winapi.ShlObj ALIGN=4
 0003:0000C790 00000004 C=BSS      S=.bss     G=DGROUP   M=Winapi.KnownFolders ALIGN=4
 0003:0000C794 00000004 C=BSS      S=.bss     G=DGROUP   M=System.Masks ALIGN=4
 0003:0000C798 00000004 C=BSS      S=.bss     G=DGROUP   M=System.StrUtils ALIGN=4
 0003:0000C79C 000001A0 C=BSS      S=.bss     G=DGROUP   M=System.DateUtils ALIGN=4
 0003:0000C93C 0000002C C=BSS      S=.bss     G=DGROUP   M=System.IOUtils ALIGN=4
 0003:0000C968 00000004 C=BSS      S=.bss     G=DGROUP   M=System.IniFiles ALIGN=4
 0003:0000C96C 0000000C C=BSS      S=.bss     G=DGROUP   M=System.Win.Registry ALIGN=4
 0003:0000C978 00000004 C=BSS      S=.bss     G=DGROUP   M=System.UIConsts ALIGN=4
 0003:0000C97C 00000004 C=BSS      S=.bss     G=DGROUP   M=Vcl.Consts ALIGN=4
 0003:0000C980 000000E0 C=BSS      S=.bss     G=DGROUP   M=Vcl.Graphics ALIGN=4
 0003:0000CA60 00000004 C=BSS      S=.bss     G=DGROUP   M=System.Contnrs ALIGN=4
 0003:0000CA64 00000004 C=BSS      S=.bss     G=DGROUP   M=System.ImageList ALIGN=4
 0003:0000CA68 0000018C C=BSS      S=.bss     G=DGROUP   M=Winapi.UxTheme ALIGN=4
 0003:0000CBF4 00000004 C=BSS      S=.bss     G=DGROUP   M=Winapi.MultiMon ALIGN=4
 0003:0000CBF8 00000004 C=BSS      S=.bss     G=DGROUP   M=Winapi.UIAutomation ALIGN=4
 0003:0000CBFC 00000004 C=BSS      S=.bss     G=DGROUP   M=Winapi.Imm ALIGN=4
 0003:0000CC00 00000004 C=BSS      S=.bss     G=DGROUP   M=Vcl.ActnList ALIGN=4
 0003:0000CC04 00000004 C=BSS      S=.bss     G=DGROUP   M=Winapi.TpcShrd ALIGN=4
 0003:0000CC08 00000004 C=BSS      S=.bss     G=DGROUP   M=Winapi.MsCTF.PkgHelper ALIGN=4
 0003:0000CC0C 00000004 C=BSS      S=.bss     G=DGROUP   M=System.AnsiStrings ALIGN=4
 0003:0000CC10 00000004 C=BSS      S=.bss     G=DGROUP   M=System.Win.ComConst ALIGN=4
 0003:0000CC14 0000001C C=BSS      S=.bss     G=DGROUP   M=System.Win.ComObj ALIGN=4
 0003:0000CC30 00000004 C=BSS      S=.bss     G=DGROUP   M=Winapi.MsCTF ALIGN=4
 0003:0000CC34 00000004 C=BSS      S=.bss     G=DGROUP   M=Winapi.Dwmapi ALIGN=4
 0003:0000CC38 00000004 C=BSS      S=.bss     G=DGROUP   M=System.Win.Crtl ALIGN=4
 0003:0000CC3C 00000004 C=BSS      S=.bss     G=DGROUP   M=System.ZLib ALIGN=4
 0003:0000CC40 00000004 C=BSS      S=.bss     G=DGROUP   M=Vcl.GraphUtil ALIGN=4
 0003:0000CC44 00000004 C=BSS      S=.bss     G=DGROUP   M=Winapi.MsInkAut ALIGN=4
 0003:0000CC48 00000004 C=BSS      S=.bss     G=DGROUP   M=Winapi.PenInputPanel ALIGN=4
 0003:0000CC4C 000000BC C=BSS      S=.bss     G=DGROUP   M=Vcl.Controls ALIGN=4
 0003:0000CD08 00000044 C=BSS      S=.bss     G=DGROUP   M=Vcl.StdCtrls ALIGN=4
 0003:0000CD4C 00000004 C=BSS      S=.bss     G=DGROUP   M=System.MaskUtils ALIGN=4
 0003:0000CD50 00000018 C=BSS      S=.bss     G=DGROUP   M=Vcl.Clipbrd ALIGN=4
 0003:0000CD68 00000004 C=BSS      S=.bss     G=DGROUP   M=Vcl.Mask ALIGN=4
 0003:0000CD6C 00000004 C=BSS      S=.bss     G=DGROUP   M=Winapi.CommDlg ALIGN=4
 0003:0000CD70 00000004 C=BSS      S=.bss     G=DGROUP   M=Winapi.WinSpool ALIGN=4
 0003:0000CD74 00000004 C=BSS      S=.bss     G=DGROUP   M=Vcl.Printers ALIGN=4
 0003:0000CD78 00000004 C=BSS      S=.bss     G=DGROUP   M=Winapi.RichEdit ALIGN=4
 0003:0000CD7C 00000004 C=BSS      S=.bss     G=DGROUP   M=Vcl.ToolWin ALIGN=4
 0003:0000CD80 00000004 C=BSS      S=.bss     G=DGROUP   M=Vcl.ListActns ALIGN=4
 0003:0000CD84 00000004 C=BSS      S=.bss     G=DGROUP   M=Vcl.ComStrs ALIGN=4
 0003:0000CD88 00000004 C=BSS      S=.bss     G=DGROUP   M=Vcl.StdActns ALIGN=4
 0003:0000CD8C 00000044 C=BSS      S=.bss     G=DGROUP   M=Vcl.ComCtrls ALIGN=4
 0003:0000CDD0 00000004 C=BSS      S=.bss     G=DGROUP   M=System.WideStrUtils ALIGN=4
 0003:0000CDD4 00000004 C=BSS      S=.bss     G=DGROUP   M=Winapi.Dlgs ALIGN=4
 0003:0000CDD8 00000010 C=BSS      S=.bss     G=DGROUP   M=System.HelpIntfs ALIGN=4
 0003:0000CDE8 0000000C C=BSS      S=.bss     G=DGROUP   M=Vcl.Dialogs ALIGN=4
 0003:0000CDF4 0000000C C=BSS      S=.bss     G=DGROUP   M=Vcl.ExtCtrls ALIGN=4
 0003:0000CE00 000000AC C=BSS      S=.bss     G=DGROUP   M=Vcl.Themes ALIGN=4
 0003:0000CEAC 00000014 C=BSS      S=.bss     G=DGROUP   M=Vcl.ImgList ALIGN=4
 0003:0000CEC0 00000020 C=BSS      S=.bss     G=DGROUP   M=Vcl.Menus ALIGN=4
 0003:0000CEE0 00000004 C=BSS      S=.bss     G=DGROUP   M=System.Win.Taskbar ALIGN=4
 0003:0000CEE4 00000004 C=BSS      S=.bss     G=DGROUP   M=System.Win.TaskbarCore ALIGN=4
 0003:0000CEE8 00000004 C=BSS      S=.bss     G=DGROUP   M=Winapi.ShellScaling ALIGN=4
 0003:0000CEEC 00000004 C=BSS      S=.bss     G=DGROUP   M=Winapi.Wtsapi32 ALIGN=4
 0003:0000CEF0 00000068 C=BSS      S=.bss     G=DGROUP   M=Winapi.FlatSB ALIGN=4
 0003:0000CF58 00000068 C=BSS      S=.bss     G=DGROUP   M=Vcl.Forms ALIGN=4
 0003:0000CFC0 00000008 C=BSS      S=.bss     G=DGROUP   M=Vcl.Grids ALIGN=4
 0003:0000CFC8 00000004 C=BSS      S=.bss     G=DGROUP   M=Vcl.CategoryButtons ALIGN=4
 0003:0000CFCC 00000004 C=BSS      S=.bss     G=DGROUP   M=Vcl.ButtonGroup ALIGN=4
 0003:0000CFD0 00000010 C=BSS      S=.bss     G=DGROUP   M=Vcl.SysStyles ALIGN=4
 0003:0000CFE0 00000004 C=BSS      S=.bss     G=DGROUP   M=Winapi.DxgiFormat ALIGN=4
 0003:0000CFE4 00000004 C=BSS      S=.bss     G=DGROUP   M=Winapi.DXTypes ALIGN=4
 0003:0000CFE8 00000004 C=BSS      S=.bss     G=DGROUP   M=Winapi.DxgiType ALIGN=4
 0003:0000CFEC 00000004 C=BSS      S=.bss     G=DGROUP   M=Winapi.DXGI ALIGN=4
 0003:0000CFF0 00000004 C=BSS      S=.bss     G=DGROUP   M=Winapi.D3DCommon ALIGN=4
 0003:0000CFF4 00000024 C=BSS      S=.bss     G=DGROUP   M=Winapi.D2D1 ALIGN=4
 0003:0000D018 00000020 C=BSS      S=.bss     G=DGROUP   M=Vcl.Direct2D ALIGN=4
 0003:0000D038 00019504 C=BSS      S=.bss     G=DGROUP   M=Vcl.StyleBitmap ALIGN=4
 0003:0002653C 0000001C C=BSS      S=.bss     G=DGROUP   M=Vcl.StyleAPI ALIGN=4
 0003:00026558 00000010 C=BSS      S=.bss     G=DGROUP   M=Vcl.Styles ALIGN=4
 0003:00026568 00000004 C=BSS      S=.bss     G=DGROUP   M=Data.DBConsts ALIGN=4
 0003:0002656C 00000004 C=BSS      S=.bss     G=DGROUP   M=Data.SqlTimSt ALIGN=4
 0003:00026570 00000190 C=BSS      S=.bss     G=DGROUP   M=Data.FmtBcd ALIGN=4
 0003:00026700 00000004 C=BSS      S=.bss     G=DGROUP   M=Data.DBCommonTypes ALIGN=4
 0003:00026704 00000040 C=BSS      S=.bss     G=DGROUP   M=Data.DB  ALIGN=4
 0003:00026744 000000B4 C=BSS      S=.bss     G=DGROUP   M=Vcl.Buttons ALIGN=4
 0003:000267F8 00000004 C=BSS      S=.bss     G=DGROUP   M=Vcl.Imaging.pnglang ALIGN=4
 0003:000267FC 00000410 C=BSS      S=.bss     G=DGROUP   M=Vcl.Imaging.pngimage ALIGN=4
 0003:00026C0C 00000004 C=BSS      S=.bss     G=DGROUP   M=RzGrafx  ALIGN=4
 0003:00026C10 00000010 C=BSS      S=.bss     G=DGROUP   M=RzCommon ALIGN=4
 0003:00026C20 00000004 C=BSS      S=.bss     G=DGROUP   M=Vcl.BaseImageCollection ALIGN=4
 0003:00026C24 00000004 C=BSS      S=.bss     G=DGROUP   M=Vcl.ImageCollection ALIGN=4
 0003:00026C28 00000004 C=BSS      S=.bss     G=DGROUP   M=Vcl.VirtualImageList ALIGN=4
 0003:00026C2C 00000004 C=BSS      S=.bss     G=DGROUP   M=RzRadChk ALIGN=4
 0003:00026C30 00000004 C=BSS      S=.bss     G=DGROUP   M=RzBorder ALIGN=4
 0003:00026C34 0000000C C=BSS      S=.bss     G=DGROUP   M=RzEdit   ALIGN=4
 0003:00026C40 00000004 C=BSS      S=.bss     G=DGROUP   M=RzSpnEdt ALIGN=4
 0003:00026C44 00000004 C=BSS      S=.bss     G=DGROUP   M=RzPopups ALIGN=4
 0003:00026C48 00000004 C=BSS      S=.bss     G=DGROUP   M=Vcl.ExtDlgs ALIGN=4
 0003:00026C4C 00000004 C=BSS      S=.bss     G=DGROUP   M=RzLabel  ALIGN=4
 0003:00026C50 00000004 C=BSS      S=.bss     G=DGROUP   M=RzIntLst ALIGN=4
 0003:00026C54 00000004 C=BSS      S=.bss     G=DGROUP   M=RzRadGrp ALIGN=4
 0003:00026C58 00000004 C=BSS      S=.bss     G=DGROUP   M=RzCmboBx ALIGN=4
 0003:00026C5C 00000004 C=BSS      S=.bss     G=DGROUP   M=RzLstBox ALIGN=4
 0003:00026C60 00000004 C=BSS      S=.bss     G=DGROUP   M=RzChkLst ALIGN=4
 0003:00026C64 00000004 C=BSS      S=.bss     G=DGROUP   M=RzToolbarForm ALIGN=4
 0003:00026C68 00000004 C=BSS      S=.bss     G=DGROUP   M=RzPanel  ALIGN=4
 0003:00026C6C 00000014 C=BSS      S=.bss     G=DGROUP   M=RzButton ALIGN=4
 0003:00026C80 00000008 C=BSS      S=.bss     G=DGROUP   M=RzShellIntf ALIGN=4
 0003:00026C88 00000158 C=BSS      S=.bss     G=DGROUP   M=RzShellUtils ALIGN=4
 0003:00026DE0 00000004 C=BSS      S=.bss     G=DGROUP   M=RzTreeVw ALIGN=4
 0003:00026DE4 00000004 C=BSS      S=.bss     G=DGROUP   M=RzListVw ALIGN=4
 0003:00026DE8 00000004 C=BSS      S=.bss     G=DGROUP   M=RzShellConsts ALIGN=4
 0003:00026DEC 00000020 C=BSS      S=.bss     G=DGROUP   M=RzShellCtrls ALIGN=4
 0003:00026E0C 00000004 C=BSS      S=.bss     G=DGROUP   M=RzShellFolderForm ALIGN=4
 0003:00026E10 00000004 C=BSS      S=.bss     G=DGROUP   M=RzSplit  ALIGN=4
 0003:00026E14 00000004 C=BSS      S=.bss     G=DGROUP   M=RzShellOpenForm ALIGN=4
 0003:00026E18 00000004 C=BSS      S=.bss     G=DGROUP   M=RzShellDialogs ALIGN=4
 0003:00026E1C 00000004 C=BSS      S=.bss     G=DGROUP   M=RzTabs   ALIGN=4
 0003:00026E20 00000004 C=BSS      S=.bss     G=DGROUP   M=Vcl.VDBConsts ALIGN=4
 0003:00026E24 00000004 C=BSS      S=.bss     G=DGROUP   M=Vcl.DBLogDlg ALIGN=4
 0003:00026E28 00000004 C=BSS      S=.bss     G=DGROUP   M=Vcl.DBPWDlg ALIGN=4
 0003:00026E2C 00000008 C=BSS      S=.bss     G=DGROUP   M=Vcl.DBCtrls ALIGN=4
 0003:00026E34 00000028 C=BSS      S=.bss     G=DGROUP   M=Vcl.DBGrids ALIGN=4
 0003:00026E5C 00000004 C=BSS      S=.bss     G=DGROUP   M=RzDBGrid ALIGN=4
 0003:00026E60 00000004 C=BSS      S=.bss     G=DGROUP   M=Spring.Hash ALIGN=4
 0003:00026E64 00000004 C=BSS      S=.bss     G=DGROUP   M=Spring.ResourceStrings ALIGN=4
 0003:00026E68 00000008 C=BSS      S=.bss     G=DGROUP   M=Spring.HashTable ALIGN=4
 0003:00026E70 00000060 C=BSS      S=.bss     G=DGROUP   M=Spring.Comparers ALIGN=4
 0003:00026ED0 00000820 C=BSS      S=.bss     G=DGROUP   M=Spring.HazardEra ALIGN=4
 0003:000276F0 00000004 C=BSS      S=.bss     G=DGROUP   M=Spring.Events.Base ALIGN=4
 0003:000276F4 00000004 C=BSS      S=.bss     G=DGROUP   M=Spring.Events ALIGN=4
 0003:000276F8 00000004 C=BSS      S=.bss     G=DGROUP   M=Spring.VirtualClass ALIGN=4
 0003:000276FC 000001F4 C=BSS      S=.bss     G=DGROUP   M=Spring   ALIGN=4
 0003:000278F0 00000004 C=BSS      S=.bss     G=DGROUP   M=Spring.Collections.Events ALIGN=4
 0003:000278F4 00000004 C=BSS      S=.bss     G=DGROUP   M=Spring.Collections.Trees ALIGN=4
 0003:000278F8 00000108 C=BSS      S=.bss     G=DGROUP   M=Spring.Collections.Extensions ALIGN=4
 0003:00027A00 00000038 C=BSS      S=.bss     G=DGROUP   M=Spring.Collections.Lists ALIGN=4
 0003:00027A38 000000A8 C=BSS      S=.bss     G=DGROUP   M=Spring.Collections.Base ALIGN=4
 0003:00027AE0 00000004 C=BSS      S=.bss     G=DGROUP   M=Spring.Collections.Dictionaries ALIGN=4
 0003:00027AE4 00000004 C=BSS      S=.bss     G=DGROUP   M=Spring.Collections.LinkedLists ALIGN=4
 0003:00027AE8 00000004 C=BSS      S=.bss     G=DGROUP   M=Spring.Collections.Sets ALIGN=4
 0003:00027AEC 0000002C C=BSS      S=.bss     G=DGROUP   M=Spring.Collections.MultiMaps ALIGN=4
 0003:00027B18 00000004 C=BSS      S=.bss     G=DGROUP   M=Spring.Collections.MultiSets ALIGN=4
 0003:00027B1C 00000004 C=BSS      S=.bss     G=DGROUP   M=Spring.Collections.Queues ALIGN=4
 0003:00027B20 00000004 C=BSS      S=.bss     G=DGROUP   M=Spring.Collections.Stacks ALIGN=4
 0003:00027B24 00000794 C=BSS      S=.bss     G=DGROUP   M=Spring.Collections ALIGN=4
 0003:000282B8 00000004 C=BSS      S=.bss     G=DGROUP   M=Spring.Container.Common ALIGN=4
 0003:000282BC 00000004 C=BSS      S=.bss     G=DGROUP   M=Spring.Logging ALIGN=4
 0003:000282C0 00000004 C=BSS      S=.bss     G=DGROUP   M=Spring.Patterns.Specification ALIGN=4
 0003:000282C4 00000004 C=BSS      S=.bss     G=DGROUP   M=Spring.Container.ResourceStrings ALIGN=4
 0003:000282C8 00000090 C=BSS      S=.bss     G=DGROUP   M=Spring.Reflection ALIGN=4
 0003:00028358 00000004 C=BSS      S=.bss     G=DGROUP   M=Spring.Container.ComponentActivator ALIGN=4
 0003:0002835C 00000004 C=BSS      S=.bss     G=DGROUP   M=Spring.Container.Injection ALIGN=4
 0003:00028360 00000058 C=BSS      S=.bss     G=DGROUP   M=Spring.Container.Pool ALIGN=4
 0003:000283B8 00000004 C=BSS      S=.bss     G=DGROUP   M=Spring.Container.LifetimeManager ALIGN=4
 0003:000283BC 00000014 C=BSS      S=.bss     G=DGROUP   M=Spring.Container.Builder ALIGN=4
 0003:000283D0 00000004 C=BSS      S=.bss     G=DGROUP   M=Spring.Interception.ResourceStrings ALIGN=4
 0003:000283D4 00000004 C=BSS      S=.bss     G=DGROUP   M=Spring.Interception.AbstractInvocation ALIGN=4
 0003:000283D8 00000004 C=BSS      S=.bss     G=DGROUP   M=Spring.MethodIntercept ALIGN=4
 0003:000283DC 0000000C C=BSS      S=.bss     G=DGROUP   M=Spring.Patches.RSP13163 ALIGN=4
 0003:000283E8 00000004 C=BSS      S=.bss     G=DGROUP   M=Spring.VirtualInterface ALIGN=4
 0003:000283EC 00000004 C=BSS      S=.bss     G=DGROUP   M=Spring.Interception.InterfaceProxy ALIGN=4
 0003:000283F0 00000004 C=BSS      S=.bss     G=DGROUP   M=Spring.Interception.ClassProxy ALIGN=4
 0003:000283F4 00000004 C=BSS      S=.bss     G=DGROUP   M=Spring.Interception.CustomProxy ALIGN=4
 0003:000283F8 00000004 C=BSS      S=.bss     G=DGROUP   M=Spring.Interception ALIGN=4
 0003:000283FC 00000004 C=BSS      S=.bss     G=DGROUP   M=Spring.Container.ProxyFactory ALIGN=4
 0003:00028400 000001E0 C=BSS      S=.bss     G=DGROUP   M=Spring.Container.CreationContext ALIGN=4
 0003:000285E0 000001B8 C=BSS      S=.bss     G=DGROUP   M=Spring.Container.Resolvers ALIGN=4
 0003:00028798 00000004 C=BSS      S=.bss     G=DGROUP   M=Spring.Container.Registration ALIGN=4
 0003:0002879C 00000014 C=BSS      S=.bss     G=DGROUP   M=Spring.Logging.NullLogger ALIGN=4
 0003:000287B0 00000058 C=BSS      S=.bss     G=DGROUP   M=Spring.Container.Core ALIGN=4
 0003:00028808 00000010 C=BSS      S=.bss     G=DGROUP   M=Spring.Services ALIGN=4
 0003:00028818 00000020 C=BSS      S=.bss     G=DGROUP   M=Spring.Container ALIGN=4
[...]
 0005:00050F34 000005F4 C=PDATA    S=.pdata   G=(none)   M=Vcl.DBCtrls ALIGN=4
 0005:00051528 00001068 C=PDATA    S=.pdata   G=(none)   M=Vcl.DBGrids ALIGN=4
 0005:00052590 000003F0 C=PDATA    S=.pdata   G=(none)   M=RzDBGrid ALIGN=4
 0005:00052980 00000024 C=PDATA    S=.pdata   G=(none)   M=Spring.Hash ALIGN=4
 0005:000529A4 00000018 C=PDATA    S=.pdata   G=(none)   M=Spring.ResourceStrings ALIGN=4
 0005:000529BC 000000B4 C=PDATA    S=.pdata   G=(none)   M=Spring.HashTable ALIGN=4
 0005:00052A70 000004A4 C=PDATA    S=.pdata   G=(none)   M=Spring.Comparers ALIGN=4
 0005:00052F14 000000B4 C=PDATA    S=.pdata   G=(none)   M=Spring.HazardEra ALIGN=4
 0005:00052FC8 00000150 C=PDATA    S=.pdata   G=(none)   M=Spring.Events.Base ALIGN=4
 0005:00053118 00000018 C=PDATA    S=.pdata   G=(none)   M=Spring.Events ALIGN=4
 0005:00053130 00000018 C=PDATA    S=.pdata   G=(none)   M=Spring.VirtualClass ALIGN=4
 0005:00053148 00001698 C=PDATA    S=.pdata   G=(none)   M=Spring   ALIGN=4
 0005:000547E0 00000018 C=PDATA    S=.pdata   G=(none)   M=Spring.Collections.Events ALIGN=4
 0005:000547F8 00000018 C=PDATA    S=.pdata   G=(none)   M=Spring.Collections.Trees ALIGN=4
 0005:00054810 000026D0 C=PDATA    S=.pdata   G=(none)   M=Spring.Collections.Extensions ALIGN=4
 0005:00056EE0 000006A8 C=PDATA    S=.pdata   G=(none)   M=Spring.Collections.Lists ALIGN=4
 0005:00057588 00000A20 C=PDATA    S=.pdata   G=(none)   M=Spring.Collections.Base ALIGN=4
 0005:00057FA8 00000024 C=PDATA    S=.pdata   G=(none)   M=Spring.Collections.Dictionaries ALIGN=4
 0005:00057FCC 00000018 C=PDATA    S=.pdata   G=(none)   M=Spring.Collections.LinkedLists ALIGN=4
 0005:00057FE4 00000018 C=PDATA    S=.pdata   G=(none)   M=Spring.Collections.Sets ALIGN=4
 0005:00057FFC 00000144 C=PDATA    S=.pdata   G=(none)   M=Spring.Collections.MultiMaps ALIGN=4
 0005:00058140 00000018 C=PDATA    S=.pdata   G=(none)   M=Spring.Collections.MultiSets ALIGN=4
 0005:00058158 00000018 C=PDATA    S=.pdata   G=(none)   M=Spring.Collections.Queues ALIGN=4
 0005:00058170 00000018 C=PDATA    S=.pdata   G=(none)   M=Spring.Collections.Stacks ALIGN=4
 0005:00058188 0000A434 C=PDATA    S=.pdata   G=(none)   M=Spring.Collections ALIGN=4
 0005:000625BC 000001D4 C=PDATA    S=.pdata   G=(none)   M=Spring.Container.Common ALIGN=4
 0005:00062790 000000D8 C=PDATA    S=.pdata   G=(none)   M=Spring.Logging ALIGN=4
 0005:00062868 00000018 C=PDATA    S=.pdata   G=(none)   M=Spring.Patterns.Specification ALIGN=4
 0005:00062880 00000018 C=PDATA    S=.pdata   G=(none)   M=Spring.Container.ResourceStrings ALIGN=4
 0005:00062898 00001D70 C=PDATA    S=.pdata   G=(none)   M=Spring.Reflection ALIGN=4
 0005:00064608 000000F0 C=PDATA    S=.pdata   G=(none)   M=Spring.Container.ComponentActivator ALIGN=4
 0005:000646F8 000002D0 C=PDATA    S=.pdata   G=(none)   M=Spring.Container.Injection ALIGN=4
 0005:000649C8 000009D8 C=PDATA    S=.pdata   G=(none)   M=Spring.Container.Pool ALIGN=4
 0005:000653A0 000001B0 C=PDATA    S=.pdata   G=(none)   M=Spring.Container.LifetimeManager ALIGN=4
 0005:00065550 000006C0 C=PDATA    S=.pdata   G=(none)   M=Spring.Container.Builder ALIGN=4
 0005:00065C10 00000018 C=PDATA    S=.pdata   G=(none)   M=Spring.Interception.ResourceStrings ALIGN=4
 0005:00065C28 00000084 C=PDATA    S=.pdata   G=(none)   M=Spring.Interception.AbstractInvocation ALIGN=4
 0005:00065CAC 00000018 C=PDATA    S=.pdata   G=(none)   M=Spring.MethodIntercept ALIGN=4
 0005:00065CC4 00000048 C=PDATA    S=.pdata   G=(none)   M=Spring.Patches.RSP13163 ALIGN=4
 0005:00065D0C 00000018 C=PDATA    S=.pdata   G=(none)   M=Spring.VirtualInterface ALIGN=4
 0005:00065D24 00000168 C=PDATA    S=.pdata   G=(none)   M=Spring.Interception.InterfaceProxy ALIGN=4
 0005:00065E8C 00000018 C=PDATA    S=.pdata   G=(none)   M=Spring.Interception.ClassProxy ALIGN=4
 0005:00065EA4 00000018 C=PDATA    S=.pdata   G=(none)   M=Spring.Interception.CustomProxy ALIGN=4
 0005:00065EBC 000000A8 C=PDATA    S=.pdata   G=(none)   M=Spring.Interception ALIGN=4
 0005:00065F64 000000B4 C=PDATA    S=.pdata   G=(none)   M=Spring.Container.ProxyFactory ALIGN=4
 0005:00066018 00003C60 C=PDATA    S=.pdata   G=(none)   M=Spring.Container.CreationContext ALIGN=4
 0005:00069C78 00002868 C=PDATA    S=.pdata   G=(none)   M=Spring.Container.Resolvers ALIGN=4
 0005:0006C4E0 00000330 C=PDATA    S=.pdata   G=(none)   M=Spring.Container.Registration ALIGN=4
 0005:0006C810 0000030C C=PDATA    S=.pdata   G=(none)   M=Spring.Logging.NullLogger ALIGN=4
 0005:0006CB1C 00000FFC C=PDATA    S=.pdata   G=(none)   M=Spring.Container.Core ALIGN=4
 0005:0006DB18 00000108 C=PDATA    S=.pdata   G=(none)   M=Spring.Services ALIGN=4
 0005:0006DC20 000001EC C=PDATA    S=.pdata   G=(none)   M=Spring.Container ALIGN=4
 0005:0006DE0C 000000FC C=PDATA    S=.pdata   G=(none)   M=SynEditTypes ALIGN=4
 0005:0006DF08 00000900 C=PDATA    S=.pdata   G=(none)   M=SynDWrite ALIGN=4
 0005:0006E808 00000018 C=PDATA    S=.pdata   G=(none)   M=SynEditKeyConst ALIGN=4
 0005:0006E820 00000C84 C=PDATA    S=.pdata   G=(none)   M=SynEditCodeFolding ALIGN=4
 0005:0006F4A4 00001368 C=PDATA    S=.pdata   G=(none)   M=SynEditMiscClasses ALIGN=4
 0005:0007080C 00000018 C=PDATA    S=.pdata   G=(none)   M=SynEditStrConst ALIGN=4
 0005:00070824 0000057C C=PDATA    S=.pdata   G=(none)   M=SynEditHighlighter ALIGN=4
 0005:00070DA0 00000618 C=PDATA    S=.pdata   G=(none)   M=System.RegularExpressionsAPI ALIGN=4
 0005:000713B8 00000018 C=PDATA    S=.pdata   G=(none)   M=System.RegularExpressionsConsts ALIGN=4
 0005:000713D0 00000348 C=PDATA    S=.pdata   G=(none)   M=System.RegularExpressionsCore ALIGN=4
 0005:00071718 00000498 C=PDATA    S=.pdata   G=(none)   M=System.RegularExpressions ALIGN=4
 0005:00071BB0 00000360 C=PDATA    S=.pdata   G=(none)   M=SynHighlighterMulti ALIGN=4
 0005:00071F10 00000138 C=PDATA    S=.pdata   G=(none)   M=SynEditMiscProcs ALIGN=4
 0005:00072048 00002FC4 C=PDATA    S=.pdata   G=(none)   M=System.Threading ALIGN=4
 0005:0007500C 000002C4 C=PDATA    S=.pdata   G=(none)   M=SynEditTextBuffer ALIGN=4
 0005:000752D0 00000060 C=PDATA    S=.pdata   G=(none)   M=SynUnicode ALIGN=4
 0005:00075330 000001C8 C=PDATA    S=.pdata   G=(none)   M=SynEditKeyCmds ALIGN=4
 0005:000754F8 000001B0 C=PDATA    S=.pdata   G=(none)   M=SynEditKbdHandler ALIGN=4
 0005:000756A8 00000108 C=PDATA    S=.pdata   G=(none)   M=SynEditScrollBars ALIGN=4
 0005:000757B0 000005C4 C=PDATA    S=.pdata   G=(none)   M=SynEditUndo ALIGN=4
 0005:00075D74 00000150 C=PDATA    S=.pdata   G=(none)   M=SynEditWordWrap ALIGN=4
 0005:00075EC4 00000234 C=PDATA    S=.pdata   G=(none)   M=SynEditExport ALIGN=4
 0005:000760F8 000006FC C=PDATA    S=.pdata   G=(none)   M=SynExportHTML ALIGN=4
 0005:000767F4 00000600 C=PDATA    S=.pdata   G=(none)   M=SynEditDataObject ALIGN=4
 0005:00076DF4 00000114 C=PDATA    S=.pdata   G=(none)   M=SynEditDragDrop ALIGN=4
 0005:00076F08 000019F8 C=PDATA    S=.pdata   G=(none)   M=SynEdit  ALIGN=4
 0005:00078900 000001EC C=PDATA    S=.pdata   G=(none)   M=SynHighlighterJSON ALIGN=4
 0005:00078AEC 00000594 C=PDATA    S=.pdata   G=(none)   M=SynHighlighterPas ALIGN=4
 0005:00079080 00000018 C=PDATA    S=.pdata   G=(none)   M=Winapi.oleacc ALIGN=4
 0005:00079098 00000120 C=PDATA    S=.pdata   G=(none)   M=VirtualTrees.Utils ALIGN=4
 0005:000791B8 0000009C C=PDATA    S=.pdata   G=(none)   M=VirtualTrees.Colors ALIGN=4
 0005:00079254 00000018 C=PDATA    S=.pdata   G=(none)   M=Winapi.MMSystem ALIGN=4
 0005:0007926C 00000018 C=PDATA    S=.pdata   G=(none)   M=System.Win.StdVCL ALIGN=4
 0005:00079284 000001D4 C=PDATA    S=.pdata   G=(none)   M=Vcl.AxCtrls ALIGN=4
 0005:00079458 000000F0 C=PDATA    S=.pdata   G=(none)   M=VirtualTrees.WorkerThread ALIGN=4
 0005:00079548 000000C0 C=PDATA    S=.pdata   G=(none)   M=VirtualTrees.ClipBoard ALIGN=4
 0005:00079608 0000228C C=PDATA    S=.pdata   G=(none)   M=VirtualTrees.BaseTree ALIGN=4
 0005:0007B894 0000015C C=PDATA    S=.pdata   G=(none)   M=VirtualTrees.DataObject ALIGN=4
 0005:0007B9F0 00000120 C=PDATA    S=.pdata   G=(none)   M=VirtualTrees.DragnDrop ALIGN=4
 0005:0007BB10 00000060 C=PDATA    S=.pdata   G=(none)   M=VirtualTrees.DragImage ALIGN=4
 0005:0007BB70 0000009C C=PDATA    S=.pdata   G=(none)   M=VirtualTrees.HeaderPopup ALIGN=4
 0005:0007BC0C 00000F3C C=PDATA    S=.pdata   G=(none)   M=VirtualTrees.Header ALIGN=4
 0005:0007CB48 00000084 C=PDATA    S=.pdata   G=(none)   M=VirtualTrees.StyleHooks ALIGN=4
 0005:0007CBCC 000001EC C=PDATA    S=.pdata   G=(none)   M=VirtualTrees.Types ALIGN=4
 0005:0007CDB8 00000084 C=PDATA    S=.pdata   G=(none)   M=VirtualTrees.AccessibilityFactory ALIGN=4
 0005:0007CE3C 00000174 C=PDATA    S=.pdata   G=(none)   M=VirtualTrees.BaseAncestorVCL ALIGN=4
 0005:0007CFB0 000000B4 C=PDATA    S=.pdata   G=(none)   M=VirtualTrees.AncestorVCL ALIGN=4
 0005:0007D064 00000078 C=PDATA    S=.pdata   G=(none)   M=VirtualTrees.Classes ALIGN=4
 0005:0007D0DC 000005D0 C=PDATA    S=.pdata   G=(none)   M=VirtualTrees.Export ALIGN=4
 0005:0007D6AC 00000288 C=PDATA    S=.pdata   G=(none)   M=VirtualTrees.EditLink ALIGN=4
 0005:0007D934 00000474 C=PDATA    S=.pdata   G=(none)   M=VirtualTrees ALIGN=4
 0005:0007DDA8 00000018 C=PDATA    S=.pdata   G=(none)   M=FireDAC.Stan.Consts ALIGN=4
 0005:0007DDC0 00000018 C=PDATA    S=.pdata   G=(none)   M=FireDAC.Stan.ResStrs ALIGN=4
 0005:0007DDD8 000002F4 C=PDATA    S=.pdata   G=(none)   M=FireDAC.Stan.Error ALIGN=4
 0005:0007E0CC 00000534 C=PDATA    S=.pdata   G=(none)   M=FireDAC.Stan.Util ALIGN=4
 0005:0007E600 000003A8 C=PDATA    S=.pdata   G=(none)   M=FireDAC.Stan.Intf ALIGN=4
 0005:0007E9A8 000002DC C=PDATA    S=.pdata   G=(none)   M=FireDAC.Stan.SQLTimeInt ALIGN=4
 0005:0007EC84 00001278 C=PDATA    S=.pdata   G=(none)   M=FireDAC.Stan.Param ALIGN=4
 0005:0007FEFC 00003A74 C=PDATA    S=.pdata   G=(none)   M=FireDAC.DatS ALIGN=4
 0005:00083970 0000003C C=PDATA    S=.pdata   G=(none)   M=FireDAC.UI.Intf ALIGN=4
 0005:000839AC 00000060 C=PDATA    S=.pdata   G=(none)   M=FireDAC.Phys.Intf ALIGN=4
 0005:00083A0C 0000012C C=PDATA    S=.pdata   G=(none)   M=FireDAC.DApt.Column ALIGN=4
 0005:00083B38 00000030 C=PDATA    S=.pdata   G=(none)   M=FireDAC.DApt.Intf ALIGN=4
 0005:00083B68 000001F8 C=PDATA    S=.pdata   G=(none)   M=FireDAC.Stan.Factory ALIGN=4
 0005:00083D60 000017AC C=PDATA    S=.pdata   G=(none)   M=FireDAC.Stan.Option ALIGN=4
 0005:0008550C 00002520 C=PDATA    S=.pdata   G=(none)   M=FireDAC.Comp.DataSet ALIGN=4
 0005:00087A2C 00000324 C=PDATA    S=.pdata   G=(none)   M=FireDAC.Comp.UI ALIGN=4
 0005:00087D50 00000684 C=PDATA    S=.pdata   G=(none)   M=FireDAC.Stan.Expr ALIGN=4
 0005:000883D4 00000258 C=PDATA    S=.pdata   G=(none)   M=FireDAC.Phys.SQLPreprocessor ALIGN=4
 0005:0008862C 0000333C C=PDATA    S=.pdata   G=(none)   M=FireDAC.Comp.Client ALIGN=4
 0005:0008B968 00000018 C=PDATA    S=.pdata   G=(none)   M=i_MetadataViewer ALIGN=4
 0005:0008B980 00000018 C=PDATA    S=.pdata   G=(none)   M=i_PackageDataset ALIGN=4
 0005:0008B998 00000018 C=PDATA    S=.pdata   G=(none)   M=u_SBOMEnums ALIGN=4
 0005:0008B9B0 00000018 C=PDATA    S=.pdata   G=(none)   M=i_SBOMComponent ALIGN=4
 0005:0008B9C8 00000018 C=PDATA    S=.pdata   G=(none)   M=System.JSONConsts ALIGN=4
 0005:0008B9E0 00001BFC C=PDATA    S=.pdata   G=(none)   M=System.JSON ALIGN=4
 0005:0008D5DC 00000078 C=PDATA    S=.pdata   G=(none)   M=u_Logger ALIGN=4
 0005:0008D654 000002C4 C=PDATA    S=.pdata   G=(none)   M=u_SBOMClasses ALIGN=4
 0005:0008D918 00000438 C=PDATA    S=.pdata   G=(none)   M=u_PackageMetadataRepository ALIGN=4
 0005:0008DD50 00000138 C=PDATA    S=.pdata   G=(none)   M=u_SPDXLicenses ALIGN=4
 0005:0008DE88 0000003C C=PDATA    S=.pdata   G=(none)   M=u_DataSetUtils ALIGN=4
 0005:0008DEC4 00000030 C=PDATA    S=.pdata   G=(none)   M=u_FileFinders ALIGN=4
 0005:0008DEF4 00000180 C=PDATA    S=.pdata   G=(none)   M=d_Metadata ALIGN=4
 0005:0008E074 00000138 C=PDATA    S=.pdata   G=(none)   M=u_SBOMValidation ALIGN=4
 0005:0008E1AC 00000084 C=PDATA    S=.pdata   G=(none)   M=f_ValidationResults ALIGN=4
 0005:0008E230 000000E4 C=PDATA    S=.pdata   G=(none)   M=f_PrefixEditor ALIGN=4
 0005:0008E314 00000018 C=PDATA    S=.pdata   G=(none)   M=i_AmbiguousUnit ALIGN=4
 0005:0008E32C 00000354 C=PDATA    S=.pdata   G=(none)   M=u_DelphiVersionDetector_2 ALIGN=4
 0005:0008E680 00000018 C=PDATA    S=.pdata   G=(none)   M=i_SBOMComponentDetection ALIGN=4
 0005:0008E698 00000048 C=PDATA    S=.pdata   G=(none)   M=u_CLIRunner ALIGN=4
 0005:0008E6E0 00000054 C=PDATA    S=.pdata   G=(none)   M=u_CycloneDXValidator ALIGN=4
 0005:0008E734 00000018 C=PDATA    S=.pdata   G=(none)   M=Xml.XMLConst ALIGN=4
 0005:0008E74C 00000018 C=PDATA    S=.pdata   G=(none)   M=Winapi.msxml ALIGN=4
 0005:0008E764 00000F0C C=PDATA    S=.pdata   G=(none)   M=Xml.Win.msxmldom ALIGN=4
 0005:0008F670 0000021C C=PDATA    S=.pdata   G=(none)   M=Xml.xmldom ALIGN=4
 0005:0008F88C 00000018 C=PDATA    S=.pdata   G=(none)   M=Xml.XMLIntf ALIGN=4
 0005:0008F8A4 00000018 C=PDATA    S=.pdata   G=(none)   M=Xml.XMLSchemaTags ALIGN=4
 0005:0008F8BC 00000024 C=PDATA    S=.pdata   G=(none)   M=Xml.XMLSchema ALIGN=4
 0005:0008F8E0 00000048 C=PDATA    S=.pdata   G=(none)   M=Xml.xmlutil ALIGN=4
 0005:0008F928 00001158 C=PDATA    S=.pdata   G=(none)   M=Xml.XMLDoc ALIGN=4
 0005:00090A80 000003D8 C=PDATA    S=.pdata   G=(none)   M=u_DelphiEnvironment ALIGN=4
 0005:00090E58 000000B4 C=PDATA    S=.pdata   G=(none)   M=u_MapModules ALIGN=4
 0005:00090F0C 00000204 C=PDATA    S=.pdata   G=(none)   M=u_PackageEditor ALIGN=4
 0005:00091110 00000168 C=PDATA    S=.pdata   G=(none)   M=u_RegistryHelper ALIGN=4
 0005:00091278 00000144 C=PDATA    S=.pdata   G=(none)   M=u_PackageResolver ALIGN=4
 0005:000913BC 00000054 C=PDATA    S=.pdata   G=(none)   M=u_SBOMGenerationService ALIGN=4
 0005:00091410 0000027C C=PDATA    S=.pdata   G=(none)   M=u_SBOMProject ALIGN=4
 0005:0009168C 00000174 C=PDATA    S=.pdata   G=(none)   M=u_UserProfile ALIGN=4
 0005:00091800 00000018 C=PDATA    S=.pdata   G=(none)   M=Vcl.FileCtrl ALIGN=4
 0005:00091818 0000030C C=PDATA    S=.pdata   G=(none)   M=Vcl.CheckLst ALIGN=4
 0005:00091B24 00000084 C=PDATA    S=.pdata   G=(none)   M=f_DeleteProject ALIGN=4
 0005:00091BA8 00000030 C=PDATA    S=.pdata   G=(none)   M=f_DisambiguatePackages ALIGN=4
 0005:00091BD8 00000018 C=PDATA    S=.pdata   G=(none)   M=f_HelpViewer ALIGN=4
 0005:00091BF0 00000018 C=PDATA    S=.pdata   G=(none)   M=Winapi.DirectDraw ALIGN=4
 0005:00091C08 00000018 C=PDATA    S=.pdata   G=(none)   M=Winapi.GDIPAPI ALIGN=4
 0005:00091C20 000000D8 C=PDATA    S=.pdata   G=(none)   M=Img32.Resamplers ALIGN=4
 0005:00091CF8 0000021C C=PDATA    S=.pdata   G=(none)   M=Img32.Transform ALIGN=4
 0005:00091F14 000006D8 C=PDATA    S=.pdata   G=(none)   M=Img32.Vector ALIGN=4
 0005:000925EC 00000240 C=PDATA    S=.pdata   G=(none)   M=Img32.Fmt.BMP ALIGN=4
 0005:0009282C 000012F0 C=PDATA    S=.pdata   G=(none)   M=Img32    ALIGN=4
 0005:00093B1C 000003F0 C=PDATA    S=.pdata   G=(none)   M=Img32.Draw ALIGN=4
 0005:00093F0C 00000780 C=PDATA    S=.pdata   G=(none)   M=Img32.TextChunks ALIGN=4
 0005:0009468C 00001254 C=PDATA    S=.pdata   G=(none)   M=Img32.Text ALIGN=4
 0005:000958E0 00001014 C=PDATA    S=.pdata   G=(none)   M=Img32.SVG.Core ALIGN=4
 0005:000968F4 00000714 C=PDATA    S=.pdata   G=(none)   M=Img32.SVG.Path ALIGN=4
 0005:00097008 000000A8 C=PDATA    S=.pdata   G=(none)   M=Img32.Extra ALIGN=4
 0005:000970B0 00000018 C=PDATA    S=.pdata   G=(none)   M=Clipper.Core ALIGN=4
 0005:000970C8 00000018 C=PDATA    S=.pdata   G=(none)   M=Clipper.Engine ALIGN=4
 0005:000970E0 00000018 C=PDATA    S=.pdata   G=(none)   M=Clipper.Offset ALIGN=4
 0005:000970F8 00000018 C=PDATA    S=.pdata   G=(none)   M=Clipper.RectClip ALIGN=4
 0005:00097110 00000018 C=PDATA    S=.pdata   G=(none)   M=Clipper.Minkowski ALIGN=4
 0005:00097128 00000018 C=PDATA    S=.pdata   G=(none)   M=Clipper  ALIGN=4
 0005:00097140 00000018 C=PDATA    S=.pdata   G=(none)   M=Img32.Clipper2 ALIGN=4
 0005:00097158 000013D4 C=PDATA    S=.pdata   G=(none)   M=Img32.SVG.Reader ALIGN=4
 0005:0009852C 000001B0 C=PDATA    S=.pdata   G=(none)   M=Image32SVGFactory ALIGN=4
 0005:000986DC 0000003C C=PDATA    S=.pdata   G=(none)   M=SVGInterfaces ALIGN=4
 0005:00098718 00000294 C=PDATA    S=.pdata   G=(none)   M=SVGIconImageCollection ALIGN=4
 0005:000989AC 00000018 C=PDATA    S=.pdata   G=(none)   M=SVGIconVirtualImageList ALIGN=4
 0005:000989C4 0000015C C=PDATA    S=.pdata   G=(none)   M=SVGIconImageList ALIGN=4
 0005:00098B20 00000018 C=PDATA    S=.pdata   G=(none)   M=SVGIconUtils ALIGN=4
 0005:00098B38 00000210 C=PDATA    S=.pdata   G=(none)   M=SVGIconItems ALIGN=4
 0005:00098D48 00000288 C=PDATA    S=.pdata   G=(none)   M=SVGIconImageListBase ALIGN=4
 0005:00098FD0 000000A8 C=PDATA    S=.pdata   G=(none)   M=f_SelectPaths ALIGN=4
 0005:00099078 00000168 C=PDATA    S=.pdata   G=(none)   M=u_MetadataEditController ALIGN=4
 0005:000991E0 000001B0 C=PDATA    S=.pdata   G=(none)   M=u_MetadataEditor ALIGN=4
 0005:00099390 000001D4 C=PDATA    S=.pdata   G=(none)   M=u_MetadataViewer ALIGN=4
 0005:00099564 00000174 C=PDATA    S=.pdata   G=(none)   M=u_ModuleAdapter ALIGN=4
 0005:000996D8 000001C8 C=PDATA    S=.pdata   G=(none)   M=u_PackagesGridAdapter ALIGN=4
 0005:000998A0 00000054 C=PDATA    S=.pdata   G=(none)   M=u_EnvironmentHelper ALIGN=4
 0005:000998F4 00000018 C=PDATA    S=.pdata   G=(none)   M=flcStdTypes ALIGN=4
 0005:0009990C 00000018 C=PDATA    S=.pdata   G=(none)   M=flcSysUtils ALIGN=4
 0005:00099924 000000A8 C=PDATA    S=.pdata   G=(none)   M=flcHash  ALIGN=4
 0005:000999CC 00000060 C=PDATA    S=.pdata   G=(none)   M=u_AmbiguousUnit ALIGN=4
 0005:00099A2C 000002B8 C=PDATA    S=.pdata   G=(none)   M=u_SBOMComponentDetectionImpl ALIGN=4
 0005:00099CE4 00000024 C=PDATA    S=.pdata   G=(none)   M=u_ServiceRegistration ALIGN=4
 0005:00099D08 000006C0 C=PDATA    S=.pdata   G=(none)   M=f_Main   ALIGN=4
 0005:0009A3C8 00000018 C=PDATA    S=.pdata   G=(none)   M=u_EnumUtils ALIGN=4
 0005:0009A3E0 00000018 C=PDATA    S=.pdata   G=(none)   M=u_TextTools ALIGN=4
 0005:0009A3F8 00000024 C=PDATA    S=.pdata   G=(none)   M=SBOMgen  ALIGN=4

Bound resource files

c:\program files (x86)\embarcadero\studio\37.0\lib\Win64\release\Controls.res
c:\program files (x86)\embarcadero\studio\37.0\lib\Win64\release\Dialogs.res
c:\program files (x86)\embarcadero\studio\37.0\lib\Win64\release\CategoryButtons.res
c:\program files (x86)\embarcadero\studio\37.0\lib\Win64\release\Buttons.res
C:\Users\Public\Documents\Embarcadero\Studio\37.0\CatalogRepository\BonusKSVC\8.0.2\Source\RzCommon.res
c:\program files (x86)\embarcadero\studio\37.0\lib\Win64\release\ExtDlgs.res
C:\Users\Public\Documents\Embarcadero\Studio\37.0\CatalogRepository\BonusKSVC\8.0.2\Source\RzCmboBx.res
C:\Users\Public\Documents\Embarcadero\Studio\37.0\CatalogRepository\BonusKSVC\8.0.2\Source\RzToolbarForm.dfm
C:\Users\Public\Documents\Embarcadero\Studio\37.0\CatalogRepository\BonusKSVC\8.0.2\Source\RzShellFolderForm.dfm
C:\Users\Public\Documents\Embarcadero\Studio\37.0\CatalogRepository\BonusKSVC\8.0.2\Source\RzSplit.res
C:\Users\Public\Documents\Embarcadero\Studio\37.0\CatalogRepository\BonusKSVC\8.0.2\Source\RzShellOpenForm.dfm
c:\program files (x86)\embarcadero\studio\37.0\lib\Win64\release\Vcl.DBLogDlg.dfm
c:\program files (x86)\embarcadero\studio\37.0\lib\Win64\release\Vcl.DBPWDlg.dfm
c:\program files (x86)\embarcadero\studio\37.0\lib\Win64\release\DBCtrls.res
c:\program files (x86)\embarcadero\studio\37.0\lib\Win64\release\DBGrids.res
C:\Users\wmeyer\Documents\Embarcadero\Studio\37.0\CatalogRepository\SynEdit-13\2025.03\source\SynEdit.res
package-metadata-defaults.res
d_Metadata.dfm
f_ValidationResults.dfm
f_PrefixEditor.dfm
c:\program files (x86)\embarcadero\studio\37.0\lib\Win64\release\FileCtrl.res
f_DeleteProject.dfm
f_DisambiguatePackages.dfm
f_HelpViewer.dfm
f_SelectPaths.dfm
f_Main.dfm
SBOMgen.res
SBOMgen.drf


Program entry point at 0001:0000000140B66690
