
 Start                 Length     Name                   Class
 0001:0000000140001000 00D56F84H .text                   CODE
 0002:0000000140D58000 00149D08H .data                   DATA
 0003:0000000140EA2000 0004E1C4H .bss                    BSS
 0004:0000000140000000 00000420H .tls                    TLS
 0005:0000000140F95000 000AD73CH .pdata                  PDATA


Detailed map of segments

 0001:00000000 0001C16C C=CODE     S=.text    G=(none)   M=System   ALIGN=4
 0001:0001C16C 00001854 C=CODE     S=.text    G=(none)   M=SysInit  ALIGN=4
 0001:0001D9C0 000041B0 C=CODE     S=.text    G=(none)   M=System.Types ALIGN=4
 0001:00021B70 00000C90 C=CODE     S=.text    G=(none)   M=System.UITypes ALIGN=4
 0001:00022800 00000060 C=CODE     S=.text    G=(none)   M=Winapi.Windows.PkgHelper ALIGN=4
 0001:00022860 000049D0 C=CODE     S=.text    G=(none)   M=Winapi.Windows ALIGN=4
 0001:00027230 00000810 C=CODE     S=.text    G=(none)   M=System.SysConst ALIGN=4
 0001:00027A40 00000020 C=CODE     S=.text    G=(none)   M=Winapi.ImageHlp ALIGN=4
 0001:00027A60 00000030 C=CODE     S=.text    G=(none)   M=Winapi.SHFolder ALIGN=4
 0001:00027A90 000002C0 C=CODE     S=.text    G=(none)   M=Winapi.PsAPI ALIGN=4
 0001:00027D50 00000A10 C=CODE     S=.text    G=(none)   M=System.RTLConsts ALIGN=4
 0001:00028760 00006C00 C=CODE     S=.text    G=(none)   M=System.Character ALIGN=4
 0001:0002F360 000004F4 C=CODE     S=.text    G=(none)   M=System.Internal.ExcUtils ALIGN=4
 0001:0002F854 0002B0DC C=CODE     S=.text    G=(none)   M=System.SysUtils ALIGN=4
 0001:0005A930 00000B20 C=CODE     S=.text    G=(none)   M=System.VarUtils ALIGN=4
 0001:0005B450 00010C2C C=CODE     S=.text    G=(none)   M=System.Variants ALIGN=4
 0001:0006C07C 0000B0F0 C=CODE     S=.text    G=(none)   M=System.TypInfo ALIGN=4
 0001:0007716C 00000594 C=CODE     S=.text    G=(none)   M=Winapi.Messages ALIGN=4
 0001:00077700 00000B20 C=CODE     S=.text    G=(none)   M=Winapi.ActiveX ALIGN=4
 0001:00078220 00001330 C=CODE     S=.text    G=(none)   M=System.Math ALIGN=4
 0001:00079550 000023F0 C=CODE     S=.text    G=(none)   M=System.TimeSpan ALIGN=4
 0001:0007B940 00000380 C=CODE     S=.text    G=(none)   M=System.Diagnostics ALIGN=4
 0001:0007BCC0 00003EE0 C=CODE     S=.text    G=(none)   M=System.SyncObjs ALIGN=4
 0001:0007FBA0 0005FE9C C=CODE     S=.text    G=(none)   M=System.Rtti ALIGN=4
 0001:000DFA3C 0009BCF0 C=CODE     S=.text    G=(none)   M=System.Classes ALIGN=4
 0001:0017B72C 00000054 C=CODE     S=.text    G=(none)   M=System.Hash ALIGN=4
 0001:0017B780 00003140 C=CODE     S=.text    G=(none)   M=System.Generics.Defaults ALIGN=4
 0001:0017E8C0 00005C10 C=CODE     S=.text    G=(none)   M=System.Generics.Collections ALIGN=4
 0001:001844D0 0001B48C C=CODE     S=.text    G=(none)   M=System.Messaging ALIGN=4
 0001:0019F95C 000090B0 C=CODE     S=.text    G=(none)   M=System.Actions ALIGN=4
 0001:001A8A0C 00000194 C=CODE     S=.text    G=(none)   M=Winapi.Wincodec ALIGN=4
 0001:001A8BA0 000009A0 C=CODE     S=.text    G=(none)   M=Winapi.CommCtrl ALIGN=4
 0001:001A9540 00000020 C=CODE     S=.text    G=(none)   M=Winapi.Qos ALIGN=4
 0001:001A9560 00000020 C=CODE     S=.text    G=(none)   M=Winapi.Winsock2 ALIGN=4
 0001:001A9580 00000020 C=CODE     S=.text    G=(none)   M=Winapi.IpExport ALIGN=4
 0001:001A95A0 00000340 C=CODE     S=.text    G=(none)   M=Winapi.ShellAPI ALIGN=4
 0001:001A98E0 00000020 C=CODE     S=.text    G=(none)   M=Winapi.RegStr ALIGN=4
 0001:001A9900 00000020 C=CODE     S=.text    G=(none)   M=Winapi.WinInet ALIGN=4
 0001:001A9920 00000020 C=CODE     S=.text    G=(none)   M=Winapi.UrlMon ALIGN=4
 0001:001A9940 00000020 C=CODE     S=.text    G=(none)   M=Winapi.ObjectArray ALIGN=4
 0001:001A9960 00000020 C=CODE     S=.text    G=(none)   M=Winapi.StructuredQueryCondition ALIGN=4
 0001:001A9980 00000020 C=CODE     S=.text    G=(none)   M=Winapi.PropSys ALIGN=4
 0001:001A99A0 00000420 C=CODE     S=.text    G=(none)   M=Winapi.MSXMLIntf ALIGN=4
 0001:001A9DC0 000004A0 C=CODE     S=.text    G=(none)   M=Winapi.ShlObj ALIGN=4
 0001:001AA260 00000020 C=CODE     S=.text    G=(none)   M=Winapi.KnownFolders ALIGN=4
 0001:001AA280 00001210 C=CODE     S=.text    G=(none)   M=System.Masks ALIGN=4
 0001:001AB490 00000750 C=CODE     S=.text    G=(none)   M=System.StrUtils ALIGN=4
 0001:001ABBE0 0000959C C=CODE     S=.text    G=(none)   M=System.DateUtils ALIGN=4
 0001:001B517C 00003844 C=CODE     S=.text    G=(none)   M=System.IOUtils ALIGN=4
 0001:001B89C0 0000AC84 C=CODE     S=.text    G=(none)   M=System.IniFiles ALIGN=4
 0001:001C3644 0000837C C=CODE     S=.text    G=(none)   M=System.Win.Registry ALIGN=4
 0001:001CB9C0 00003DD4 C=CODE     S=.text    G=(none)   M=System.UIConsts ALIGN=4
 0001:001CF794 00000ABC C=CODE     S=.text    G=(none)   M=Vcl.Consts ALIGN=4
 0001:001D0250 00023F2C C=CODE     S=.text    G=(none)   M=Vcl.Graphics ALIGN=4
 0001:001F417C 00001094 C=CODE     S=.text    G=(none)   M=System.Contnrs ALIGN=4
 0001:001F5210 00004EAC C=CODE     S=.text    G=(none)   M=System.ImageList ALIGN=4
 0001:001FA0BC 00001264 C=CODE     S=.text    G=(none)   M=Winapi.UxTheme ALIGN=4
 0001:001FB320 00000070 C=CODE     S=.text    G=(none)   M=Winapi.MultiMon ALIGN=4
 0001:001FB390 00000090 C=CODE     S=.text    G=(none)   M=Winapi.UIAutomation ALIGN=4
 0001:001FB420 000001D0 C=CODE     S=.text    G=(none)   M=Winapi.Imm ALIGN=4
 0001:001FB5F0 00002018 C=CODE     S=.text    G=(none)   M=Vcl.ActnList ALIGN=4
 0001:001FD608 00000028 C=CODE     S=.text    G=(none)   M=Winapi.TpcShrd ALIGN=4
 0001:001FD630 00000120 C=CODE     S=.text    G=(none)   M=Winapi.MsCTF.PkgHelper ALIGN=4
 0001:001FD750 00002118 C=CODE     S=.text    G=(none)   M=System.AnsiStrings ALIGN=4
 0001:001FF868 00000068 C=CODE     S=.text    G=(none)   M=System.Win.ComConst ALIGN=4
 0001:001FF8D0 00001F00 C=CODE     S=.text    G=(none)   M=System.Win.ComObj ALIGN=4
 0001:002017D0 000000C0 C=CODE     S=.text    G=(none)   M=Winapi.MsCTF ALIGN=4
 0001:00201890 00000170 C=CODE     S=.text    G=(none)   M=Winapi.Dwmapi ALIGN=4
 0001:00201A00 000001A0 C=CODE     S=.text    G=(none)   M=System.Win.Crtl ALIGN=4
 0001:00201BA0 0000ED50 C=CODE     S=.text    G=(none)   M=System.ZLib ALIGN=4
 0001:002108F0 00001804 C=CODE     S=.text    G=(none)   M=Vcl.GraphUtil ALIGN=4
 0001:002120F4 0000002C C=CODE     S=.text    G=(none)   M=Winapi.MsInkAut ALIGN=4
 0001:00212120 00000020 C=CODE     S=.text    G=(none)   M=Winapi.PenInputPanel ALIGN=4
 0001:00212140 0003AE3C C=CODE     S=.text    G=(none)   M=Vcl.Controls ALIGN=4
 0001:0024CF7C 00034374 C=CODE     S=.text    G=(none)   M=Vcl.StdCtrls ALIGN=4
 0001:002812F0 00001700 C=CODE     S=.text    G=(none)   M=System.MaskUtils ALIGN=4
 0001:002829F0 00001898 C=CODE     S=.text    G=(none)   M=Vcl.Clipbrd ALIGN=4
 0001:00284288 00003C98 C=CODE     S=.text    G=(none)   M=Vcl.Mask ALIGN=4
 0001:00287F20 00000500 C=CODE     S=.text    G=(none)   M=Winapi.CommDlg ALIGN=4
 0001:00288420 00000070 C=CODE     S=.text    G=(none)   M=Winapi.WinSpool ALIGN=4
 0001:00288490 00003280 C=CODE     S=.text    G=(none)   M=Vcl.Printers ALIGN=4
 0001:0028B710 00000070 C=CODE     S=.text    G=(none)   M=Winapi.RichEdit ALIGN=4
 0001:0028B780 00000020 C=CODE     S=.text    G=(none)   M=Vcl.ToolWin ALIGN=4
 0001:0028B7A0 00004100 C=CODE     S=.text    G=(none)   M=Vcl.ListActns ALIGN=4
 0001:0028F8A0 000000C0 C=CODE     S=.text    G=(none)   M=Vcl.ComStrs ALIGN=4
 0001:0028F960 00005240 C=CODE     S=.text    G=(none)   M=Vcl.StdActns ALIGN=4
 0001:00294BA0 00041EB4 C=CODE     S=.text    G=(none)   M=Vcl.ComCtrls ALIGN=4
 0001:002D6A54 0000008C C=CODE     S=.text    G=(none)   M=System.WideStrUtils ALIGN=4
 0001:002D6AE0 00000020 C=CODE     S=.text    G=(none)   M=Winapi.Dlgs ALIGN=4
 0001:002D6B00 0000768C C=CODE     S=.text    G=(none)   M=System.HelpIntfs ALIGN=4
 0001:002DE18C 00015BFC C=CODE     S=.text    G=(none)   M=Vcl.Dialogs ALIGN=4
 0001:002F3D88 00014C44 C=CODE     S=.text    G=(none)   M=Vcl.ExtCtrls ALIGN=4
 0001:003089CC 00059DF8 C=CODE     S=.text    G=(none)   M=Vcl.Themes ALIGN=4
 0001:003627C4 0000623C C=CODE     S=.text    G=(none)   M=Vcl.ImgList ALIGN=4
 0001:00368A00 00010EC4 C=CODE     S=.text    G=(none)   M=Vcl.Menus ALIGN=4
 0001:003798C4 0000002C C=CODE     S=.text    G=(none)   M=System.Win.Taskbar ALIGN=4
 0001:003798F0 000004D0 C=CODE     S=.text    G=(none)   M=System.Win.TaskbarCore ALIGN=4
 0001:00379DC0 000000E0 C=CODE     S=.text    G=(none)   M=Winapi.ShellScaling ALIGN=4
 0001:00379EA0 00000040 C=CODE     S=.text    G=(none)   M=Winapi.Wtsapi32 ALIGN=4
 0001:00379EE0 00000400 C=CODE     S=.text    G=(none)   M=Winapi.FlatSB ALIGN=4
 0001:0037A2E0 000437D0 C=CODE     S=.text    G=(none)   M=Vcl.Forms ALIGN=4
 0001:003BDAB0 00012000 C=CODE     S=.text    G=(none)   M=Vcl.Grids ALIGN=4
 0001:003CFAB0 000000B4 C=CODE     S=.text    G=(none)   M=Vcl.CategoryButtons ALIGN=4
 0001:003CFB64 0000002C C=CODE     S=.text    G=(none)   M=Vcl.ButtonGroup ALIGN=4
 0001:003CFB90 0001E800 C=CODE     S=.text    G=(none)   M=Vcl.SysStyles ALIGN=4
 0001:003EE390 00000020 C=CODE     S=.text    G=(none)   M=Winapi.DxgiFormat ALIGN=4
 0001:003EE3B0 00000020 C=CODE     S=.text    G=(none)   M=Winapi.DXTypes ALIGN=4
 0001:003EE3D0 00000020 C=CODE     S=.text    G=(none)   M=Winapi.DxgiType ALIGN=4
 0001:003EE3F0 00000020 C=CODE     S=.text    G=(none)   M=Winapi.DXGI ALIGN=4
 0001:003EE410 00000020 C=CODE     S=.text    G=(none)   M=Winapi.D3DCommon ALIGN=4
 0001:003EE430 00001480 C=CODE     S=.text    G=(none)   M=Winapi.D2D1 ALIGN=4
 0001:003EF8B0 0000F72C C=CODE     S=.text    G=(none)   M=Vcl.Direct2D ALIGN=4
 0001:003FEFDC 00005124 C=CODE     S=.text    G=(none)   M=Vcl.StyleBitmap ALIGN=4
 0001:00404100 00036B74 C=CODE     S=.text    G=(none)   M=Vcl.StyleAPI ALIGN=4
 0001:0043AC74 00020868 C=CODE     S=.text    G=(none)   M=Vcl.Styles ALIGN=4
 0001:0045B4DC 00000344 C=CODE     S=.text    G=(none)   M=Data.DBConsts ALIGN=4
 0001:0045B820 000053A4 C=CODE     S=.text    G=(none)   M=Data.SqlTimSt ALIGN=4
 0001:00460BC4 000064FC C=CODE     S=.text    G=(none)   M=Data.FmtBcd ALIGN=4
 0001:004670C0 000000E0 C=CODE     S=.text    G=(none)   M=Data.DBCommonTypes ALIGN=4
 0001:004671A0 00062B4C C=CODE     S=.text    G=(none)   M=Data.DB  ALIGN=4
 0001:004C9CEC 0000E554 C=CODE     S=.text    G=(none)   M=Vcl.Buttons ALIGN=4
 0001:004D8240 000001B0 C=CODE     S=.text    G=(none)   M=Vcl.Imaging.pnglang ALIGN=4
 0001:004D83F0 00010E68 C=CODE     S=.text    G=(none)   M=Vcl.Imaging.pngimage ALIGN=4
 0001:004E9258 00001AB8 C=CODE     S=.text    G=(none)   M=RzGrafx  ALIGN=4
 0001:004EAD10 0000ECA0 C=CODE     S=.text    G=(none)   M=RzCommon ALIGN=4
 0001:004F99B0 00000BC0 C=CODE     S=.text    G=(none)   M=Vcl.BaseImageCollection ALIGN=4
 0001:004FA570 00003974 C=CODE     S=.text    G=(none)   M=Vcl.ImageCollection ALIGN=4
 0001:004FDEE4 000055DC C=CODE     S=.text    G=(none)   M=Vcl.VirtualImageList ALIGN=4
 0001:005034C0 00009550 C=CODE     S=.text    G=(none)   M=RzRadChk ALIGN=4
 0001:0050CA10 00000B68 C=CODE     S=.text    G=(none)   M=RzBorder ALIGN=4
 0001:0050D578 00007DA8 C=CODE     S=.text    G=(none)   M=RzEdit   ALIGN=4
 0001:00515320 00000020 C=CODE     S=.text    G=(none)   M=RzSpnEdt ALIGN=4
 0001:00515340 00002C20 C=CODE     S=.text    G=(none)   M=RzPopups ALIGN=4
 0001:00517F60 00000108 C=CODE     S=.text    G=(none)   M=Vcl.ExtDlgs ALIGN=4
 0001:00518068 00004638 C=CODE     S=.text    G=(none)   M=RzLabel  ALIGN=4
 0001:0051C6A0 00001890 C=CODE     S=.text    G=(none)   M=RzIntLst ALIGN=4
 0001:0051DF30 00000020 C=CODE     S=.text    G=(none)   M=RzRadGrp ALIGN=4
 0001:0051DF50 00009CA0 C=CODE     S=.text    G=(none)   M=RzCmboBx ALIGN=4
 0001:00527BF0 00009D80 C=CODE     S=.text    G=(none)   M=RzLstBox ALIGN=4
 0001:00531970 000096F0 C=CODE     S=.text    G=(none)   M=RzChkLst ALIGN=4
 0001:0053B060 000023F0 C=CODE     S=.text    G=(none)   M=RzToolbarForm ALIGN=4
 0001:0053D450 00011D90 C=CODE     S=.text    G=(none)   M=RzPanel  ALIGN=4
 0001:0054F1E0 0000ECF8 C=CODE     S=.text    G=(none)   M=RzButton ALIGN=4
 0001:0055DED8 00002984 C=CODE     S=.text    G=(none)   M=RzShellIntf ALIGN=4
 0001:0056085C 000043E4 C=CODE     S=.text    G=(none)   M=RzShellUtils ALIGN=4
 0001:00564C40 00003F50 C=CODE     S=.text    G=(none)   M=RzTreeVw ALIGN=4
 0001:00568B90 000056B0 C=CODE     S=.text    G=(none)   M=RzListVw ALIGN=4
 0001:0056E240 000003B0 C=CODE     S=.text    G=(none)   M=RzShellConsts ALIGN=4
 0001:0056E5F0 00022B8C C=CODE     S=.text    G=(none)   M=RzShellCtrls ALIGN=4
 0001:0059117C 00002294 C=CODE     S=.text    G=(none)   M=RzShellFolderForm ALIGN=4
 0001:00593410 00009200 C=CODE     S=.text    G=(none)   M=RzSplit  ALIGN=4
 0001:0059C610 00008EB0 C=CODE     S=.text    G=(none)   M=RzShellOpenForm ALIGN=4
 0001:005A54C0 00005360 C=CODE     S=.text    G=(none)   M=RzShellDialogs ALIGN=4
 0001:005AA820 0001CF10 C=CODE     S=.text    G=(none)   M=RzTabs   ALIGN=4
 0001:005C7730 00000140 C=CODE     S=.text    G=(none)   M=Vcl.VDBConsts ALIGN=4
 0001:005C7870 00000E2C C=CODE     S=.text    G=(none)   M=Vcl.DBLogDlg ALIGN=4
 0001:005C869C 00000C78 C=CODE     S=.text    G=(none)   M=Vcl.DBPWDlg ALIGN=4
 0001:005C9314 00006B30 C=CODE     S=.text    G=(none)   M=Vcl.DBCtrls ALIGN=4
 0001:005CFE44 0001226C C=CODE     S=.text    G=(none)   M=Vcl.DBGrids ALIGN=4
 0001:005E20B0 00005170 C=CODE     S=.text    G=(none)   M=RzDBGrid ALIGN=4
 0001:005E7220 00000140 C=CODE     S=.text    G=(none)   M=Spring.Hash ALIGN=4
 0001:005E7360 00000190 C=CODE     S=.text    G=(none)   M=Spring.ResourceStrings ALIGN=4
 0001:005E74F0 00001020 C=CODE     S=.text    G=(none)   M=Spring.HashTable ALIGN=4
 0001:005E8510 00001FB8 C=CODE     S=.text    G=(none)   M=Spring.Comparers ALIGN=4
 0001:005EA4C8 000008EC C=CODE     S=.text    G=(none)   M=Spring.HazardEra ALIGN=4
 0001:005EADB4 000012E8 C=CODE     S=.text    G=(none)   M=Spring.Events.Base ALIGN=4
 0001:005EC09C 00000034 C=CODE     S=.text    G=(none)   M=Spring.Events ALIGN=4
 0001:005EC0D0 00000030 C=CODE     S=.text    G=(none)   M=Spring.VirtualClass ALIGN=4
 0001:005EC100 0001A4CC C=CODE     S=.text    G=(none)   M=Spring   ALIGN=4
 0001:006065CC 00000034 C=CODE     S=.text    G=(none)   M=Spring.Collections.Events ALIGN=4
 0001:00606600 00000030 C=CODE     S=.text    G=(none)   M=Spring.Collections.Trees ALIGN=4
 0001:00606630 0001A968 C=CODE     S=.text    G=(none)   M=Spring.Collections.Extensions ALIGN=4
 0001:00620F98 00006390 C=CODE     S=.text    G=(none)   M=Spring.Collections.Lists ALIGN=4
 0001:00627328 00008A08 C=CODE     S=.text    G=(none)   M=Spring.Collections.Base ALIGN=4
 0001:0062FD30 000000A0 C=CODE     S=.text    G=(none)   M=Spring.Collections.Dictionaries ALIGN=4
 0001:0062FDD0 00000030 C=CODE     S=.text    G=(none)   M=Spring.Collections.LinkedLists ALIGN=4
 0001:0062FE00 00000030 C=CODE     S=.text    G=(none)   M=Spring.Collections.Sets ALIGN=4
 0001:0062FE30 000013F4 C=CODE     S=.text    G=(none)   M=Spring.Collections.MultiMaps ALIGN=4
 0001:00631224 0000003C C=CODE     S=.text    G=(none)   M=Spring.Collections.MultiSets ALIGN=4
 0001:00631260 00000030 C=CODE     S=.text    G=(none)   M=Spring.Collections.Queues ALIGN=4
 0001:00631290 00000030 C=CODE     S=.text    G=(none)   M=Spring.Collections.Stacks ALIGN=4
 0001:006312C0 00086A30 C=CODE     S=.text    G=(none)   M=Spring.Collections ALIGN=4
 0001:006B7CF0 00002010 C=CODE     S=.text    G=(none)   M=Spring.Container.Common ALIGN=4
 0001:006B9D00 00001FA0 C=CODE     S=.text    G=(none)   M=Spring.Logging ALIGN=4
 0001:006BBCA0 00000030 C=CODE     S=.text    G=(none)   M=Spring.Patterns.Specification ALIGN=4
 0001:006BBCD0 000001D0 C=CODE     S=.text    G=(none)   M=Spring.Container.ResourceStrings ALIGN=4
 0001:006BBEA0 0001B5A0 C=CODE     S=.text    G=(none)   M=Spring.Reflection ALIGN=4
 0001:006D7440 00001984 C=CODE     S=.text    G=(none)   M=Spring.Container.ComponentActivator ALIGN=4
 0001:006D8DC4 00003DE0 C=CODE     S=.text    G=(none)   M=Spring.Container.Injection ALIGN=4
 0001:006DCBA4 00007584 C=CODE     S=.text    G=(none)   M=Spring.Container.Pool ALIGN=4
 0001:006E4128 00002220 C=CODE     S=.text    G=(none)   M=Spring.Container.LifetimeManager ALIGN=4
 0001:006E6348 0000B878 C=CODE     S=.text    G=(none)   M=Spring.Container.Builder ALIGN=4
 0001:006F1BC0 00000040 C=CODE     S=.text    G=(none)   M=Spring.Interception.ResourceStrings ALIGN=4
 0001:006F1C00 00000910 C=CODE     S=.text    G=(none)   M=Spring.Interception.AbstractInvocation ALIGN=4
 0001:006F2510 00000030 C=CODE     S=.text    G=(none)   M=Spring.MethodIntercept ALIGN=4
 0001:006F2540 000002F4 C=CODE     S=.text    G=(none)   M=Spring.Patches.RSP13163 ALIGN=4
 0001:006F2834 0000003C C=CODE     S=.text    G=(none)   M=Spring.VirtualInterface ALIGN=4
 0001:006F2870 00002528 C=CODE     S=.text    G=(none)   M=Spring.Interception.InterfaceProxy ALIGN=4
 0001:006F4D98 00000038 C=CODE     S=.text    G=(none)   M=Spring.Interception.ClassProxy ALIGN=4
 0001:006F4DD0 00000030 C=CODE     S=.text    G=(none)   M=Spring.Interception.CustomProxy ALIGN=4
 0001:006F4E00 00000C80 C=CODE     S=.text    G=(none)   M=Spring.Interception ALIGN=4
 0001:006F5A80 00000E48 C=CODE     S=.text    G=(none)   M=Spring.Container.ProxyFactory ALIGN=4
 0001:006F68C8 0002F38C C=CODE     S=.text    G=(none)   M=Spring.Container.CreationContext ALIGN=4
 0001:00725C54 0002583C C=CODE     S=.text    G=(none)   M=Spring.Container.Resolvers ALIGN=4
 0001:0074B490 00004378 C=CODE     S=.text    G=(none)   M=Spring.Container.Registration ALIGN=4
 0001:0074F808 000021D8 C=CODE     S=.text    G=(none)   M=Spring.Logging.NullLogger ALIGN=4
 0001:007519E0 0000F5A4 C=CODE     S=.text    G=(none)   M=Spring.Container.Core ALIGN=4
 0001:00760F84 00000BFC C=CODE     S=.text    G=(none)   M=Spring.Services ALIGN=4
 0001:00761B80 00001C4C C=CODE     S=.text    G=(none)   M=Spring.Container ALIGN=4
 0001:007637CC 00001074 C=CODE     S=.text    G=(none)   M=SynEditTypes ALIGN=4
 0001:00764840 00009F38 C=CODE     S=.text    G=(none)   M=SynDWrite ALIGN=4
 0001:0076E778 00000038 C=CODE     S=.text    G=(none)   M=SynEditKeyConst ALIGN=4
 0001:0076E7B0 0000F1F4 C=CODE     S=.text    G=(none)   M=SynEditCodeFolding ALIGN=4
 0001:0077D9A4 00019074 C=CODE     S=.text    G=(none)   M=SynEditMiscClasses ALIGN=4
 0001:00796A18 000001E8 C=CODE     S=.text    G=(none)   M=SynEditStrConst ALIGN=4
 0001:00796C00 00005824 C=CODE     S=.text    G=(none)   M=SynEditHighlighter ALIGN=4
 0001:0079C424 0006A8BC C=CODE     S=.text    G=(none)   M=System.RegularExpressionsAPI ALIGN=4
 0001:00806CE0 00000080 C=CODE     S=.text    G=(none)   M=System.RegularExpressionsConsts ALIGN=4
 0001:00806D60 00003B10 C=CODE     S=.text    G=(none)   M=System.RegularExpressionsCore ALIGN=4
 0001:0080A870 00004460 C=CODE     S=.text    G=(none)   M=System.RegularExpressions ALIGN=4
 0001:0080ECD0 00004D70 C=CODE     S=.text    G=(none)   M=SynHighlighterMulti ALIGN=4
 0001:00813A40 000013F0 C=CODE     S=.text    G=(none)   M=SynEditMiscProcs ALIGN=4
 0001:00814E30 0002EDBC C=CODE     S=.text    G=(none)   M=System.Threading ALIGN=4
 0001:00843BEC 00004034 C=CODE     S=.text    G=(none)   M=SynEditTextBuffer ALIGN=4
 0001:00847C20 000008CC C=CODE     S=.text    G=(none)   M=SynUnicode ALIGN=4
 0001:008484EC 00003DDC C=CODE     S=.text    G=(none)   M=SynEditKeyCmds ALIGN=4
 0001:0084C2C8 00001BE8 C=CODE     S=.text    G=(none)   M=SynEditKbdHandler ALIGN=4
 0001:0084DEB0 00001E40 C=CODE     S=.text    G=(none)   M=SynEditScrollBars ALIGN=4
 0001:0084FCF0 00007658 C=CODE     S=.text    G=(none)   M=SynEditUndo ALIGN=4
 0001:00857348 00003818 C=CODE     S=.text    G=(none)   M=SynEditWordWrap ALIGN=4
 0001:0085AB60 00002A70 C=CODE     S=.text    G=(none)   M=SynEditExport ALIGN=4
 0001:0085D5D0 00008544 C=CODE     S=.text    G=(none)   M=SynExportHTML ALIGN=4
 0001:00865B14 00005EB8 C=CODE     S=.text    G=(none)   M=SynEditDataObject ALIGN=4
 0001:0086B9CC 00000EA4 C=CODE     S=.text    G=(none)   M=SynEditDragDrop ALIGN=4
 0001:0086C870 0002CBB8 C=CODE     S=.text    G=(none)   M=SynEdit  ALIGN=4
 0001:00899428 00002BD4 C=CODE     S=.text    G=(none)   M=SynHighlighterJSON ALIGN=4
 0001:0089BFFC 00008150 C=CODE     S=.text    G=(none)   M=SynHighlighterPas ALIGN=4
 0001:008A414C 00000084 C=CODE     S=.text    G=(none)   M=Winapi.oleacc ALIGN=4
 0001:008A41D0 00002120 C=CODE     S=.text    G=(none)   M=VirtualTrees.Utils ALIGN=4
 0001:008A62F0 000011A0 C=CODE     S=.text    G=(none)   M=VirtualTrees.Colors ALIGN=4
 0001:008A7490 00000030 C=CODE     S=.text    G=(none)   M=Winapi.MMSystem ALIGN=4
 0001:008A74C0 00000020 C=CODE     S=.text    G=(none)   M=System.Win.StdVCL ALIGN=4
 0001:008A74E0 000015B8 C=CODE     S=.text    G=(none)   M=Vcl.AxCtrls ALIGN=4
 0001:008A8A98 00001128 C=CODE     S=.text    G=(none)   M=VirtualTrees.WorkerThread ALIGN=4
 0001:008A9BC0 000013A8 C=CODE     S=.text    G=(none)   M=VirtualTrees.ClipBoard ALIGN=4
 0001:008AAF68 0004FF34 C=CODE     S=.text    G=(none)   M=VirtualTrees.BaseTree ALIGN=4
 0001:008FAE9C 00001EE4 C=CODE     S=.text    G=(none)   M=VirtualTrees.DataObject ALIGN=4
 0001:008FCD80 00001980 C=CODE     S=.text    G=(none)   M=VirtualTrees.DragnDrop ALIGN=4
 0001:008FE700 00000910 C=CODE     S=.text    G=(none)   M=VirtualTrees.DragImage ALIGN=4
 0001:008FF010 00001220 C=CODE     S=.text    G=(none)   M=VirtualTrees.HeaderPopup ALIGN=4
 0001:00900230 0001A07C C=CODE     S=.text    G=(none)   M=VirtualTrees.Header ALIGN=4
 0001:0091A2AC 00000D34 C=CODE     S=.text    G=(none)   M=VirtualTrees.StyleHooks ALIGN=4
 0001:0091AFE0 000052F0 C=CODE     S=.text    G=(none)   M=VirtualTrees.Types ALIGN=4
 0001:009202D0 00000868 C=CODE     S=.text    G=(none)   M=VirtualTrees.AccessibilityFactory ALIGN=4
 0001:00920B38 00001EE8 C=CODE     S=.text    G=(none)   M=VirtualTrees.BaseAncestorVCL ALIGN=4
 0001:00922A20 00002A60 C=CODE     S=.text    G=(none)   M=VirtualTrees.AncestorVCL ALIGN=4
 0001:00925480 00000B70 C=CODE     S=.text    G=(none)   M=VirtualTrees.Classes ALIGN=4
 0001:00925FF0 0000AB78 C=CODE     S=.text    G=(none)   M=VirtualTrees.Export ALIGN=4
 0001:00930B68 00003A58 C=CODE     S=.text    G=(none)   M=VirtualTrees.EditLink ALIGN=4
 0001:009345C0 0000B8C8 C=CODE     S=.text    G=(none)   M=VirtualTrees ALIGN=4
 0001:0093FE88 00000028 C=CODE     S=.text    G=(none)   M=FireDAC.Stan.Consts ALIGN=4
 0001:0093FEB0 000013E0 C=CODE     S=.text    G=(none)   M=FireDAC.Stan.ResStrs ALIGN=4
 0001:00941290 00005DF0 C=CODE     S=.text    G=(none)   M=FireDAC.Stan.Error ALIGN=4
 0001:00947080 00006450 C=CODE     S=.text    G=(none)   M=FireDAC.Stan.Util ALIGN=4
 0001:0094D4D0 00004E70 C=CODE     S=.text    G=(none)   M=FireDAC.Stan.Intf ALIGN=4
 0001:00952340 000035B0 C=CODE     S=.text    G=(none)   M=FireDAC.Stan.SQLTimeInt ALIGN=4
 0001:009558F0 0000F6E0 C=CODE     S=.text    G=(none)   M=FireDAC.Stan.Param ALIGN=4
 0001:00964FD0 00045138 C=CODE     S=.text    G=(none)   M=FireDAC.DatS ALIGN=4
 0001:009AA108 000003E0 C=CODE     S=.text    G=(none)   M=FireDAC.UI.Intf ALIGN=4
 0001:009AA4E8 00001338 C=CODE     S=.text    G=(none)   M=FireDAC.Phys.Intf ALIGN=4
 0001:009AB820 000010A0 C=CODE     S=.text    G=(none)   M=FireDAC.DApt.Column ALIGN=4
 0001:009AC8C0 00000620 C=CODE     S=.text    G=(none)   M=FireDAC.DApt.Intf ALIGN=4
 0001:009ACEE0 00002718 C=CODE     S=.text    G=(none)   M=FireDAC.Stan.Factory ALIGN=4
 0001:009AF5F8 00015944 C=CODE     S=.text    G=(none)   M=FireDAC.Stan.Option ALIGN=4
 0001:009C4F3C 00024DE4 C=CODE     S=.text    G=(none)   M=FireDAC.Comp.DataSet ALIGN=4
 0001:009E9D20 00002460 C=CODE     S=.text    G=(none)   M=FireDAC.Comp.UI ALIGN=4
 0001:009EC180 0000BDC0 C=CODE     S=.text    G=(none)   M=FireDAC.Stan.Expr ALIGN=4
 0001:009F7F40 000077B0 C=CODE     S=.text    G=(none)   M=FireDAC.Phys.SQLPreprocessor ALIGN=4
 0001:009FF6F0 00035DA8 C=CODE     S=.text    G=(none)   M=FireDAC.Comp.Client ALIGN=4
 0001:00A35498 00000378 C=CODE     S=.text    G=(none)   M=i_MetadataViewer ALIGN=4
 0001:00A35810 000000E0 C=CODE     S=.text    G=(none)   M=i_PackageDataset ALIGN=4
 0001:00A358F0 00000270 C=CODE     S=.text    G=(none)   M=u_SBOMInterfaces ALIGN=4
 0001:00A35B60 00000110 C=CODE     S=.text    G=(none)   M=System.JSONConsts ALIGN=4
 0001:00A35C70 0001BA3C C=CODE     S=.text    G=(none)   M=System.JSON ALIGN=4
 0001:00A516AC 00000564 C=CODE     S=.text    G=(none)   M=u_Logger ALIGN=4
 0001:00A51C10 00004208 C=CODE     S=.text    G=(none)   M=u_SBOMClasses ALIGN=4
 0001:00A55E18 00003D90 C=CODE     S=.text    G=(none)   M=u_PackageMetadataRepository ALIGN=4
 0001:00A59BA8 00001D48 C=CODE     S=.text    G=(none)   M=u_SPDXLicenses ALIGN=4
 0001:00A5B8F0 000002C0 C=CODE     S=.text    G=(none)   M=u_DataSetUtils ALIGN=4
 0001:00A5BBB0 00000140 C=CODE     S=.text    G=(none)   M=u_FileFinders ALIGN=4
 0001:00A5BCF0 000024B0 C=CODE     S=.text    G=(none)   M=d_Metadata ALIGN=4
 0001:00A5E1A0 00005F98 C=CODE     S=.text    G=(none)   M=u_DelphiVersionDetector_2 ALIGN=4
 0001:00A64138 00001BE0 C=CODE     S=.text    G=(none)   M=u_RegistryHelper ALIGN=4
 0001:00A65D18 00000858 C=CODE     S=.text    G=(none)   M=i_SBOMComponentDetection ALIGN=4
 0001:00A66570 00003388 C=CODE     S=.text    G=(none)   M=u_SBOMValidation ALIGN=4
 0001:00A698F8 00000EB8 C=CODE     S=.text    G=(none)   M=f_ValidationResults ALIGN=4
 0001:00A6A7B0 00000170 C=CODE     S=.text    G=(none)   M=Xml.XMLConst ALIGN=4
 0001:00A6A920 00000020 C=CODE     S=.text    G=(none)   M=Winapi.msxml ALIGN=4
 0001:00A6A940 0000DD2C C=CODE     S=.text    G=(none)   M=Xml.Win.msxmldom ALIGN=4
 0001:00A7866C 00002010 C=CODE     S=.text    G=(none)   M=Xml.xmldom ALIGN=4
 0001:00A7A67C 00000584 C=CODE     S=.text    G=(none)   M=Xml.XMLIntf ALIGN=4
 0001:00A7AC00 00000020 C=CODE     S=.text    G=(none)   M=Xml.XMLSchemaTags ALIGN=4
 0001:00A7AC20 000000B0 C=CODE     S=.text    G=(none)   M=Xml.XMLSchema ALIGN=4
 0001:00A7ACD0 00000190 C=CODE     S=.text    G=(none)   M=Xml.xmlutil ALIGN=4
 0001:00A7AE60 000105B0 C=CODE     S=.text    G=(none)   M=Xml.XMLDoc ALIGN=4
 0001:00A8B410 00006398 C=CODE     S=.text    G=(none)   M=u_DelphiEnvironment ALIGN=4
 0001:00A917A8 00000CD4 C=CODE     S=.text    G=(none)   M=u_MapModules ALIGN=4
 0001:00A9247C 00002FDC C=CODE     S=.text    G=(none)   M=u_PackageEditor ALIGN=4
 0001:00A95458 00003368 C=CODE     S=.text    G=(none)   M=u_PackageResolver ALIGN=4
 0001:00A987C0 000031C4 C=CODE     S=.text    G=(none)   M=u_SBOMProject ALIGN=4
 0001:00A9B984 00001ADC C=CODE     S=.text    G=(none)   M=u_UserProfile ALIGN=4
 0001:00A9D460 00000020 C=CODE     S=.text    G=(none)   M=Vcl.FileCtrl ALIGN=4
 0001:00A9D480 00004790 C=CODE     S=.text    G=(none)   M=Vcl.CheckLst ALIGN=4
 0001:00AA1C10 00001010 C=CODE     S=.text    G=(none)   M=f_DeleteProject ALIGN=4
 0001:00AA2C20 00000020 C=CODE     S=.text    G=(none)   M=System.WideStrings ALIGN=4
 0001:00AA2C40 00003A10 C=CODE     S=.text    G=(none)   M=HtmlGlobals ALIGN=4
 0001:00AA6650 000000E0 C=CODE     S=.text    G=(none)   M=BuffConvArrays ALIGN=4
 0001:00AA6730 00005BB0 C=CODE     S=.text    G=(none)   M=BuffConv ALIGN=4
 0001:00AAC2E0 000107D0 C=CODE     S=.text    G=(none)   M=HtmlBuffer ALIGN=4
 0001:00ABCAB0 000051F0 C=CODE     S=.text    G=(none)   M=HtmlGif1 ALIGN=4
 0001:00AC1CA0 000019D0 C=CODE     S=.text    G=(none)   M=HTMLGif2 ALIGN=4
 0001:00AC3670 00000050 C=CODE     S=.text    G=(none)   M=Vcl.Imaging.JConsts ALIGN=4
 0001:00AC36C0 0001EAF8 C=CODE     S=.text    G=(none)   M=Vcl.Imaging.jpeg ALIGN=4
 0001:00AE21B8 000031E8 C=CODE     S=.text    G=(none)   M=URLSubs  ALIGN=4
 0001:00AE53A0 00000C90 C=CODE     S=.text    G=(none)   M=HtmlCaches ALIGN=4
 0001:00AE6030 000026B0 C=CODE     S=.text    G=(none)   M=StyleTypes ALIGN=4
 0001:00AE86E0 00005110 C=CODE     S=.text    G=(none)   M=DitherUnit ALIGN=4
 0001:00AED7F0 0000CF3C C=CODE     S=.text    G=(none)   M=HtmlImages ALIGN=4
 0001:00AFA72C 00003E60 C=CODE     S=.text    G=(none)   M=HtmlSymb ALIGN=4
 0001:00AFE58C 00006910 C=CODE     S=.text    G=(none)   M=HtmlFonts ALIGN=4
 0001:00B04E9C 000003D4 C=CODE     S=.text    G=(none)   M=HSLUtils ALIGN=4
 0001:00B05270 0001B70C C=CODE     S=.text    G=(none)   M=StyleUn  ALIGN=4
 0001:00B2097C 00006E74 C=CODE     S=.text    G=(none)   M=StylePars ALIGN=4
 0001:00B277F0 0002438C C=CODE     S=.text    G=(none)   M=HTMLUn2  ALIGN=4
 0001:00B4BB7C 00001F54 C=CODE     S=.text    G=(none)   M=HtmlPrinter ALIGN=4
 0001:00B4DAD0 00000310 C=CODE     S=.text    G=(none)   M=MetaFilePrinter ALIGN=4
 0001:00B4DDE0 00001CA0 C=CODE     S=.text    G=(none)   M=UrlConn  ALIGN=4
 0001:00B4FA80 00006C8C C=CODE     S=.text    G=(none)   M=vwPrint  ALIGN=4
 0001:00B5670C 00002AB4 C=CODE     S=.text    G=(none)   M=System.NetEncoding ALIGN=4
 0001:00B591C0 00094ABC C=CODE     S=.text    G=(none)   M=HTMLSubs ALIGN=4
 0001:00BEDC7C 0000A9D4 C=CODE     S=.text    G=(none)   M=Htmlsbs1 ALIGN=4
 0001:00BF8650 00000020 C=CODE     S=.text    G=(none)   M=FramView ALIGN=4
 0001:00BF8670 00013110 C=CODE     S=.text    G=(none)   M=ReadHTML ALIGN=4
 0001:00C0B780 0001FF5C C=CODE     S=.text    G=(none)   M=HtmlView ALIGN=4
 0001:00C2B6DC 000015E4 C=CODE     S=.text    G=(none)   M=MarkdownTables ALIGN=4
 0001:00C2CCC0 00000350 C=CODE     S=.text    G=(none)   M=MarkdownMathCode ALIGN=4
 0001:00C2D010 00010B20 C=CODE     S=.text    G=(none)   M=MarkdownUtils ALIGN=4
 0001:00C3DB30 00001B40 C=CODE     S=.text    G=(none)   M=MarkdownDaringFireball ALIGN=4
 0001:00C3F670 000003E0 C=CODE     S=.text    G=(none)   M=MarkdownCommonMark ALIGN=4
 0001:00C3FA50 000003D0 C=CODE     S=.text    G=(none)   M=MarkdownTxtMark ALIGN=4
 0001:00C3FE20 00000550 C=CODE     S=.text    G=(none)   M=MarkdownProcessor ALIGN=4
 0001:00C40370 00000070 C=CODE     S=.text    G=(none)   M=Winapi.DirectDraw ALIGN=4
 0001:00C403E0 00006F10 C=CODE     S=.text    G=(none)   M=Winapi.GDIPAPI ALIGN=4
 0001:00C472F0 000223F4 C=CODE     S=.text    G=(none)   M=Winapi.GDIPOBJ ALIGN=4
 0001:00C696E4 00005250 C=CODE     S=.text    G=(none)   M=MarkDownViewerComponents ALIGN=4
 0001:00C6E934 0000081C C=CODE     S=.text    G=(none)   M=f_HelpViewer ALIGN=4
 0001:00C6F150 00002CA4 C=CODE     S=.text    G=(none)   M=Img32.Resamplers ALIGN=4
 0001:00C71DF4 00002600 C=CODE     S=.text    G=(none)   M=Img32.Transform ALIGN=4
 0001:00C743F4 0000D6AC C=CODE     S=.text    G=(none)   M=Img32.Vector ALIGN=4
 0001:00C81AA0 00002E80 C=CODE     S=.text    G=(none)   M=Img32.Fmt.BMP ALIGN=4
 0001:00C84920 00016D3C C=CODE     S=.text    G=(none)   M=Img32    ALIGN=4
 0001:00C9B65C 00007DD4 C=CODE     S=.text    G=(none)   M=Img32.Draw ALIGN=4
 0001:00CA3430 0000A49C C=CODE     S=.text    G=(none)   M=Img32.TextChunks ALIGN=4
 0001:00CAD8CC 00019AB0 C=CODE     S=.text    G=(none)   M=Img32.Text ALIGN=4
 0001:00CC737C 00016610 C=CODE     S=.text    G=(none)   M=Img32.SVG.Core ALIGN=4
 0001:00CDD98C 0000A6F4 C=CODE     S=.text    G=(none)   M=Img32.SVG.Path ALIGN=4
 0001:00CE8080 00001B00 C=CODE     S=.text    G=(none)   M=Img32.Extra ALIGN=4
 0001:00CE9B80 00000030 C=CODE     S=.text    G=(none)   M=Clipper.Core ALIGN=4
 0001:00CE9BB0 00000030 C=CODE     S=.text    G=(none)   M=Clipper.Engine ALIGN=4
 0001:00CE9BE0 00000030 C=CODE     S=.text    G=(none)   M=Clipper.Offset ALIGN=4
 0001:00CE9C10 00000030 C=CODE     S=.text    G=(none)   M=Clipper.RectClip ALIGN=4
 0001:00CE9C40 00000030 C=CODE     S=.text    G=(none)   M=Clipper.Minkowski ALIGN=4
 0001:00CE9C70 00000030 C=CODE     S=.text    G=(none)   M=Clipper  ALIGN=4
 0001:00CE9CA0 00000030 C=CODE     S=.text    G=(none)   M=Img32.Clipper2 ALIGN=4
 0001:00CE9CD0 0002124C C=CODE     S=.text    G=(none)   M=Img32.SVG.Reader ALIGN=4
 0001:00D0AF1C 000014A4 C=CODE     S=.text    G=(none)   M=Image32SVGFactory ALIGN=4
 0001:00D0C3C0 00000290 C=CODE     S=.text    G=(none)   M=SVGInterfaces ALIGN=4
 0001:00D0C650 000025DC C=CODE     S=.text    G=(none)   M=SVGIconImageCollection ALIGN=4
 0001:00D0EC2C 00000034 C=CODE     S=.text    G=(none)   M=SVGIconVirtualImageList ALIGN=4
 0001:00D0EC60 00001EB0 C=CODE     S=.text    G=(none)   M=SVGIconImageList ALIGN=4
 0001:00D10B10 00000030 C=CODE     S=.text    G=(none)   M=SVGIconUtils ALIGN=4
 0001:00D10B40 000020F0 C=CODE     S=.text    G=(none)   M=SVGIconItems ALIGN=4
 0001:00D12C30 00001FD0 C=CODE     S=.text    G=(none)   M=SVGIconImageListBase ALIGN=4
 0001:00D14C00 000011A0 C=CODE     S=.text    G=(none)   M=f_SelectPaths ALIGN=4
 0001:00D15DA0 00001B68 C=CODE     S=.text    G=(none)   M=u_MetadataEditController ALIGN=4
 0001:00D17908 00001D28 C=CODE     S=.text    G=(none)   M=u_MetadataEditor ALIGN=4
 0001:00D19630 00002470 C=CODE     S=.text    G=(none)   M=u_MetadataViewer ALIGN=4
 0001:00D1BAA0 00001600 C=CODE     S=.text    G=(none)   M=u_ModuleAdapter ALIGN=4
 0001:00D1D0A0 00001BA0 C=CODE     S=.text    G=(none)   M=u_PackagesGridAdapter ALIGN=4
 0001:00D1EC40 00000670 C=CODE     S=.text    G=(none)   M=u_EnvironmentHelper ALIGN=4
 0001:00D1F2B0 00000030 C=CODE     S=.text    G=(none)   M=flcStdTypes ALIGN=4
 0001:00D1F2E0 00000030 C=CODE     S=.text    G=(none)   M=flcSysUtils ALIGN=4
 0001:00D1F310 00000B20 C=CODE     S=.text    G=(none)   M=flcHash  ALIGN=4
 0001:00D1FE30 0000B2C8 C=CODE     S=.text    G=(none)   M=u_SBOMComponentDetectionImpl ALIGN=4
 0001:00D2B0F8 00000458 C=CODE     S=.text    G=(none)   M=u_ServiceRegistration ALIGN=4
 0001:00D2B550 0000B800 C=CODE     S=.text    G=(none)   M=f_Main   ALIGN=4
 0001:00D36D50 00000030 C=CODE     S=.text    G=(none)   M=u_EnumUtils ALIGN=4
 0001:00D36D80 00000030 C=CODE     S=.text    G=(none)   M=u_TextTools ALIGN=4
 0001:00D36DB0 000201D4 C=CODE     S=.text    G=(none)   M=SBOMgen  ALIGN=4
 0002:00000000 0000458C C=DATA     S=.data    G=DGROUP   M=System   ALIGN=4
 0002:0000458C 0000013C C=DATA     S=.data    G=DGROUP   M=SysInit  ALIGN=4
 0002:000046C8 00000580 C=DATA     S=.data    G=DGROUP   M=System.Types ALIGN=4
 0002:00004C48 00000018 C=DATA     S=.data    G=DGROUP   M=System.UITypes ALIGN=4
 0002:00004C60 00000014 C=DATA     S=.data    G=DGROUP   M=Winapi.Windows.PkgHelper ALIGN=4
 0002:00004C74 00000080 C=DATA     S=.data    G=DGROUP   M=Winapi.Windows ALIGN=4
 0002:00004CF4 00000008 C=DATA     S=.data    G=DGROUP   M=System.SysConst ALIGN=4
 0002:00004CFC 00000008 C=DATA     S=.data    G=DGROUP   M=Winapi.ImageHlp ALIGN=4
 0002:00004D04 00000008 C=DATA     S=.data    G=DGROUP   M=Winapi.SHFolder ALIGN=4
 0002:00004D0C 00000060 C=DATA     S=.data    G=DGROUP   M=Winapi.PsAPI ALIGN=4
 0002:00004D6C 00000008 C=DATA     S=.data    G=DGROUP   M=System.RTLConsts ALIGN=4
 0002:00004D74 000000DC C=DATA     S=.data    G=DGROUP   M=System.Character ALIGN=4
 0002:00004E50 0000027C C=DATA     S=.data    G=DGROUP   M=System.Internal.ExcUtils ALIGN=4
 0002:000050CC 00005638 C=DATA     S=.data    G=DGROUP   M=System.SysUtils ALIGN=4
 0002:0000A704 000002F8 C=DATA     S=.data    G=DGROUP   M=System.VarUtils ALIGN=4
 0002:0000A9FC 00002044 C=DATA     S=.data    G=DGROUP   M=System.Variants ALIGN=4
 0002:0000CA40 00000A7C C=DATA     S=.data    G=DGROUP   M=System.TypInfo ALIGN=4
 0002:0000D4BC 00000050 C=DATA     S=.data    G=DGROUP   M=Winapi.Messages ALIGN=4
 0002:0000D50C 00000018 C=DATA     S=.data    G=DGROUP   M=Winapi.ActiveX ALIGN=4
 0002:0000D524 000009E4 C=DATA     S=.data    G=DGROUP   M=System.Math ALIGN=4
 0002:0000DF08 00000348 C=DATA     S=.data    G=DGROUP   M=System.TimeSpan ALIGN=4
 0002:0000E250 00000058 C=DATA     S=.data    G=DGROUP   M=System.Diagnostics ALIGN=4
 0002:0000E2A8 00000698 C=DATA     S=.data    G=DGROUP   M=System.SyncObjs ALIGN=4
 0002:0000E940 00009684 C=DATA     S=.data    G=DGROUP   M=System.Rtti ALIGN=4
 0002:00017FC4 0000E960 C=DATA     S=.data    G=DGROUP   M=System.Classes ALIGN=4
 0002:00026924 0000000C C=DATA     S=.data    G=DGROUP   M=System.Hash ALIGN=4
 0002:00026930 00001120 C=DATA     S=.data    G=DGROUP   M=System.Generics.Defaults ALIGN=4
 0002:00027A50 00000904 C=DATA     S=.data    G=DGROUP   M=System.Generics.Collections ALIGN=4
 0002:00028354 0000277C C=DATA     S=.data    G=DGROUP   M=System.Messaging ALIGN=4
 0002:0002AAD0 00000BD8 C=DATA     S=.data    G=DGROUP   M=System.Actions ALIGN=4
 0002:0002B6A8 000000A8 C=DATA     S=.data    G=DGROUP   M=Winapi.Wincodec ALIGN=4
 0002:0002B750 000000FC C=DATA     S=.data    G=DGROUP   M=Winapi.CommCtrl ALIGN=4
 0002:0002B84C 00000008 C=DATA     S=.data    G=DGROUP   M=Winapi.Qos ALIGN=4
 0002:0002B854 00000008 C=DATA     S=.data    G=DGROUP   M=Winapi.Winsock2 ALIGN=4
 0002:0002B85C 00000008 C=DATA     S=.data    G=DGROUP   M=Winapi.IpExport ALIGN=4
 0002:0002B864 0000001C C=DATA     S=.data    G=DGROUP   M=Winapi.ShellAPI ALIGN=4
 0002:0002B880 00000008 C=DATA     S=.data    G=DGROUP   M=Winapi.RegStr ALIGN=4
 0002:0002B888 00000008 C=DATA     S=.data    G=DGROUP   M=Winapi.WinInet ALIGN=4
 0002:0002B890 00000008 C=DATA     S=.data    G=DGROUP   M=Winapi.UrlMon ALIGN=4
 0002:0002B898 00000008 C=DATA     S=.data    G=DGROUP   M=Winapi.ObjectArray ALIGN=4
 0002:0002B8A0 00000008 C=DATA     S=.data    G=DGROUP   M=Winapi.StructuredQueryCondition ALIGN=4
 0002:0002B8A8 00000008 C=DATA     S=.data    G=DGROUP   M=Winapi.PropSys ALIGN=4
 0002:0002B8B0 00000008 C=DATA     S=.data    G=DGROUP   M=Winapi.MSXMLIntf ALIGN=4
 0002:0002B8B8 00000058 C=DATA     S=.data    G=DGROUP   M=Winapi.ShlObj ALIGN=4
 0002:0002B910 00000008 C=DATA     S=.data    G=DGROUP   M=Winapi.KnownFolders ALIGN=4
 0002:0002B918 0000012C C=DATA     S=.data    G=DGROUP   M=System.Masks ALIGN=4
 0002:0002BA44 000000D8 C=DATA     S=.data    G=DGROUP   M=System.StrUtils ALIGN=4
 0002:0002BB1C 00000EA0 C=DATA     S=.data    G=DGROUP   M=System.DateUtils ALIGN=4
 0002:0002C9BC 00000788 C=DATA     S=.data    G=DGROUP   M=System.IOUtils ALIGN=4
 0002:0002D144 000013C8 C=DATA     S=.data    G=DGROUP   M=System.IniFiles ALIGN=4
 0002:0002E50C 00001170 C=DATA     S=.data    G=DGROUP   M=System.Win.Registry ALIGN=4
 0002:0002F67C 000017A0 C=DATA     S=.data    G=DGROUP   M=System.UIConsts ALIGN=4
 0002:00030E1C 00000008 C=DATA     S=.data    G=DGROUP   M=Vcl.Consts ALIGN=4
 0002:00030E24 000034D0 C=DATA     S=.data    G=DGROUP   M=Vcl.Graphics ALIGN=4
 0002:000342F4 00000184 C=DATA     S=.data    G=DGROUP   M=System.Contnrs ALIGN=4
 0002:00034478 00000608 C=DATA     S=.data    G=DGROUP   M=System.ImageList ALIGN=4
 0002:00034A80 00000080 C=DATA     S=.data    G=DGROUP   M=Winapi.UxTheme ALIGN=4
 0002:00034B00 00000008 C=DATA     S=.data    G=DGROUP   M=Winapi.MultiMon ALIGN=4
 0002:00034B08 00000008 C=DATA     S=.data    G=DGROUP   M=Winapi.UIAutomation ALIGN=4
 0002:00034B10 00000008 C=DATA     S=.data    G=DGROUP   M=Winapi.Imm ALIGN=4
 0002:00034B18 00000238 C=DATA     S=.data    G=DGROUP   M=Vcl.ActnList ALIGN=4
 0002:00034D50 00000008 C=DATA     S=.data    G=DGROUP   M=Winapi.TpcShrd ALIGN=4
 0002:00034D58 00000040 C=DATA     S=.data    G=DGROUP   M=Winapi.MsCTF.PkgHelper ALIGN=4
 0002:00034D98 0000026C C=DATA     S=.data    G=DGROUP   M=System.AnsiStrings ALIGN=4
 0002:00035004 00000008 C=DATA     S=.data    G=DGROUP   M=System.Win.ComConst ALIGN=4
 0002:0003500C 000002C0 C=DATA     S=.data    G=DGROUP   M=System.Win.ComObj ALIGN=4
 0002:000352CC 00000028 C=DATA     S=.data    G=DGROUP   M=Winapi.MsCTF ALIGN=4
 0002:000352F4 00000010 C=DATA     S=.data    G=DGROUP   M=Winapi.Dwmapi ALIGN=4
 0002:00035304 00000028 C=DATA     S=.data    G=DGROUP   M=System.Win.Crtl ALIGN=4
 0002:0003532C 00004534 C=DATA     S=.data    G=DGROUP   M=System.ZLib ALIGN=4
 0002:00039860 0000021C C=DATA     S=.data    G=DGROUP   M=Vcl.GraphUtil ALIGN=4
 0002:00039A7C 00000008 C=DATA     S=.data    G=DGROUP   M=Winapi.MsInkAut ALIGN=4
 0002:00039A84 00000018 C=DATA     S=.data    G=DGROUP   M=Winapi.PenInputPanel ALIGN=4
 0002:00039A9C 00004534 C=DATA     S=.data    G=DGROUP   M=Vcl.Controls ALIGN=4
 0002:0003DFD0 00003224 C=DATA     S=.data    G=DGROUP   M=Vcl.StdCtrls ALIGN=4
 0002:000411F4 00000210 C=DATA     S=.data    G=DGROUP   M=System.MaskUtils ALIGN=4
 0002:00041404 00000480 C=DATA     S=.data    G=DGROUP   M=Vcl.Clipbrd ALIGN=4
 0002:00041884 00000544 C=DATA     S=.data    G=DGROUP   M=Vcl.Mask ALIGN=4
 0002:00041DC8 00000008 C=DATA     S=.data    G=DGROUP   M=Winapi.CommDlg ALIGN=4
 0002:00041DD0 00000008 C=DATA     S=.data    G=DGROUP   M=Winapi.WinSpool ALIGN=4
 0002:00041DD8 00000508 C=DATA     S=.data    G=DGROUP   M=Vcl.Printers ALIGN=4
 0002:000422E0 00000014 C=DATA     S=.data    G=DGROUP   M=Winapi.RichEdit ALIGN=4
 0002:000422F4 00000008 C=DATA     S=.data    G=DGROUP   M=Vcl.ToolWin ALIGN=4
 0002:000422FC 00000390 C=DATA     S=.data    G=DGROUP   M=Vcl.ListActns ALIGN=4
 0002:0004268C 00000008 C=DATA     S=.data    G=DGROUP   M=Vcl.ComStrs ALIGN=4
 0002:00042694 000003F8 C=DATA     S=.data    G=DGROUP   M=Vcl.StdActns ALIGN=4
 0002:00042A8C 00004E64 C=DATA     S=.data    G=DGROUP   M=Vcl.ComCtrls ALIGN=4
 0002:000478F0 00000018 C=DATA     S=.data    G=DGROUP   M=System.WideStrUtils ALIGN=4
 0002:00047908 00000008 C=DATA     S=.data    G=DGROUP   M=Winapi.Dlgs ALIGN=4
 0002:00047910 000009D4 C=DATA     S=.data    G=DGROUP   M=System.HelpIntfs ALIGN=4
 0002:000482E4 00001AC4 C=DATA     S=.data    G=DGROUP   M=Vcl.Dialogs ALIGN=4
 0002:00049DA8 00000F14 C=DATA     S=.data    G=DGROUP   M=Vcl.ExtCtrls ALIGN=4
 0002:0004ACBC 00006980 C=DATA     S=.data    G=DGROUP   M=Vcl.Themes ALIGN=4
 0002:0005163C 000009D4 C=DATA     S=.data    G=DGROUP   M=Vcl.ImgList ALIGN=4
 0002:00052010 00001188 C=DATA     S=.data    G=DGROUP   M=Vcl.Menus ALIGN=4
 0002:00053198 00000008 C=DATA     S=.data    G=DGROUP   M=System.Win.Taskbar ALIGN=4
 0002:000531A0 00000008 C=DATA     S=.data    G=DGROUP   M=System.Win.TaskbarCore ALIGN=4
 0002:000531A8 00000008 C=DATA     S=.data    G=DGROUP   M=Winapi.ShellScaling ALIGN=4
 0002:000531B0 00000008 C=DATA     S=.data    G=DGROUP   M=Winapi.Wtsapi32 ALIGN=4
 0002:000531B8 00000014 C=DATA     S=.data    G=DGROUP   M=Winapi.FlatSB ALIGN=4
 0002:000531CC 00003F4C C=DATA     S=.data    G=DGROUP   M=Vcl.Forms ALIGN=4
 0002:00057118 00001460 C=DATA     S=.data    G=DGROUP   M=Vcl.Grids ALIGN=4
 0002:00058578 00000010 C=DATA     S=.data    G=DGROUP   M=Vcl.CategoryButtons ALIGN=4
 0002:00058588 00000008 C=DATA     S=.data    G=DGROUP   M=Vcl.ButtonGroup ALIGN=4
 0002:00058590 00001D08 C=DATA     S=.data    G=DGROUP   M=Vcl.SysStyles ALIGN=4
 0002:0005A298 00000008 C=DATA     S=.data    G=DGROUP   M=Winapi.DxgiFormat ALIGN=4
 0002:0005A2A0 00000008 C=DATA     S=.data    G=DGROUP   M=Winapi.DXTypes ALIGN=4
 0002:0005A2A8 00000008 C=DATA     S=.data    G=DGROUP   M=Winapi.DxgiType ALIGN=4
 0002:0005A2B0 00000008 C=DATA     S=.data    G=DGROUP   M=Winapi.DXGI ALIGN=4
 0002:0005A2B8 00000008 C=DATA     S=.data    G=DGROUP   M=Winapi.D3DCommon ALIGN=4
 0002:0005A2C0 00000140 C=DATA     S=.data    G=DGROUP   M=Winapi.D2D1 ALIGN=4
 0002:0005A400 00001830 C=DATA     S=.data    G=DGROUP   M=Vcl.Direct2D ALIGN=4
 0002:0005BC30 00000634 C=DATA     S=.data    G=DGROUP   M=Vcl.StyleBitmap ALIGN=4
 0002:0005C264 00003218 C=DATA     S=.data    G=DGROUP   M=Vcl.StyleAPI ALIGN=4
 0002:0005F47C 000016E8 C=DATA     S=.data    G=DGROUP   M=Vcl.Styles ALIGN=4
 0002:00060B64 00000008 C=DATA     S=.data    G=DGROUP   M=Data.DBConsts ALIGN=4
 0002:00060B6C 00000B3C C=DATA     S=.data    G=DGROUP   M=Data.SqlTimSt ALIGN=4
 0002:000616A8 00000A38 C=DATA     S=.data    G=DGROUP   M=Data.FmtBcd ALIGN=4
 0002:000620E0 00000008 C=DATA     S=.data    G=DGROUP   M=Data.DBCommonTypes ALIGN=4
 0002:000620E8 0000A678 C=DATA     S=.data    G=DGROUP   M=Data.DB  ALIGN=4
 0002:0006C760 00000EF8 C=DATA     S=.data    G=DGROUP   M=Vcl.Buttons ALIGN=4
 0002:0006D658 00000008 C=DATA     S=.data    G=DGROUP   M=Vcl.Imaging.pnglang ALIGN=4
 0002:0006D660 000010B0 C=DATA     S=.data    G=DGROUP   M=Vcl.Imaging.pngimage ALIGN=4
 0002:0006E710 00000150 C=DATA     S=.data    G=DGROUP   M=RzGrafx  ALIGN=4
 0002:0006E860 00001074 C=DATA     S=.data    G=DGROUP   M=RzCommon ALIGN=4
 0002:0006F8D4 00000090 C=DATA     S=.data    G=DGROUP   M=Vcl.BaseImageCollection ALIGN=4
 0002:0006F964 00000474 C=DATA     S=.data    G=DGROUP   M=Vcl.ImageCollection ALIGN=4
 0002:0006FDD8 00000820 C=DATA     S=.data    G=DGROUP   M=Vcl.VirtualImageList ALIGN=4
 0002:000705F8 0000059C C=DATA     S=.data    G=DGROUP   M=RzRadChk ALIGN=4
 0002:00070B94 00000498 C=DATA     S=.data    G=DGROUP   M=RzBorder ALIGN=4
 0002:0007102C 00000778 C=DATA     S=.data    G=DGROUP   M=RzEdit   ALIGN=4
 0002:000717A4 00000008 C=DATA     S=.data    G=DGROUP   M=RzSpnEdt ALIGN=4
 0002:000717AC 000001EC C=DATA     S=.data    G=DGROUP   M=RzPopups ALIGN=4
 0002:00071998 00000064 C=DATA     S=.data    G=DGROUP   M=Vcl.ExtDlgs ALIGN=4
 0002:000719FC 00000350 C=DATA     S=.data    G=DGROUP   M=RzLabel  ALIGN=4
 0002:00071D4C 00000210 C=DATA     S=.data    G=DGROUP   M=RzIntLst ALIGN=4
 0002:00071F5C 00000008 C=DATA     S=.data    G=DGROUP   M=RzRadGrp ALIGN=4
 0002:00071F64 00000A14 C=DATA     S=.data    G=DGROUP   M=RzCmboBx ALIGN=4
 0002:00072978 00000A14 C=DATA     S=.data    G=DGROUP   M=RzLstBox ALIGN=4
 0002:0007338C 00000984 C=DATA     S=.data    G=DGROUP   M=RzChkLst ALIGN=4
 0002:00073D10 000001D0 C=DATA     S=.data    G=DGROUP   M=RzToolbarForm ALIGN=4
 0002:00073EE0 00000C8C C=DATA     S=.data    G=DGROUP   M=RzPanel  ALIGN=4
 0002:00074B6C 00000E70 C=DATA     S=.data    G=DGROUP   M=RzButton ALIGN=4
 0002:000759DC 00000070 C=DATA     S=.data    G=DGROUP   M=RzShellIntf ALIGN=4
 0002:00075A4C 00000794 C=DATA     S=.data    G=DGROUP   M=RzShellUtils ALIGN=4
 0002:000761E0 00000680 C=DATA     S=.data    G=DGROUP   M=RzTreeVw ALIGN=4
 0002:00076860 00000698 C=DATA     S=.data    G=DGROUP   M=RzListVw ALIGN=4
 0002:00076EF8 00000008 C=DATA     S=.data    G=DGROUP   M=RzShellConsts ALIGN=4
 0002:00076F00 00002D0C C=DATA     S=.data    G=DGROUP   M=RzShellCtrls ALIGN=4
 0002:00079C0C 00000218 C=DATA     S=.data    G=DGROUP   M=RzShellFolderForm ALIGN=4
 0002:00079E24 000006D4 C=DATA     S=.data    G=DGROUP   M=RzSplit  ALIGN=4
 0002:0007A4F8 00000B94 C=DATA     S=.data    G=DGROUP   M=RzShellOpenForm ALIGN=4
 0002:0007B08C 000004B0 C=DATA     S=.data    G=DGROUP   M=RzShellDialogs ALIGN=4
 0002:0007B53C 00001840 C=DATA     S=.data    G=DGROUP   M=RzTabs   ALIGN=4
 0002:0007CD7C 00000008 C=DATA     S=.data    G=DGROUP   M=Vcl.VDBConsts ALIGN=4
 0002:0007CD84 00000100 C=DATA     S=.data    G=DGROUP   M=Vcl.DBLogDlg ALIGN=4
 0002:0007CE84 00000108 C=DATA     S=.data    G=DGROUP   M=Vcl.DBPWDlg ALIGN=4
 0002:0007CF8C 00000930 C=DATA     S=.data    G=DGROUP   M=Vcl.DBCtrls ALIGN=4
 0002:0007D8BC 00001718 C=DATA     S=.data    G=DGROUP   M=Vcl.DBGrids ALIGN=4
 0002:0007EFD4 0000042C C=DATA     S=.data    G=DGROUP   M=RzDBGrid ALIGN=4
 0002:0007F400 00000010 C=DATA     S=.data    G=DGROUP   M=Spring.Hash ALIGN=4
 0002:0007F410 0000000C C=DATA     S=.data    G=DGROUP   M=Spring.ResourceStrings ALIGN=4
 0002:0007F41C 000000A4 C=DATA     S=.data    G=DGROUP   M=Spring.HashTable ALIGN=4
 0002:0007F4C0 00000ED4 C=DATA     S=.data    G=DGROUP   M=Spring.Comparers ALIGN=4
 0002:00080394 000000C4 C=DATA     S=.data    G=DGROUP   M=Spring.HazardEra ALIGN=4
 0002:00080458 000001CC C=DATA     S=.data    G=DGROUP   M=Spring.Events.Base ALIGN=4
 0002:00080624 0000000C C=DATA     S=.data    G=DGROUP   M=Spring.Events ALIGN=4
 0002:00080630 0000000C C=DATA     S=.data    G=DGROUP   M=Spring.VirtualClass ALIGN=4
 0002:0008063C 000033C4 C=DATA     S=.data    G=DGROUP   M=Spring   ALIGN=4
 0002:00083A00 0000000C C=DATA     S=.data    G=DGROUP   M=Spring.Collections.Events ALIGN=4
 0002:00083A0C 0000000C C=DATA     S=.data    G=DGROUP   M=Spring.Collections.Trees ALIGN=4
 0002:00083A18 00002BE0 C=DATA     S=.data    G=DGROUP   M=Spring.Collections.Extensions ALIGN=4
 0002:000865F8 000009D4 C=DATA     S=.data    G=DGROUP   M=Spring.Collections.Lists ALIGN=4
 0002:00086FCC 00001060 C=DATA     S=.data    G=DGROUP   M=Spring.Collections.Base ALIGN=4
 0002:0008802C 00000018 C=DATA     S=.data    G=DGROUP   M=Spring.Collections.Dictionaries ALIGN=4
 0002:00088044 0000000C C=DATA     S=.data    G=DGROUP   M=Spring.Collections.LinkedLists ALIGN=4
 0002:00088050 0000000C C=DATA     S=.data    G=DGROUP   M=Spring.Collections.Sets ALIGN=4
 0002:0008805C 00000168 C=DATA     S=.data    G=DGROUP   M=Spring.Collections.MultiMaps ALIGN=4
 0002:000881C4 0000000C C=DATA     S=.data    G=DGROUP   M=Spring.Collections.MultiSets ALIGN=4
 0002:000881D0 0000000C C=DATA     S=.data    G=DGROUP   M=Spring.Collections.Queues ALIGN=4
 0002:000881DC 0000000C C=DATA     S=.data    G=DGROUP   M=Spring.Collections.Stacks ALIGN=4
 0002:000881E8 0000C1BC C=DATA     S=.data    G=DGROUP   M=Spring.Collections ALIGN=4
 0002:000943A4 00000470 C=DATA     S=.data    G=DGROUP   M=Spring.Container.Common ALIGN=4
 0002:00094814 0000011C C=DATA     S=.data    G=DGROUP   M=Spring.Logging ALIGN=4
 0002:00094930 0000000C C=DATA     S=.data    G=DGROUP   M=Spring.Patterns.Specification ALIGN=4
 0002:0009493C 0000000C C=DATA     S=.data    G=DGROUP   M=Spring.Container.ResourceStrings ALIGN=4
 0002:00094948 00002630 C=DATA     S=.data    G=DGROUP   M=Spring.Reflection ALIGN=4
 0002:00096F78 000001DC C=DATA     S=.data    G=DGROUP   M=Spring.Container.ComponentActivator ALIGN=4
 0002:00097154 000004BC C=DATA     S=.data    G=DGROUP   M=Spring.Container.Injection ALIGN=4
 0002:00097610 00000AC8 C=DATA     S=.data    G=DGROUP   M=Spring.Container.Pool ALIGN=4
 0002:000980D8 000002DC C=DATA     S=.data    G=DGROUP   M=Spring.Container.LifetimeManager ALIGN=4
 0002:000983B4 00000BD4 C=DATA     S=.data    G=DGROUP   M=Spring.Container.Builder ALIGN=4
 0002:00098F88 0000000C C=DATA     S=.data    G=DGROUP   M=Spring.Interception.ResourceStrings ALIGN=4
 0002:00098F94 000000B4 C=DATA     S=.data    G=DGROUP   M=Spring.Interception.AbstractInvocation ALIGN=4
 0002:00099048 0000000C C=DATA     S=.data    G=DGROUP   M=Spring.MethodIntercept ALIGN=4
 0002:00099054 0000005C C=DATA     S=.data    G=DGROUP   M=Spring.Patches.RSP13163 ALIGN=4
 0002:000990B0 0000000C C=DATA     S=.data    G=DGROUP   M=Spring.VirtualInterface ALIGN=4
 0002:000990BC 0000024C C=DATA     S=.data    G=DGROUP   M=Spring.Interception.InterfaceProxy ALIGN=4
 0002:00099308 0000000C C=DATA     S=.data    G=DGROUP   M=Spring.Interception.ClassProxy ALIGN=4
 0002:00099314 0000000C C=DATA     S=.data    G=DGROUP   M=Spring.Interception.CustomProxy ALIGN=4
 0002:00099320 000000E0 C=DATA     S=.data    G=DGROUP   M=Spring.Interception ALIGN=4
 0002:00099400 0000014C C=DATA     S=.data    G=DGROUP   M=Spring.Container.ProxyFactory ALIGN=4
 0002:0009954C 00004C40 C=DATA     S=.data    G=DGROUP   M=Spring.Container.CreationContext ALIGN=4
 0002:0009E18C 00003414 C=DATA     S=.data    G=DGROUP   M=Spring.Container.Resolvers ALIGN=4
 0002:000A15A0 00000548 C=DATA     S=.data    G=DGROUP   M=Spring.Container.Registration ALIGN=4
 0002:000A1AE8 00000244 C=DATA     S=.data    G=DGROUP   M=Spring.Logging.NullLogger ALIGN=4
 0002:000A1D2C 00001554 C=DATA     S=.data    G=DGROUP   M=Spring.Container.Core ALIGN=4
 0002:000A3280 000001BC C=DATA     S=.data    G=DGROUP   M=Spring.Services ALIGN=4
 0002:000A343C 000002EC C=DATA     S=.data    G=DGROUP   M=Spring.Container ALIGN=4
 0002:000A3728 000000F8 C=DATA     S=.data    G=DGROUP   M=SynEditTypes ALIGN=4
 0002:000A3820 00001004 C=DATA     S=.data    G=DGROUP   M=SynDWrite ALIGN=4
 0002:000A4824 0000000C C=DATA     S=.data    G=DGROUP   M=SynEditKeyConst ALIGN=4
 0002:000A4830 00001150 C=DATA     S=.data    G=DGROUP   M=SynEditCodeFolding ALIGN=4
 0002:000A5980 00002014 C=DATA     S=.data    G=DGROUP   M=SynEditMiscClasses ALIGN=4
 0002:000A7994 0000000C C=DATA     S=.data    G=DGROUP   M=SynEditStrConst ALIGN=4
 0002:000A79A0 000008B8 C=DATA     S=.data    G=DGROUP   M=SynEditHighlighter ALIGN=4
 0002:000A8258 00015090 C=DATA     S=.data    G=DGROUP   M=System.RegularExpressionsAPI ALIGN=4
 0002:000BD2E8 00000008 C=DATA     S=.data    G=DGROUP   M=System.RegularExpressionsConsts ALIGN=4
 0002:000BD2F0 00000468 C=DATA     S=.data    G=DGROUP   M=System.RegularExpressionsCore ALIGN=4
 0002:000BD758 000007D4 C=DATA     S=.data    G=DGROUP   M=System.RegularExpressions ALIGN=4
 0002:000BDF2C 00000504 C=DATA     S=.data    G=DGROUP   M=SynHighlighterMulti ALIGN=4
 0002:000BE430 000001C8 C=DATA     S=.data    G=DGROUP   M=SynEditMiscProcs ALIGN=4
 0002:000BE5F8 00004530 C=DATA     S=.data    G=DGROUP   M=System.Threading ALIGN=4
 0002:000C2B28 00000478 C=DATA     S=.data    G=DGROUP   M=SynEditTextBuffer ALIGN=4
 0002:000C2FA0 00000064 C=DATA     S=.data    G=DGROUP   M=SynUnicode ALIGN=4
 0002:000C3004 00000958 C=DATA     S=.data    G=DGROUP   M=SynEditKeyCmds ALIGN=4
 0002:000C395C 0000029C C=DATA     S=.data    G=DGROUP   M=SynEditKbdHandler ALIGN=4
 0002:000C3BF8 00000158 C=DATA     S=.data    G=DGROUP   M=SynEditScrollBars ALIGN=4
 0002:000C3D50 00000980 C=DATA     S=.data    G=DGROUP   M=SynEditUndo ALIGN=4
 0002:000C46D0 00000224 C=DATA     S=.data    G=DGROUP   M=SynEditWordWrap ALIGN=4
 0002:000C48F4 000003CC C=DATA     S=.data    G=DGROUP   M=SynEditExport ALIGN=4
 0002:000C4CC0 00000BFC C=DATA     S=.data    G=DGROUP   M=SynExportHTML ALIGN=4
 0002:000C58BC 000008AC C=DATA     S=.data    G=DGROUP   M=SynEditDataObject ALIGN=4
 0002:000C6168 000001F0 C=DATA     S=.data    G=DGROUP   M=SynEditDragDrop ALIGN=4
 0002:000C6358 000027DC C=DATA     S=.data    G=DGROUP   M=SynEdit  ALIGN=4
 0002:000C8B34 00000250 C=DATA     S=.data    G=DGROUP   M=SynHighlighterJSON ALIGN=4
 0002:000C8D84 000015A8 C=DATA     S=.data    G=DGROUP   M=SynHighlighterPas ALIGN=4
 0002:000CA32C 00000018 C=DATA     S=.data    G=DGROUP   M=Winapi.oleacc ALIGN=4
 0002:000CA344 00000180 C=DATA     S=.data    G=DGROUP   M=VirtualTrees.Utils ALIGN=4
 0002:000CA4C4 00000108 C=DATA     S=.data    G=DGROUP   M=VirtualTrees.Colors ALIGN=4
 0002:000CA5CC 00000008 C=DATA     S=.data    G=DGROUP   M=Winapi.MMSystem ALIGN=4
 0002:000CA5D4 00000008 C=DATA     S=.data    G=DGROUP   M=System.Win.StdVCL ALIGN=4
 0002:000CA5DC 000002A8 C=DATA     S=.data    G=DGROUP   M=Vcl.AxCtrls ALIGN=4
 0002:000CA884 00000198 C=DATA     S=.data    G=DGROUP   M=VirtualTrees.WorkerThread ALIGN=4
 0002:000CAA1C 0000020C C=DATA     S=.data    G=DGROUP   M=VirtualTrees.ClipBoard ALIGN=4
 0002:000CAC28 00002E6C C=DATA     S=.data    G=DGROUP   M=VirtualTrees.BaseTree ALIGN=4
 0002:000CDA94 0000023C C=DATA     S=.data    G=DGROUP   M=VirtualTrees.DataObject ALIGN=4
 0002:000CDCD0 000001A8 C=DATA     S=.data    G=DGROUP   M=VirtualTrees.DragnDrop ALIGN=4
 0002:000CDE78 00000090 C=DATA     S=.data    G=DGROUP   M=VirtualTrees.DragImage ALIGN=4
 0002:000CDF08 000000FC C=DATA     S=.data    G=DGROUP   M=VirtualTrees.HeaderPopup ALIGN=4
 0002:000CE004 00001400 C=DATA     S=.data    G=DGROUP   M=VirtualTrees.Header ALIGN=4
 0002:000CF404 0000011C C=DATA     S=.data    G=DGROUP   M=VirtualTrees.StyleHooks ALIGN=4
 0002:000CF520 00000268 C=DATA     S=.data    G=DGROUP   M=VirtualTrees.Types ALIGN=4
 0002:000CF788 000000BC C=DATA     S=.data    G=DGROUP   M=VirtualTrees.AccessibilityFactory ALIGN=4
 0002:000CF844 0000026C C=DATA     S=.data    G=DGROUP   M=VirtualTrees.BaseAncestorVCL ALIGN=4
 0002:000CFAB0 00000104 C=DATA     S=.data    G=DGROUP   M=VirtualTrees.AncestorVCL ALIGN=4
 0002:000CFBB4 0000006C C=DATA     S=.data    G=DGROUP   M=VirtualTrees.Classes ALIGN=4
 0002:000CFC20 000008C0 C=DATA     S=.data    G=DGROUP   M=VirtualTrees.Export ALIGN=4
 0002:000D04E0 00000370 C=DATA     S=.data    G=DGROUP   M=VirtualTrees.EditLink ALIGN=4
 0002:000D0850 0000076C C=DATA     S=.data    G=DGROUP   M=VirtualTrees ALIGN=4
 0002:000D0FBC 00000008 C=DATA     S=.data    G=DGROUP   M=FireDAC.Stan.Consts ALIGN=4
 0002:000D0FC4 00000008 C=DATA     S=.data    G=DGROUP   M=FireDAC.Stan.ResStrs ALIGN=4
 0002:000D0FCC 00000518 C=DATA     S=.data    G=DGROUP   M=FireDAC.Stan.Error ALIGN=4
 0002:000D14E4 000007F4 C=DATA     S=.data    G=DGROUP   M=FireDAC.Stan.Util ALIGN=4
 0002:000D1CD8 000006E4 C=DATA     S=.data    G=DGROUP   M=FireDAC.Stan.Intf ALIGN=4
 0002:000D23BC 00000448 C=DATA     S=.data    G=DGROUP   M=FireDAC.Stan.SQLTimeInt ALIGN=4
 0002:000D2804 00001CFC C=DATA     S=.data    G=DGROUP   M=FireDAC.Stan.Param ALIGN=4
 0002:000D4500 00005384 C=DATA     S=.data    G=DGROUP   M=FireDAC.DatS ALIGN=4
 0002:000D9884 00000060 C=DATA     S=.data    G=DGROUP   M=FireDAC.UI.Intf ALIGN=4
 0002:000D98E4 00000038 C=DATA     S=.data    G=DGROUP   M=FireDAC.Phys.Intf ALIGN=4
 0002:000D991C 00000190 C=DATA     S=.data    G=DGROUP   M=FireDAC.DApt.Column ALIGN=4
 0002:000D9AAC 00000044 C=DATA     S=.data    G=DGROUP   M=FireDAC.DApt.Intf ALIGN=4
 0002:000D9AF0 000002FC C=DATA     S=.data    G=DGROUP   M=FireDAC.Stan.Factory ALIGN=4
 0002:000D9DEC 00002420 C=DATA     S=.data    G=DGROUP   M=FireDAC.Stan.Option ALIGN=4
 0002:000DC20C 000037BC C=DATA     S=.data    G=DGROUP   M=FireDAC.Comp.DataSet ALIGN=4
 0002:000DF9C8 000005AC C=DATA     S=.data    G=DGROUP   M=FireDAC.Comp.UI ALIGN=4
 0002:000DFF74 00000ABC C=DATA     S=.data    G=DGROUP   M=FireDAC.Stan.Expr ALIGN=4
 0002:000E0A30 000003E4 C=DATA     S=.data    G=DGROUP   M=FireDAC.Phys.SQLPreprocessor ALIGN=4
 0002:000E0E14 00004CEC C=DATA     S=.data    G=DGROUP   M=FireDAC.Comp.Client ALIGN=4
 0002:000E5B00 0000000C C=DATA     S=.data    G=DGROUP   M=i_MetadataViewer ALIGN=4
 0002:000E5B0C 0000000C C=DATA     S=.data    G=DGROUP   M=i_PackageDataset ALIGN=4
 0002:000E5B18 0000000C C=DATA     S=.data    G=DGROUP   M=u_SBOMInterfaces ALIGN=4
 0002:000E5B24 00000008 C=DATA     S=.data    G=DGROUP   M=System.JSONConsts ALIGN=4
 0002:000E5B2C 000029E4 C=DATA     S=.data    G=DGROUP   M=System.JSON ALIGN=4
 0002:000E8510 000000A4 C=DATA     S=.data    G=DGROUP   M=u_Logger ALIGN=4
 0002:000E85B4 000004BC C=DATA     S=.data    G=DGROUP   M=u_SBOMClasses ALIGN=4
 0002:000E8A70 0000052C C=DATA     S=.data    G=DGROUP   M=u_PackageMetadataRepository ALIGN=4
 0002:000E8F9C 00000214 C=DATA     S=.data    G=DGROUP   M=u_SPDXLicenses ALIGN=4
 0002:000E91B0 00000060 C=DATA     S=.data    G=DGROUP   M=u_DataSetUtils ALIGN=4
 0002:000E9210 0000003C C=DATA     S=.data    G=DGROUP   M=u_FileFinders ALIGN=4
 0002:000E924C 00000260 C=DATA     S=.data    G=DGROUP   M=d_Metadata ALIGN=4
 0002:000E94AC 000004B4 C=DATA     S=.data    G=DGROUP   M=u_DelphiVersionDetector_2 ALIGN=4
 0002:000E9960 00000260 C=DATA     S=.data    G=DGROUP   M=u_RegistryHelper ALIGN=4
 0002:000E9BC0 0000000C C=DATA     S=.data    G=DGROUP   M=i_SBOMComponentDetection ALIGN=4
 0002:000E9BCC 000002DC C=DATA     S=.data    G=DGROUP   M=u_SBOMValidation ALIGN=4
 0002:000E9EA8 000000E8 C=DATA     S=.data    G=DGROUP   M=f_ValidationResults ALIGN=4
 0002:000E9F90 00000008 C=DATA     S=.data    G=DGROUP   M=Xml.XMLConst ALIGN=4
 0002:000E9F98 00000058 C=DATA     S=.data    G=DGROUP   M=Winapi.msxml ALIGN=4
 0002:000E9FF0 00001E08 C=DATA     S=.data    G=DGROUP   M=Xml.Win.msxmldom ALIGN=4
 0002:000EBDF8 0000037C C=DATA     S=.data    G=DGROUP   M=Xml.xmldom ALIGN=4
 0002:000EC174 00000008 C=DATA     S=.data    G=DGROUP   M=Xml.XMLIntf ALIGN=4
 0002:000EC17C 00000008 C=DATA     S=.data    G=DGROUP   M=Xml.XMLSchemaTags ALIGN=4
 0002:000EC184 0000003C C=DATA     S=.data    G=DGROUP   M=Xml.XMLSchema ALIGN=4
 0002:000EC1C0 00000088 C=DATA     S=.data    G=DGROUP   M=Xml.xmlutil ALIGN=4
 0002:000EC248 00001EB8 C=DATA     S=.data    G=DGROUP   M=Xml.XMLDoc ALIGN=4
 0002:000EE100 00000744 C=DATA     S=.data    G=DGROUP   M=u_DelphiEnvironment ALIGN=4
 0002:000EE844 00000134 C=DATA     S=.data    G=DGROUP   M=u_MapModules ALIGN=4
 0002:000EE978 00000354 C=DATA     S=.data    G=DGROUP   M=u_PackageEditor ALIGN=4
 0002:000EECCC 00000294 C=DATA     S=.data    G=DGROUP   M=u_PackageResolver ALIGN=4
 0002:000EEF60 00000420 C=DATA     S=.data    G=DGROUP   M=u_SBOMProject ALIGN=4
 0002:000EF380 00000224 C=DATA     S=.data    G=DGROUP   M=u_UserProfile ALIGN=4
 0002:000EF5A4 00000008 C=DATA     S=.data    G=DGROUP   M=Vcl.FileCtrl ALIGN=4
 0002:000EF5AC 000003E4 C=DATA     S=.data    G=DGROUP   M=Vcl.CheckLst ALIGN=4
 0002:000EF990 000000CC C=DATA     S=.data    G=DGROUP   M=f_DeleteProject ALIGN=4
 0002:000EFA5C 00000008 C=DATA     S=.data    G=DGROUP   M=System.WideStrings ALIGN=4
 0002:000EFA64 0000068C C=DATA     S=.data    G=DGROUP   M=HtmlGlobals ALIGN=4
 0002:000F00F0 00029144 C=DATA     S=.data    G=DGROUP   M=BuffConvArrays ALIGN=4
 0002:00119234 000002D0 C=DATA     S=.data    G=DGROUP   M=BuffConv ALIGN=4
 0002:00119504 0000069C C=DATA     S=.data    G=DGROUP   M=HtmlBuffer ALIGN=4
 0002:00119BA0 000004CC C=DATA     S=.data    G=DGROUP   M=HtmlGif1 ALIGN=4
 0002:0011A06C 000001B0 C=DATA     S=.data    G=DGROUP   M=HTMLGif2 ALIGN=4
 0002:0011A21C 00000008 C=DATA     S=.data    G=DGROUP   M=Vcl.Imaging.JConsts ALIGN=4
 0002:0011A224 00002910 C=DATA     S=.data    G=DGROUP   M=Vcl.Imaging.jpeg ALIGN=4
 0002:0011CB34 00000370 C=DATA     S=.data    G=DGROUP   M=URLSubs  ALIGN=4
 0002:0011CEA4 000000C8 C=DATA     S=.data    G=DGROUP   M=HtmlCaches ALIGN=4
 0002:0011CF6C 00000684 C=DATA     S=.data    G=DGROUP   M=StyleTypes ALIGN=4
 0002:0011D5F0 000005E0 C=DATA     S=.data    G=DGROUP   M=DitherUnit ALIGN=4
 0002:0011DBD0 000010B0 C=DATA     S=.data    G=DGROUP   M=HtmlImages ALIGN=4
 0002:0011EC80 00001D3C C=DATA     S=.data    G=DGROUP   M=HtmlSymb ALIGN=4
 0002:001209BC 0000083C C=DATA     S=.data    G=DGROUP   M=HtmlFonts ALIGN=4
 0002:001211F8 0000003C C=DATA     S=.data    G=DGROUP   M=HSLUtils ALIGN=4
 0002:00121234 00002334 C=DATA     S=.data    G=DGROUP   M=StyleUn  ALIGN=4
 0002:00123568 000007EC C=DATA     S=.data    G=DGROUP   M=StylePars ALIGN=4
 0002:00123D54 0000257C C=DATA     S=.data    G=DGROUP   M=HTMLUn2  ALIGN=4
 0002:001262D0 00000228 C=DATA     S=.data    G=DGROUP   M=HtmlPrinter ALIGN=4
 0002:001264F8 00000020 C=DATA     S=.data    G=DGROUP   M=MetaFilePrinter ALIGN=4
 0002:00126518 000001E4 C=DATA     S=.data    G=DGROUP   M=UrlConn  ALIGN=4
 0002:001266FC 000008A8 C=DATA     S=.data    G=DGROUP   M=vwPrint  ALIGN=4
 0002:00126FA4 0000056C C=DATA     S=.data    G=DGROUP   M=System.NetEncoding ALIGN=4
 0002:00127510 00008BD4 C=DATA     S=.data    G=DGROUP   M=HTMLSubs ALIGN=4
 0002:001300E4 00000B3C C=DATA     S=.data    G=DGROUP   M=Htmlsbs1 ALIGN=4
 0002:00130C20 00000008 C=DATA     S=.data    G=DGROUP   M=FramView ALIGN=4
 0002:00130C28 000010C8 C=DATA     S=.data    G=DGROUP   M=ReadHTML ALIGN=4
 0002:00131CF0 00002128 C=DATA     S=.data    G=DGROUP   M=HtmlView ALIGN=4
 0002:00133E18 00000138 C=DATA     S=.data    G=DGROUP   M=MarkdownTables ALIGN=4
 0002:00133F50 00000058 C=DATA     S=.data    G=DGROUP   M=MarkdownMathCode ALIGN=4
 0002:00133FA8 000014D0 C=DATA     S=.data    G=DGROUP   M=MarkdownUtils ALIGN=4
 0002:00135478 00000194 C=DATA     S=.data    G=DGROUP   M=MarkdownDaringFireball ALIGN=4
 0002:0013560C 00000084 C=DATA     S=.data    G=DGROUP   M=MarkdownCommonMark ALIGN=4
 0002:00135690 00000084 C=DATA     S=.data    G=DGROUP   M=MarkdownTxtMark ALIGN=4
 0002:00135714 00000064 C=DATA     S=.data    G=DGROUP   M=MarkdownProcessor ALIGN=4
 0002:00135778 00000008 C=DATA     S=.data    G=DGROUP   M=Winapi.DirectDraw ALIGN=4
 0002:00135780 00000098 C=DATA     S=.data    G=DGROUP   M=Winapi.GDIPAPI ALIGN=4
 0002:00135818 000031D8 C=DATA     S=.data    G=DGROUP   M=Winapi.GDIPOBJ ALIGN=4
 0002:001389F0 00000790 C=DATA     S=.data    G=DGROUP   M=MarkDownViewerComponents ALIGN=4
 0002:00139180 00000054 C=DATA     S=.data    G=DGROUP   M=f_HelpViewer ALIGN=4
 0002:001391D4 00000168 C=DATA     S=.data    G=DGROUP   M=Img32.Resamplers ALIGN=4
 0002:0013933C 00000300 C=DATA     S=.data    G=DGROUP   M=Img32.Transform ALIGN=4
 0002:0013963C 000009D4 C=DATA     S=.data    G=DGROUP   M=Img32.Vector ALIGN=4
 0002:0013A010 000003EC C=DATA     S=.data    G=DGROUP   M=Img32.Fmt.BMP ALIGN=4
 0002:0013A3FC 00001B14 C=DATA     S=.data    G=DGROUP   M=Img32    ALIGN=4
 0002:0013BF10 0000056C C=DATA     S=.data    G=DGROUP   M=Img32.Draw ALIGN=4
 0002:0013C47C 00000AB8 C=DATA     S=.data    G=DGROUP   M=Img32.TextChunks ALIGN=4
 0002:0013CF34 00001C24 C=DATA     S=.data    G=DGROUP   M=Img32.Text ALIGN=4
 0002:0013EB58 00002060 C=DATA     S=.data    G=DGROUP   M=Img32.SVG.Core ALIGN=4
 0002:00140BB8 00000C60 C=DATA     S=.data    G=DGROUP   M=Img32.SVG.Path ALIGN=4
 0002:00141818 000000E8 C=DATA     S=.data    G=DGROUP   M=Img32.Extra ALIGN=4
 0002:00141900 0000000C C=DATA     S=.data    G=DGROUP   M=Clipper.Core ALIGN=4
 0002:0014190C 0000000C C=DATA     S=.data    G=DGROUP   M=Clipper.Engine ALIGN=4
 0002:00141918 0000000C C=DATA     S=.data    G=DGROUP   M=Clipper.Offset ALIGN=4
 0002:00141924 0000000C C=DATA     S=.data    G=DGROUP   M=Clipper.RectClip ALIGN=4
 0002:00141930 0000000C C=DATA     S=.data    G=DGROUP   M=Clipper.Minkowski ALIGN=4
 0002:0014193C 0000000C C=DATA     S=.data    G=DGROUP   M=Clipper  ALIGN=4
 0002:00141948 0000000C C=DATA     S=.data    G=DGROUP   M=Img32.Clipper2 ALIGN=4
 0002:00141954 000020A8 C=DATA     S=.data    G=DGROUP   M=Img32.SVG.Reader ALIGN=4
 0002:001439FC 00000274 C=DATA     S=.data    G=DGROUP   M=Image32SVGFactory ALIGN=4
 0002:00143C70 00000060 C=DATA     S=.data    G=DGROUP   M=SVGInterfaces ALIGN=4
 0002:00143CD0 00000474 C=DATA     S=.data    G=DGROUP   M=SVGIconImageCollection ALIGN=4
 0002:00144144 0000000C C=DATA     S=.data    G=DGROUP   M=SVGIconVirtualImageList ALIGN=4
 0002:00144150 00000248 C=DATA     S=.data    G=DGROUP   M=SVGIconImageList ALIGN=4
 0002:00144398 0000000C C=DATA     S=.data    G=DGROUP   M=SVGIconUtils ALIGN=4
 0002:001443A4 00000354 C=DATA     S=.data    G=DGROUP   M=SVGIconItems ALIGN=4
 0002:001446F8 00000320 C=DATA     S=.data    G=DGROUP   M=SVGIconImageListBase ALIGN=4
 0002:00144A18 0000010C C=DATA     S=.data    G=DGROUP   M=f_SelectPaths ALIGN=4
 0002:00144B24 00000290 C=DATA     S=.data    G=DGROUP   M=u_MetadataEditController ALIGN=4
 0002:00144DB4 00000308 C=DATA     S=.data    G=DGROUP   M=u_MetadataEditor ALIGN=4
 0002:001450BC 0000031C C=DATA     S=.data    G=DGROUP   M=u_MetadataViewer ALIGN=4
 0002:001453D8 00000210 C=DATA     S=.data    G=DGROUP   M=u_ModuleAdapter ALIGN=4
 0002:001455E8 000002C4 C=DATA     S=.data    G=DGROUP   M=u_PackagesGridAdapter ALIGN=4
 0002:001458AC 00000070 C=DATA     S=.data    G=DGROUP   M=u_EnvironmentHelper ALIGN=4
 0002:0014591C 0000000C C=DATA     S=.data    G=DGROUP   M=flcStdTypes ALIGN=4
 0002:00145928 0000000C C=DATA     S=.data    G=DGROUP   M=flcSysUtils ALIGN=4
 0002:00145934 000001C8 C=DATA     S=.data    G=DGROUP   M=flcHash  ALIGN=4
 0002:00145AFC 00000BDC C=DATA     S=.data    G=DGROUP   M=u_SBOMComponentDetectionImpl ALIGN=4
 0002:001466D8 00000018 C=DATA     S=.data    G=DGROUP   M=u_ServiceRegistration ALIGN=4
 0002:001466F0 00000A48 C=DATA     S=.data    G=DGROUP   M=f_Main   ALIGN=4
 0002:00147138 0000000C C=DATA     S=.data    G=DGROUP   M=u_EnumUtils ALIGN=4
 0002:00147144 0000000C C=DATA     S=.data    G=DGROUP   M=u_TextTools ALIGN=4
 0002:00147150 00000044 C=DATA     S=.data    G=DGROUP   M=SBOMgen  ALIGN=4
 0003:00000000 00006290 C=BSS      S=.bss     G=DGROUP   M=System   ALIGN=4
 0003:00006290 00000058 C=BSS      S=.bss     G=DGROUP   M=SysInit  ALIGN=4
 0003:000062E8 0000000C C=BSS      S=.bss     G=DGROUP   M=System.Types ALIGN=4
 0003:000062F4 00000018 C=BSS      S=.bss     G=DGROUP   M=System.UITypes ALIGN=4
 0003:0000630C 00000004 C=BSS      S=.bss     G=DGROUP   M=Winapi.Windows.PkgHelper ALIGN=4
 0003:00006310 00000004 C=BSS      S=.bss     G=DGROUP   M=Winapi.Windows ALIGN=4
 0003:00006314 00000004 C=BSS      S=.bss     G=DGROUP   M=System.SysConst ALIGN=4
 0003:00006318 00000004 C=BSS      S=.bss     G=DGROUP   M=Winapi.ImageHlp ALIGN=4
 0003:0000631C 00000004 C=BSS      S=.bss     G=DGROUP   M=Winapi.SHFolder ALIGN=4
 0003:00006320 00000014 C=BSS      S=.bss     G=DGROUP   M=Winapi.PsAPI ALIGN=4
 0003:00006334 00000004 C=BSS      S=.bss     G=DGROUP   M=System.RTLConsts ALIGN=4
 0003:00006338 00000048 C=BSS      S=.bss     G=DGROUP   M=System.Character ALIGN=4
 0003:00006380 00000004 C=BSS      S=.bss     G=DGROUP   M=System.Internal.ExcUtils ALIGN=4
 0003:00006384 00004CAC C=BSS      S=.bss     G=DGROUP   M=System.SysUtils ALIGN=4
 0003:0000B030 000000B4 C=BSS      S=.bss     G=DGROUP   M=System.VarUtils ALIGN=4
 0003:0000B0E4 00000C6C C=BSS      S=.bss     G=DGROUP   M=System.Variants ALIGN=4
 0003:0000BD50 00000808 C=BSS      S=.bss     G=DGROUP   M=System.TypInfo ALIGN=4
 0003:0000C558 00000004 C=BSS      S=.bss     G=DGROUP   M=Winapi.Messages ALIGN=4
 0003:0000C55C 00000004 C=BSS      S=.bss     G=DGROUP   M=Winapi.ActiveX ALIGN=4
 0003:0000C560 00000004 C=BSS      S=.bss     G=DGROUP   M=System.Math ALIGN=4
 0003:0000C564 00000020 C=BSS      S=.bss     G=DGROUP   M=System.TimeSpan ALIGN=4
 0003:0000C584 00000020 C=BSS      S=.bss     G=DGROUP   M=System.Diagnostics ALIGN=4
 0003:0000C5A4 0000002C C=BSS      S=.bss     G=DGROUP   M=System.SyncObjs ALIGN=4
 0003:0000C5D0 00000060 C=BSS      S=.bss     G=DGROUP   M=System.Rtti ALIGN=4
 0003:0000C630 000000C0 C=BSS      S=.bss     G=DGROUP   M=System.Classes ALIGN=4
 0003:0000C6F0 00000004 C=BSS      S=.bss     G=DGROUP   M=System.Hash ALIGN=4
 0003:0000C6F4 00000020 C=BSS      S=.bss     G=DGROUP   M=System.Generics.Defaults ALIGN=4
 0003:0000C714 00000004 C=BSS      S=.bss     G=DGROUP   M=System.Generics.Collections ALIGN=4
 0003:0000C718 00000018 C=BSS      S=.bss     G=DGROUP   M=System.Messaging ALIGN=4
 0003:0000C730 00000010 C=BSS      S=.bss     G=DGROUP   M=System.Actions ALIGN=4
 0003:0000C740 00000004 C=BSS      S=.bss     G=DGROUP   M=Winapi.Wincodec ALIGN=4
 0003:0000C744 0000001C C=BSS      S=.bss     G=DGROUP   M=Winapi.CommCtrl ALIGN=4
 0003:0000C760 00000004 C=BSS      S=.bss     G=DGROUP   M=Winapi.Qos ALIGN=4
 0003:0000C764 00000004 C=BSS      S=.bss     G=DGROUP   M=Winapi.Winsock2 ALIGN=4
 0003:0000C768 00000004 C=BSS      S=.bss     G=DGROUP   M=Winapi.IpExport ALIGN=4
 0003:0000C76C 00000004 C=BSS      S=.bss     G=DGROUP   M=Winapi.ShellAPI ALIGN=4
 0003:0000C770 00000004 C=BSS      S=.bss     G=DGROUP   M=Winapi.RegStr ALIGN=4
 0003:0000C774 00000004 C=BSS      S=.bss     G=DGROUP   M=Winapi.WinInet ALIGN=4
 0003:0000C778 00000004 C=BSS      S=.bss     G=DGROUP   M=Winapi.UrlMon ALIGN=4
 0003:0000C77C 00000004 C=BSS      S=.bss     G=DGROUP   M=Winapi.ObjectArray ALIGN=4
 0003:0000C780 00000004 C=BSS      S=.bss     G=DGROUP   M=Winapi.StructuredQueryCondition ALIGN=4
 0003:0000C784 00000004 C=BSS      S=.bss     G=DGROUP   M=Winapi.PropSys ALIGN=4
 0003:0000C788 00000004 C=BSS      S=.bss     G=DGROUP   M=Winapi.MSXMLIntf ALIGN=4
 0003:0000C78C 00000004 C=BSS      S=.bss     G=DGROUP   M=Winapi.ShlObj ALIGN=4
 0003:0000C790 00000004 C=BSS      S=.bss     G=DGROUP   M=Winapi.KnownFolders ALIGN=4
 0003:0000C794 00000004 C=BSS      S=.bss     G=DGROUP   M=System.Masks ALIGN=4
 0003:0000C798 00000004 C=BSS      S=.bss     G=DGROUP   M=System.StrUtils ALIGN=4
 0003:0000C79C 000001A0 C=BSS      S=.bss     G=DGROUP   M=System.DateUtils ALIGN=4
 0003:0000C93C 0000002C C=BSS      S=.bss     G=DGROUP   M=System.IOUtils ALIGN=4
 0003:0000C968 00000004 C=BSS      S=.bss     G=DGROUP   M=System.IniFiles ALIGN=4
 0003:0000C96C 0000000C C=BSS      S=.bss     G=DGROUP   M=System.Win.Registry ALIGN=4
 0003:0000C978 00000004 C=BSS      S=.bss     G=DGROUP   M=System.UIConsts ALIGN=4
 0003:0000C97C 00000004 C=BSS      S=.bss     G=DGROUP   M=Vcl.Consts ALIGN=4
 0003:0000C980 000000E0 C=BSS      S=.bss     G=DGROUP   M=Vcl.Graphics ALIGN=4
 0003:0000CA60 00000004 C=BSS      S=.bss     G=DGROUP   M=System.Contnrs ALIGN=4
 0003:0000CA64 00000004 C=BSS      S=.bss     G=DGROUP   M=System.ImageList ALIGN=4
 0003:0000CA68 0000018C C=BSS      S=.bss     G=DGROUP   M=Winapi.UxTheme ALIGN=4
 0003:0000CBF4 00000004 C=BSS      S=.bss     G=DGROUP   M=Winapi.MultiMon ALIGN=4
 0003:0000CBF8 00000004 C=BSS      S=.bss     G=DGROUP   M=Winapi.UIAutomation ALIGN=4
 0003:0000CBFC 00000004 C=BSS      S=.bss     G=DGROUP   M=Winapi.Imm ALIGN=4
 0003:0000CC00 00000004 C=BSS      S=.bss     G=DGROUP   M=Vcl.ActnList ALIGN=4
 0003:0000CC04 00000004 C=BSS      S=.bss     G=DGROUP   M=Winapi.TpcShrd ALIGN=4
 0003:0000CC08 00000004 C=BSS      S=.bss     G=DGROUP   M=Winapi.MsCTF.PkgHelper ALIGN=4
 0003:0000CC0C 00000004 C=BSS      S=.bss     G=DGROUP   M=System.AnsiStrings ALIGN=4
 0003:0000CC10 00000004 C=BSS      S=.bss     G=DGROUP   M=System.Win.ComConst ALIGN=4
 0003:0000CC14 0000001C C=BSS      S=.bss     G=DGROUP   M=System.Win.ComObj ALIGN=4
 0003:0000CC30 00000004 C=BSS      S=.bss     G=DGROUP   M=Winapi.MsCTF ALIGN=4
 0003:0000CC34 00000004 C=BSS      S=.bss     G=DGROUP   M=Winapi.Dwmapi ALIGN=4
 0003:0000CC38 00000004 C=BSS      S=.bss     G=DGROUP   M=System.Win.Crtl ALIGN=4
 0003:0000CC3C 00000004 C=BSS      S=.bss     G=DGROUP   M=System.ZLib ALIGN=4
 0003:0000CC40 00000004 C=BSS      S=.bss     G=DGROUP   M=Vcl.GraphUtil ALIGN=4
 0003:0000CC44 00000004 C=BSS      S=.bss     G=DGROUP   M=Winapi.MsInkAut ALIGN=4
 0003:0000CC48 00000004 C=BSS      S=.bss     G=DGROUP   M=Winapi.PenInputPanel ALIGN=4
 0003:0000CC4C 000000BC C=BSS      S=.bss     G=DGROUP   M=Vcl.Controls ALIGN=4
 0003:0000CD08 00000044 C=BSS      S=.bss     G=DGROUP   M=Vcl.StdCtrls ALIGN=4
 0003:0000CD4C 00000004 C=BSS      S=.bss     G=DGROUP   M=System.MaskUtils ALIGN=4
 0003:0000CD50 00000018 C=BSS      S=.bss     G=DGROUP   M=Vcl.Clipbrd ALIGN=4
 0003:0000CD68 00000004 C=BSS      S=.bss     G=DGROUP   M=Vcl.Mask ALIGN=4
 0003:0000CD6C 00000004 C=BSS      S=.bss     G=DGROUP   M=Winapi.CommDlg ALIGN=4
 0003:0000CD70 00000004 C=BSS      S=.bss     G=DGROUP   M=Winapi.WinSpool ALIGN=4
 0003:0000CD74 00000004 C=BSS      S=.bss     G=DGROUP   M=Vcl.Printers ALIGN=4
 0003:0000CD78 00000004 C=BSS      S=.bss     G=DGROUP   M=Winapi.RichEdit ALIGN=4
 0003:0000CD7C 00000004 C=BSS      S=.bss     G=DGROUP   M=Vcl.ToolWin ALIGN=4
 0003:0000CD80 00000004 C=BSS      S=.bss     G=DGROUP   M=Vcl.ListActns ALIGN=4
 0003:0000CD84 00000004 C=BSS      S=.bss     G=DGROUP   M=Vcl.ComStrs ALIGN=4
 0003:0000CD88 00000004 C=BSS      S=.bss     G=DGROUP   M=Vcl.StdActns ALIGN=4
 0003:0000CD8C 00000044 C=BSS      S=.bss     G=DGROUP   M=Vcl.ComCtrls ALIGN=4
 0003:0000CDD0 00000004 C=BSS      S=.bss     G=DGROUP   M=System.WideStrUtils ALIGN=4
 0003:0000CDD4 00000004 C=BSS      S=.bss     G=DGROUP   M=Winapi.Dlgs ALIGN=4
 0003:0000CDD8 00000010 C=BSS      S=.bss     G=DGROUP   M=System.HelpIntfs ALIGN=4
 0003:0000CDE8 0000000C C=BSS      S=.bss     G=DGROUP   M=Vcl.Dialogs ALIGN=4
 0003:0000CDF4 0000000C C=BSS      S=.bss     G=DGROUP   M=Vcl.ExtCtrls ALIGN=4
 0003:0000CE00 000000AC C=BSS      S=.bss     G=DGROUP   M=Vcl.Themes ALIGN=4
 0003:0000CEAC 00000014 C=BSS      S=.bss     G=DGROUP   M=Vcl.ImgList ALIGN=4
 0003:0000CEC0 00000020 C=BSS      S=.bss     G=DGROUP   M=Vcl.Menus ALIGN=4
 0003:0000CEE0 00000004 C=BSS      S=.bss     G=DGROUP   M=System.Win.Taskbar ALIGN=4
 0003:0000CEE4 00000004 C=BSS      S=.bss     G=DGROUP   M=System.Win.TaskbarCore ALIGN=4
 0003:0000CEE8 00000004 C=BSS      S=.bss     G=DGROUP   M=Winapi.ShellScaling ALIGN=4
 0003:0000CEEC 00000004 C=BSS      S=.bss     G=DGROUP   M=Winapi.Wtsapi32 ALIGN=4
 0003:0000CEF0 00000068 C=BSS      S=.bss     G=DGROUP   M=Winapi.FlatSB ALIGN=4
 0003:0000CF58 00000068 C=BSS      S=.bss     G=DGROUP   M=Vcl.Forms ALIGN=4
 0003:0000CFC0 00000008 C=BSS      S=.bss     G=DGROUP   M=Vcl.Grids ALIGN=4
 0003:0000CFC8 00000004 C=BSS      S=.bss     G=DGROUP   M=Vcl.CategoryButtons ALIGN=4
 0003:0000CFCC 00000004 C=BSS      S=.bss     G=DGROUP   M=Vcl.ButtonGroup ALIGN=4
 0003:0000CFD0 00000010 C=BSS      S=.bss     G=DGROUP   M=Vcl.SysStyles ALIGN=4
 0003:0000CFE0 00000004 C=BSS      S=.bss     G=DGROUP   M=Winapi.DxgiFormat ALIGN=4
 0003:0000CFE4 00000004 C=BSS      S=.bss     G=DGROUP   M=Winapi.DXTypes ALIGN=4
 0003:0000CFE8 00000004 C=BSS      S=.bss     G=DGROUP   M=Winapi.DxgiType ALIGN=4
 0003:0000CFEC 00000004 C=BSS      S=.bss     G=DGROUP   M=Winapi.DXGI ALIGN=4
 0003:0000CFF0 00000004 C=BSS      S=.bss     G=DGROUP   M=Winapi.D3DCommon ALIGN=4
 0003:0000CFF4 00000024 C=BSS      S=.bss     G=DGROUP   M=Winapi.D2D1 ALIGN=4
 0003:0000D018 00000020 C=BSS      S=.bss     G=DGROUP   M=Vcl.Direct2D ALIGN=4
 0003:0000D038 00019504 C=BSS      S=.bss     G=DGROUP   M=Vcl.StyleBitmap ALIGN=4
 0003:0002653C 0000001C C=BSS      S=.bss     G=DGROUP   M=Vcl.StyleAPI ALIGN=4
 0003:00026558 00000010 C=BSS      S=.bss     G=DGROUP   M=Vcl.Styles ALIGN=4
 0003:00026568 00000004 C=BSS      S=.bss     G=DGROUP   M=Data.DBConsts ALIGN=4
 0003:0002656C 00000004 C=BSS      S=.bss     G=DGROUP   M=Data.SqlTimSt ALIGN=4
 0003:00026570 00000190 C=BSS      S=.bss     G=DGROUP   M=Data.FmtBcd ALIGN=4
 0003:00026700 00000004 C=BSS      S=.bss     G=DGROUP   M=Data.DBCommonTypes ALIGN=4
 0003:00026704 00000040 C=BSS      S=.bss     G=DGROUP   M=Data.DB  ALIGN=4
 0003:00026744 000000BC C=BSS      S=.bss     G=DGROUP   M=Vcl.Buttons ALIGN=4
 0003:00026800 00000004 C=BSS      S=.bss     G=DGROUP   M=Vcl.Imaging.pnglang ALIGN=4
 0003:00026804 00000410 C=BSS      S=.bss     G=DGROUP   M=Vcl.Imaging.pngimage ALIGN=4
 0003:00026C14 00000004 C=BSS      S=.bss     G=DGROUP   M=RzGrafx  ALIGN=4
 0003:00026C18 00000010 C=BSS      S=.bss     G=DGROUP   M=RzCommon ALIGN=4
 0003:00026C28 00000004 C=BSS      S=.bss     G=DGROUP   M=Vcl.BaseImageCollection ALIGN=4
 0003:00026C2C 00000004 C=BSS      S=.bss     G=DGROUP   M=Vcl.ImageCollection ALIGN=4
 0003:00026C30 00000004 C=BSS      S=.bss     G=DGROUP   M=Vcl.VirtualImageList ALIGN=4
 0003:00026C34 00000004 C=BSS      S=.bss     G=DGROUP   M=RzRadChk ALIGN=4
 0003:00026C38 00000004 C=BSS      S=.bss     G=DGROUP   M=RzBorder ALIGN=4
 0003:00026C3C 0000000C C=BSS      S=.bss     G=DGROUP   M=RzEdit   ALIGN=4
 0003:00026C48 00000004 C=BSS      S=.bss     G=DGROUP   M=RzSpnEdt ALIGN=4
 0003:00026C4C 00000004 C=BSS      S=.bss     G=DGROUP   M=RzPopups ALIGN=4
 0003:00026C50 00000004 C=BSS      S=.bss     G=DGROUP   M=Vcl.ExtDlgs ALIGN=4
 0003:00026C54 00000004 C=BSS      S=.bss     G=DGROUP   M=RzLabel  ALIGN=4
 0003:00026C58 00000004 C=BSS      S=.bss     G=DGROUP   M=RzIntLst ALIGN=4
 0003:00026C5C 00000004 C=BSS      S=.bss     G=DGROUP   M=RzRadGrp ALIGN=4
 0003:00026C60 00000004 C=BSS      S=.bss     G=DGROUP   M=RzCmboBx ALIGN=4
 0003:00026C64 00000004 C=BSS      S=.bss     G=DGROUP   M=RzLstBox ALIGN=4
 0003:00026C68 00000004 C=BSS      S=.bss     G=DGROUP   M=RzChkLst ALIGN=4
 0003:00026C6C 00000004 C=BSS      S=.bss     G=DGROUP   M=RzToolbarForm ALIGN=4
 0003:00026C70 00000004 C=BSS      S=.bss     G=DGROUP   M=RzPanel  ALIGN=4
 0003:00026C74 00000014 C=BSS      S=.bss     G=DGROUP   M=RzButton ALIGN=4
 0003:00026C88 00000008 C=BSS      S=.bss     G=DGROUP   M=RzShellIntf ALIGN=4
 0003:00026C90 00000158 C=BSS      S=.bss     G=DGROUP   M=RzShellUtils ALIGN=4
 0003:00026DE8 00000004 C=BSS      S=.bss     G=DGROUP   M=RzTreeVw ALIGN=4
 0003:00026DEC 00000004 C=BSS      S=.bss     G=DGROUP   M=RzListVw ALIGN=4
 0003:00026DF0 00000004 C=BSS      S=.bss     G=DGROUP   M=RzShellConsts ALIGN=4
 0003:00026DF4 00000020 C=BSS      S=.bss     G=DGROUP   M=RzShellCtrls ALIGN=4
 0003:00026E14 00000004 C=BSS      S=.bss     G=DGROUP   M=RzShellFolderForm ALIGN=4
 0003:00026E18 00000004 C=BSS      S=.bss     G=DGROUP   M=RzSplit  ALIGN=4
 0003:00026E1C 00000004 C=BSS      S=.bss     G=DGROUP   M=RzShellOpenForm ALIGN=4
 0003:00026E20 00000004 C=BSS      S=.bss     G=DGROUP   M=RzShellDialogs ALIGN=4
 0003:00026E24 00000004 C=BSS      S=.bss     G=DGROUP   M=RzTabs   ALIGN=4
 0003:00026E28 00000004 C=BSS      S=.bss     G=DGROUP   M=Vcl.VDBConsts ALIGN=4
 0003:00026E2C 00000004 C=BSS      S=.bss     G=DGROUP   M=Vcl.DBLogDlg ALIGN=4
[...]
 0005:00062CA0 00000018 C=PDATA    S=.pdata   G=(none)   M=Spring.Container.ResourceStrings ALIGN=4
 0005:00062CB8 00001D70 C=PDATA    S=.pdata   G=(none)   M=Spring.Reflection ALIGN=4
 0005:00064A28 000000F0 C=PDATA    S=.pdata   G=(none)   M=Spring.Container.ComponentActivator ALIGN=4
 0005:00064B18 000002D0 C=PDATA    S=.pdata   G=(none)   M=Spring.Container.Injection ALIGN=4
 0005:00064DE8 000009D8 C=PDATA    S=.pdata   G=(none)   M=Spring.Container.Pool ALIGN=4
 0005:000657C0 000001B0 C=PDATA    S=.pdata   G=(none)   M=Spring.Container.LifetimeManager ALIGN=4
 0005:00065970 000006C0 C=PDATA    S=.pdata   G=(none)   M=Spring.Container.Builder ALIGN=4
 0005:00066030 00000018 C=PDATA    S=.pdata   G=(none)   M=Spring.Interception.ResourceStrings ALIGN=4
 0005:00066048 00000084 C=PDATA    S=.pdata   G=(none)   M=Spring.Interception.AbstractInvocation ALIGN=4
 0005:000660CC 00000018 C=PDATA    S=.pdata   G=(none)   M=Spring.MethodIntercept ALIGN=4
 0005:000660E4 00000048 C=PDATA    S=.pdata   G=(none)   M=Spring.Patches.RSP13163 ALIGN=4
 0005:0006612C 00000018 C=PDATA    S=.pdata   G=(none)   M=Spring.VirtualInterface ALIGN=4
 0005:00066144 00000168 C=PDATA    S=.pdata   G=(none)   M=Spring.Interception.InterfaceProxy ALIGN=4
 0005:000662AC 00000018 C=PDATA    S=.pdata   G=(none)   M=Spring.Interception.ClassProxy ALIGN=4
 0005:000662C4 00000018 C=PDATA    S=.pdata   G=(none)   M=Spring.Interception.CustomProxy ALIGN=4
 0005:000662DC 000000A8 C=PDATA    S=.pdata   G=(none)   M=Spring.Interception ALIGN=4
 0005:00066384 000000B4 C=PDATA    S=.pdata   G=(none)   M=Spring.Container.ProxyFactory ALIGN=4
 0005:00066438 00003C60 C=PDATA    S=.pdata   G=(none)   M=Spring.Container.CreationContext ALIGN=4
 0005:0006A098 00002868 C=PDATA    S=.pdata   G=(none)   M=Spring.Container.Resolvers ALIGN=4
 0005:0006C900 00000330 C=PDATA    S=.pdata   G=(none)   M=Spring.Container.Registration ALIGN=4
 0005:0006CC30 0000030C C=PDATA    S=.pdata   G=(none)   M=Spring.Logging.NullLogger ALIGN=4
 0005:0006CF3C 00000FFC C=PDATA    S=.pdata   G=(none)   M=Spring.Container.Core ALIGN=4
 0005:0006DF38 00000108 C=PDATA    S=.pdata   G=(none)   M=Spring.Services ALIGN=4
 0005:0006E040 000001EC C=PDATA    S=.pdata   G=(none)   M=Spring.Container ALIGN=4
 0005:0006E22C 000000FC C=PDATA    S=.pdata   G=(none)   M=SynEditTypes ALIGN=4
 0005:0006E328 00000900 C=PDATA    S=.pdata   G=(none)   M=SynDWrite ALIGN=4
 0005:0006EC28 00000018 C=PDATA    S=.pdata   G=(none)   M=SynEditKeyConst ALIGN=4
 0005:0006EC40 00000C84 C=PDATA    S=.pdata   G=(none)   M=SynEditCodeFolding ALIGN=4
 0005:0006F8C4 00001368 C=PDATA    S=.pdata   G=(none)   M=SynEditMiscClasses ALIGN=4
 0005:00070C2C 00000018 C=PDATA    S=.pdata   G=(none)   M=SynEditStrConst ALIGN=4
 0005:00070C44 0000057C C=PDATA    S=.pdata   G=(none)   M=SynEditHighlighter ALIGN=4
 0005:000711C0 00000618 C=PDATA    S=.pdata   G=(none)   M=System.RegularExpressionsAPI ALIGN=4
 0005:000717D8 00000018 C=PDATA    S=.pdata   G=(none)   M=System.RegularExpressionsConsts ALIGN=4
 0005:000717F0 00000348 C=PDATA    S=.pdata   G=(none)   M=System.RegularExpressionsCore ALIGN=4
 0005:00071B38 000004A4 C=PDATA    S=.pdata   G=(none)   M=System.RegularExpressions ALIGN=4
 0005:00071FDC 00000360 C=PDATA    S=.pdata   G=(none)   M=SynHighlighterMulti ALIGN=4
 0005:0007233C 00000138 C=PDATA    S=.pdata   G=(none)   M=SynEditMiscProcs ALIGN=4
 0005:00072474 00002FC4 C=PDATA    S=.pdata   G=(none)   M=System.Threading ALIGN=4
 0005:00075438 000002C4 C=PDATA    S=.pdata   G=(none)   M=SynEditTextBuffer ALIGN=4
 0005:000756FC 00000060 C=PDATA    S=.pdata   G=(none)   M=SynUnicode ALIGN=4
 0005:0007575C 000001C8 C=PDATA    S=.pdata   G=(none)   M=SynEditKeyCmds ALIGN=4
 0005:00075924 000001B0 C=PDATA    S=.pdata   G=(none)   M=SynEditKbdHandler ALIGN=4
 0005:00075AD4 00000108 C=PDATA    S=.pdata   G=(none)   M=SynEditScrollBars ALIGN=4
 0005:00075BDC 000005C4 C=PDATA    S=.pdata   G=(none)   M=SynEditUndo ALIGN=4
 0005:000761A0 00000150 C=PDATA    S=.pdata   G=(none)   M=SynEditWordWrap ALIGN=4
 0005:000762F0 00000234 C=PDATA    S=.pdata   G=(none)   M=SynEditExport ALIGN=4
 0005:00076524 000006FC C=PDATA    S=.pdata   G=(none)   M=SynExportHTML ALIGN=4
 0005:00076C20 00000600 C=PDATA    S=.pdata   G=(none)   M=SynEditDataObject ALIGN=4
 0005:00077220 00000114 C=PDATA    S=.pdata   G=(none)   M=SynEditDragDrop ALIGN=4
 0005:00077334 000019F8 C=PDATA    S=.pdata   G=(none)   M=SynEdit  ALIGN=4
 0005:00078D2C 000001EC C=PDATA    S=.pdata   G=(none)   M=SynHighlighterJSON ALIGN=4
 0005:00078F18 00000594 C=PDATA    S=.pdata   G=(none)   M=SynHighlighterPas ALIGN=4
 0005:000794AC 00000018 C=PDATA    S=.pdata   G=(none)   M=Winapi.oleacc ALIGN=4
 0005:000794C4 00000120 C=PDATA    S=.pdata   G=(none)   M=VirtualTrees.Utils ALIGN=4
 0005:000795E4 0000009C C=PDATA    S=.pdata   G=(none)   M=VirtualTrees.Colors ALIGN=4
 0005:00079680 00000018 C=PDATA    S=.pdata   G=(none)   M=Winapi.MMSystem ALIGN=4
 0005:00079698 00000018 C=PDATA    S=.pdata   G=(none)   M=System.Win.StdVCL ALIGN=4
 0005:000796B0 000001D4 C=PDATA    S=.pdata   G=(none)   M=Vcl.AxCtrls ALIGN=4
 0005:00079884 000000F0 C=PDATA    S=.pdata   G=(none)   M=VirtualTrees.WorkerThread ALIGN=4
 0005:00079974 000000C0 C=PDATA    S=.pdata   G=(none)   M=VirtualTrees.ClipBoard ALIGN=4
 0005:00079A34 0000228C C=PDATA    S=.pdata   G=(none)   M=VirtualTrees.BaseTree ALIGN=4
 0005:0007BCC0 0000015C C=PDATA    S=.pdata   G=(none)   M=VirtualTrees.DataObject ALIGN=4
 0005:0007BE1C 00000120 C=PDATA    S=.pdata   G=(none)   M=VirtualTrees.DragnDrop ALIGN=4
 0005:0007BF3C 00000060 C=PDATA    S=.pdata   G=(none)   M=VirtualTrees.DragImage ALIGN=4
 0005:0007BF9C 0000009C C=PDATA    S=.pdata   G=(none)   M=VirtualTrees.HeaderPopup ALIGN=4
 0005:0007C038 00000F3C C=PDATA    S=.pdata   G=(none)   M=VirtualTrees.Header ALIGN=4
 0005:0007CF74 00000084 C=PDATA    S=.pdata   G=(none)   M=VirtualTrees.StyleHooks ALIGN=4
 0005:0007CFF8 000001EC C=PDATA    S=.pdata   G=(none)   M=VirtualTrees.Types ALIGN=4
 0005:0007D1E4 00000084 C=PDATA    S=.pdata   G=(none)   M=VirtualTrees.AccessibilityFactory ALIGN=4
 0005:0007D268 00000174 C=PDATA    S=.pdata   G=(none)   M=VirtualTrees.BaseAncestorVCL ALIGN=4
 0005:0007D3DC 000000B4 C=PDATA    S=.pdata   G=(none)   M=VirtualTrees.AncestorVCL ALIGN=4
 0005:0007D490 00000078 C=PDATA    S=.pdata   G=(none)   M=VirtualTrees.Classes ALIGN=4
 0005:0007D508 000005D0 C=PDATA    S=.pdata   G=(none)   M=VirtualTrees.Export ALIGN=4
 0005:0007DAD8 00000288 C=PDATA    S=.pdata   G=(none)   M=VirtualTrees.EditLink ALIGN=4
 0005:0007DD60 00000474 C=PDATA    S=.pdata   G=(none)   M=VirtualTrees ALIGN=4
 0005:0007E1D4 00000018 C=PDATA    S=.pdata   G=(none)   M=FireDAC.Stan.Consts ALIGN=4
 0005:0007E1EC 00000018 C=PDATA    S=.pdata   G=(none)   M=FireDAC.Stan.ResStrs ALIGN=4
 0005:0007E204 000002F4 C=PDATA    S=.pdata   G=(none)   M=FireDAC.Stan.Error ALIGN=4
 0005:0007E4F8 00000534 C=PDATA    S=.pdata   G=(none)   M=FireDAC.Stan.Util ALIGN=4
 0005:0007EA2C 000003A8 C=PDATA    S=.pdata   G=(none)   M=FireDAC.Stan.Intf ALIGN=4
 0005:0007EDD4 000002DC C=PDATA    S=.pdata   G=(none)   M=FireDAC.Stan.SQLTimeInt ALIGN=4
 0005:0007F0B0 00001278 C=PDATA    S=.pdata   G=(none)   M=FireDAC.Stan.Param ALIGN=4
 0005:00080328 00003A74 C=PDATA    S=.pdata   G=(none)   M=FireDAC.DatS ALIGN=4
 0005:00083D9C 0000003C C=PDATA    S=.pdata   G=(none)   M=FireDAC.UI.Intf ALIGN=4
 0005:00083DD8 00000060 C=PDATA    S=.pdata   G=(none)   M=FireDAC.Phys.Intf ALIGN=4
 0005:00083E38 0000012C C=PDATA    S=.pdata   G=(none)   M=FireDAC.DApt.Column ALIGN=4
 0005:00083F64 00000030 C=PDATA    S=.pdata   G=(none)   M=FireDAC.DApt.Intf ALIGN=4
 0005:00083F94 000001F8 C=PDATA    S=.pdata   G=(none)   M=FireDAC.Stan.Factory ALIGN=4
 0005:0008418C 000017AC C=PDATA    S=.pdata   G=(none)   M=FireDAC.Stan.Option ALIGN=4
 0005:00085938 00002520 C=PDATA    S=.pdata   G=(none)   M=FireDAC.Comp.DataSet ALIGN=4
 0005:00087E58 00000324 C=PDATA    S=.pdata   G=(none)   M=FireDAC.Comp.UI ALIGN=4
 0005:0008817C 00000684 C=PDATA    S=.pdata   G=(none)   M=FireDAC.Stan.Expr ALIGN=4
 0005:00088800 00000258 C=PDATA    S=.pdata   G=(none)   M=FireDAC.Phys.SQLPreprocessor ALIGN=4
 0005:00088A58 0000333C C=PDATA    S=.pdata   G=(none)   M=FireDAC.Comp.Client ALIGN=4
 0005:0008BD94 00000018 C=PDATA    S=.pdata   G=(none)   M=i_MetadataViewer ALIGN=4
 0005:0008BDAC 00000018 C=PDATA    S=.pdata   G=(none)   M=i_PackageDataset ALIGN=4
 0005:0008BDC4 00000018 C=PDATA    S=.pdata   G=(none)   M=u_SBOMInterfaces ALIGN=4
 0005:0008BDDC 00000018 C=PDATA    S=.pdata   G=(none)   M=System.JSONConsts ALIGN=4
 0005:0008BDF4 00001BFC C=PDATA    S=.pdata   G=(none)   M=System.JSON ALIGN=4
 0005:0008D9F0 00000078 C=PDATA    S=.pdata   G=(none)   M=u_Logger ALIGN=4
 0005:0008DA68 000002AC C=PDATA    S=.pdata   G=(none)   M=u_SBOMClasses ALIGN=4
 0005:0008DD14 000002B8 C=PDATA    S=.pdata   G=(none)   M=u_PackageMetadataRepository ALIGN=4
 0005:0008DFCC 00000138 C=PDATA    S=.pdata   G=(none)   M=u_SPDXLicenses ALIGN=4
 0005:0008E104 0000003C C=PDATA    S=.pdata   G=(none)   M=u_DataSetUtils ALIGN=4
 0005:0008E140 00000030 C=PDATA    S=.pdata   G=(none)   M=u_FileFinders ALIGN=4
 0005:0008E170 00000180 C=PDATA    S=.pdata   G=(none)   M=d_Metadata ALIGN=4
 0005:0008E2F0 000002D0 C=PDATA    S=.pdata   G=(none)   M=u_DelphiVersionDetector_2 ALIGN=4
 0005:0008E5C0 00000168 C=PDATA    S=.pdata   G=(none)   M=u_RegistryHelper ALIGN=4
 0005:0008E728 00000018 C=PDATA    S=.pdata   G=(none)   M=i_SBOMComponentDetection ALIGN=4
 0005:0008E740 00000198 C=PDATA    S=.pdata   G=(none)   M=u_SBOMValidation ALIGN=4
 0005:0008E8D8 00000084 C=PDATA    S=.pdata   G=(none)   M=f_ValidationResults ALIGN=4
 0005:0008E95C 00000018 C=PDATA    S=.pdata   G=(none)   M=Xml.XMLConst ALIGN=4
 0005:0008E974 00000018 C=PDATA    S=.pdata   G=(none)   M=Winapi.msxml ALIGN=4
 0005:0008E98C 00000F0C C=PDATA    S=.pdata   G=(none)   M=Xml.Win.msxmldom ALIGN=4
 0005:0008F898 0000021C C=PDATA    S=.pdata   G=(none)   M=Xml.xmldom ALIGN=4
 0005:0008FAB4 00000018 C=PDATA    S=.pdata   G=(none)   M=Xml.XMLIntf ALIGN=4
 0005:0008FACC 00000018 C=PDATA    S=.pdata   G=(none)   M=Xml.XMLSchemaTags ALIGN=4
 0005:0008FAE4 00000024 C=PDATA    S=.pdata   G=(none)   M=Xml.XMLSchema ALIGN=4
 0005:0008FB08 00000048 C=PDATA    S=.pdata   G=(none)   M=Xml.xmlutil ALIGN=4
 0005:0008FB50 00001158 C=PDATA    S=.pdata   G=(none)   M=Xml.XMLDoc ALIGN=4
 0005:00090CA8 000003D8 C=PDATA    S=.pdata   G=(none)   M=u_DelphiEnvironment ALIGN=4
 0005:00091080 000000B4 C=PDATA    S=.pdata   G=(none)   M=u_MapModules ALIGN=4
 0005:00091134 00000204 C=PDATA    S=.pdata   G=(none)   M=u_PackageEditor ALIGN=4
 0005:00091338 00000144 C=PDATA    S=.pdata   G=(none)   M=u_PackageResolver ALIGN=4
 0005:0009147C 0000027C C=PDATA    S=.pdata   G=(none)   M=u_SBOMProject ALIGN=4
 0005:000916F8 00000174 C=PDATA    S=.pdata   G=(none)   M=u_UserProfile ALIGN=4
 0005:0009186C 00000018 C=PDATA    S=.pdata   G=(none)   M=Vcl.FileCtrl ALIGN=4
 0005:00091884 0000030C C=PDATA    S=.pdata   G=(none)   M=Vcl.CheckLst ALIGN=4
 0005:00091B90 00000084 C=PDATA    S=.pdata   G=(none)   M=f_DeleteProject ALIGN=4
 0005:00091C14 00000018 C=PDATA    S=.pdata   G=(none)   M=System.WideStrings ALIGN=4
 0005:00091C2C 000002DC C=PDATA    S=.pdata   G=(none)   M=HtmlGlobals ALIGN=4
 0005:00091F08 00000018 C=PDATA    S=.pdata   G=(none)   M=BuffConvArrays ALIGN=4
 0005:00091F20 00000324 C=PDATA    S=.pdata   G=(none)   M=BuffConv ALIGN=4
 0005:00092244 000003E4 C=PDATA    S=.pdata   G=(none)   M=HtmlBuffer ALIGN=4
 0005:00092628 000002DC C=PDATA    S=.pdata   G=(none)   M=HtmlGif1 ALIGN=4
 0005:00092904 00000108 C=PDATA    S=.pdata   G=(none)   M=HTMLGif2 ALIGN=4
 0005:00092A0C 00000018 C=PDATA    S=.pdata   G=(none)   M=Vcl.Imaging.JConsts ALIGN=4
 0005:00092A24 00000F48 C=PDATA    S=.pdata   G=(none)   M=Vcl.Imaging.jpeg ALIGN=4
 0005:0009396C 00000210 C=PDATA    S=.pdata   G=(none)   M=URLSubs  ALIGN=4
 0005:00093B7C 000000CC C=PDATA    S=.pdata   G=(none)   M=HtmlCaches ALIGN=4
 0005:00093C48 00000108 C=PDATA    S=.pdata   G=(none)   M=StyleTypes ALIGN=4
 0005:00093D50 0000036C C=PDATA    S=.pdata   G=(none)   M=DitherUnit ALIGN=4
 0005:000940BC 00000AF8 C=PDATA    S=.pdata   G=(none)   M=HtmlImages ALIGN=4
 0005:00094BB4 000000A8 C=PDATA    S=.pdata   G=(none)   M=HtmlSymb ALIGN=4
 0005:00094C5C 000005E8 C=PDATA    S=.pdata   G=(none)   M=HtmlFonts ALIGN=4
 0005:00095244 00000048 C=PDATA    S=.pdata   G=(none)   M=HSLUtils ALIGN=4
 0005:0009528C 00000E58 C=PDATA    S=.pdata   G=(none)   M=StyleUn  ALIGN=4
 0005:000960E4 00000414 C=PDATA    S=.pdata   G=(none)   M=StylePars ALIGN=4
 0005:000964F8 00001CEC C=PDATA    S=.pdata   G=(none)   M=HTMLUn2  ALIGN=4
 0005:000981E4 00000180 C=PDATA    S=.pdata   G=(none)   M=HtmlPrinter ALIGN=4
 0005:00098364 00000030 C=PDATA    S=.pdata   G=(none)   M=MetaFilePrinter ALIGN=4
 0005:00098394 00000150 C=PDATA    S=.pdata   G=(none)   M=UrlConn  ALIGN=4
 0005:000984E4 00000660 C=PDATA    S=.pdata   G=(none)   M=vwPrint  ALIGN=4
 0005:00098B44 000002F4 C=PDATA    S=.pdata   G=(none)   M=System.NetEncoding ALIGN=4
 0005:00098E38 000061C8 C=PDATA    S=.pdata   G=(none)   M=HTMLSubs ALIGN=4
 0005:0009F000 00000720 C=PDATA    S=.pdata   G=(none)   M=Htmlsbs1 ALIGN=4
 0005:0009F720 00000018 C=PDATA    S=.pdata   G=(none)   M=FramView ALIGN=4
 0005:0009F738 0000099C C=PDATA    S=.pdata   G=(none)   M=ReadHTML ALIGN=4
 0005:000A00D4 000014DC C=PDATA    S=.pdata   G=(none)   M=HtmlView ALIGN=4
 0005:000A15B0 000000B4 C=PDATA    S=.pdata   G=(none)   M=MarkdownTables ALIGN=4
 0005:000A1664 0000003C C=PDATA    S=.pdata   G=(none)   M=MarkdownMathCode ALIGN=4
 0005:000A16A0 000007D4 C=PDATA    S=.pdata   G=(none)   M=MarkdownUtils ALIGN=4
 0005:000A1E74 000000E4 C=PDATA    S=.pdata   G=(none)   M=MarkdownDaringFireball ALIGN=4
 0005:000A1F58 00000054 C=PDATA    S=.pdata   G=(none)   M=MarkdownCommonMark ALIGN=4
 0005:000A1FAC 00000054 C=PDATA    S=.pdata   G=(none)   M=MarkdownTxtMark ALIGN=4
 0005:000A2000 00000048 C=PDATA    S=.pdata   G=(none)   M=MarkdownProcessor ALIGN=4
 0005:000A2048 00000018 C=PDATA    S=.pdata   G=(none)   M=Winapi.DirectDraw ALIGN=4
 0005:000A2060 000000D8 C=PDATA    S=.pdata   G=(none)   M=Winapi.GDIPAPI ALIGN=4
 0005:000A2138 0000273C C=PDATA    S=.pdata   G=(none)   M=Winapi.GDIPOBJ ALIGN=4
 0005:000A4874 00000450 C=PDATA    S=.pdata   G=(none)   M=MarkDownViewerComponents ALIGN=4
 0005:000A4CC4 00000048 C=PDATA    S=.pdata   G=(none)   M=f_HelpViewer ALIGN=4
 0005:000A4D0C 000000D8 C=PDATA    S=.pdata   G=(none)   M=Img32.Resamplers ALIGN=4
 0005:000A4DE4 0000021C C=PDATA    S=.pdata   G=(none)   M=Img32.Transform ALIGN=4
 0005:000A5000 000006D8 C=PDATA    S=.pdata   G=(none)   M=Img32.Vector ALIGN=4
 0005:000A56D8 00000240 C=PDATA    S=.pdata   G=(none)   M=Img32.Fmt.BMP ALIGN=4
 0005:000A5918 000012F0 C=PDATA    S=.pdata   G=(none)   M=Img32    ALIGN=4
 0005:000A6C08 000003F0 C=PDATA    S=.pdata   G=(none)   M=Img32.Draw ALIGN=4
 0005:000A6FF8 00000780 C=PDATA    S=.pdata   G=(none)   M=Img32.TextChunks ALIGN=4
 0005:000A7778 00001254 C=PDATA    S=.pdata   G=(none)   M=Img32.Text ALIGN=4
 0005:000A89CC 00001014 C=PDATA    S=.pdata   G=(none)   M=Img32.SVG.Core ALIGN=4
 0005:000A99E0 00000714 C=PDATA    S=.pdata   G=(none)   M=Img32.SVG.Path ALIGN=4
 0005:000AA0F4 000000A8 C=PDATA    S=.pdata   G=(none)   M=Img32.Extra ALIGN=4
 0005:000AA19C 00000018 C=PDATA    S=.pdata   G=(none)   M=Clipper.Core ALIGN=4
 0005:000AA1B4 00000018 C=PDATA    S=.pdata   G=(none)   M=Clipper.Engine ALIGN=4
 0005:000AA1CC 00000018 C=PDATA    S=.pdata   G=(none)   M=Clipper.Offset ALIGN=4
 0005:000AA1E4 00000018 C=PDATA    S=.pdata   G=(none)   M=Clipper.RectClip ALIGN=4
 0005:000AA1FC 00000018 C=PDATA    S=.pdata   G=(none)   M=Clipper.Minkowski ALIGN=4
 0005:000AA214 00000018 C=PDATA    S=.pdata   G=(none)   M=Clipper  ALIGN=4
 0005:000AA22C 00000018 C=PDATA    S=.pdata   G=(none)   M=Img32.Clipper2 ALIGN=4
 0005:000AA244 000013D4 C=PDATA    S=.pdata   G=(none)   M=Img32.SVG.Reader ALIGN=4
 0005:000AB618 000001B0 C=PDATA    S=.pdata   G=(none)   M=Image32SVGFactory ALIGN=4
 0005:000AB7C8 0000003C C=PDATA    S=.pdata   G=(none)   M=SVGInterfaces ALIGN=4
 0005:000AB804 00000294 C=PDATA    S=.pdata   G=(none)   M=SVGIconImageCollection ALIGN=4
 0005:000ABA98 00000018 C=PDATA    S=.pdata   G=(none)   M=SVGIconVirtualImageList ALIGN=4
 0005:000ABAB0 0000015C C=PDATA    S=.pdata   G=(none)   M=SVGIconImageList ALIGN=4
 0005:000ABC0C 00000018 C=PDATA    S=.pdata   G=(none)   M=SVGIconUtils ALIGN=4
 0005:000ABC24 00000210 C=PDATA    S=.pdata   G=(none)   M=SVGIconItems ALIGN=4
 0005:000ABE34 00000288 C=PDATA    S=.pdata   G=(none)   M=SVGIconImageListBase ALIGN=4
 0005:000AC0BC 000000A8 C=PDATA    S=.pdata   G=(none)   M=f_SelectPaths ALIGN=4
 0005:000AC164 00000168 C=PDATA    S=.pdata   G=(none)   M=u_MetadataEditController ALIGN=4
 0005:000AC2CC 000001B0 C=PDATA    S=.pdata   G=(none)   M=u_MetadataEditor ALIGN=4
 0005:000AC47C 000001D4 C=PDATA    S=.pdata   G=(none)   M=u_MetadataViewer ALIGN=4
 0005:000AC650 00000174 C=PDATA    S=.pdata   G=(none)   M=u_ModuleAdapter ALIGN=4
 0005:000AC7C4 000001C8 C=PDATA    S=.pdata   G=(none)   M=u_PackagesGridAdapter ALIGN=4
 0005:000AC98C 00000054 C=PDATA    S=.pdata   G=(none)   M=u_EnvironmentHelper ALIGN=4
 0005:000AC9E0 00000018 C=PDATA    S=.pdata   G=(none)   M=flcStdTypes ALIGN=4
 0005:000AC9F8 00000018 C=PDATA    S=.pdata   G=(none)   M=flcSysUtils ALIGN=4
 0005:000ACA10 000000A8 C=PDATA    S=.pdata   G=(none)   M=flcHash  ALIGN=4
 0005:000ACAB8 00000690 C=PDATA    S=.pdata   G=(none)   M=u_SBOMComponentDetectionImpl ALIGN=4
 0005:000AD148 00000024 C=PDATA    S=.pdata   G=(none)   M=u_ServiceRegistration ALIGN=4
 0005:000AD16C 0000057C C=PDATA    S=.pdata   G=(none)   M=f_Main   ALIGN=4
 0005:000AD6E8 00000018 C=PDATA    S=.pdata   G=(none)   M=u_EnumUtils ALIGN=4
 0005:000AD700 00000018 C=PDATA    S=.pdata   G=(none)   M=u_TextTools ALIGN=4
 0005:000AD718 00000024 C=PDATA    S=.pdata   G=(none)   M=SBOMgen  ALIGN=4

Bound resource files

c:\program files (x86)\embarcadero\studio\37.0\lib\Win64\release\Controls.res
c:\program files (x86)\embarcadero\studio\37.0\lib\Win64\release\Dialogs.res
c:\program files (x86)\embarcadero\studio\37.0\lib\Win64\release\CategoryButtons.res
c:\program files (x86)\embarcadero\studio\37.0\lib\Win64\release\Buttons.res
C:\Users\Public\Documents\Embarcadero\Studio\37.0\CatalogRepository\BonusKSVC\8.0.2\Source\RzCommon.res
c:\program files (x86)\embarcadero\studio\37.0\lib\Win64\release\ExtDlgs.res
C:\Users\Public\Documents\Embarcadero\Studio\37.0\CatalogRepository\BonusKSVC\8.0.2\Source\RzCmboBx.res
C:\Users\Public\Documents\Embarcadero\Studio\37.0\CatalogRepository\BonusKSVC\8.0.2\Source\RzToolbarForm.dfm
C:\Users\Public\Documents\Embarcadero\Studio\37.0\CatalogRepository\BonusKSVC\8.0.2\Source\RzShellFolderForm.dfm
C:\Users\Public\Documents\Embarcadero\Studio\37.0\CatalogRepository\BonusKSVC\8.0.2\Source\RzSplit.res
C:\Users\Public\Documents\Embarcadero\Studio\37.0\CatalogRepository\BonusKSVC\8.0.2\Source\RzShellOpenForm.dfm
c:\program files (x86)\embarcadero\studio\37.0\lib\Win64\release\Vcl.DBLogDlg.dfm
c:\program files (x86)\embarcadero\studio\37.0\lib\Win64\release\Vcl.DBPWDlg.dfm
c:\program files (x86)\embarcadero\studio\37.0\lib\Win64\release\DBCtrls.res
c:\program files (x86)\embarcadero\studio\37.0\lib\Win64\release\DBGrids.res
C:\Users\wmeyer\Documents\Embarcadero\Studio\37.0\CatalogRepository\SynEdit-13\2025.03\source\SynEdit.res
package-metadata-defaults.res
d_Metadata.dfm
f_ValidationResults.dfm
c:\program files (x86)\embarcadero\studio\37.0\lib\Win64\release\FileCtrl.res
f_DeleteProject.dfm
C:\DComps\Ethea\MarkdownHelpViewer-main\Ext\HTMLViewer\Source\Html32.res
f_HelpViewer.dfm
f_SelectPaths.dfm
f_Main.dfm
SBOMgen.res
SBOMgen.drf


Program entry point at 0001:0000000140D36DC0
